 expr

 Timestamp is 48752c66 (Wed Jul 09 17:23:50 2008)

 Preferred load address is 6c880000

 Start         Length     Name                   Class
 0001:00000000 00038bbaH .text                   CODE
 0002:00000000 00000170H .idata$5                DATA
 0002:00000170 00000004H .CRT$XCA                DATA
 0002:00000174 00000004H .CRT$XCZ                DATA
 0002:00000178 00000004H .CRT$XIA                DATA
 0002:0000017c 00000004H .CRT$XIAA               DATA
 0002:00000180 00000004H .CRT$XIC                DATA
 0002:00000184 00000004H .CRT$XIZ                DATA
 0002:00000188 00001db0H .rdata                  DATA
 0002:00001f40 00000004H .rdata$sxdata           DATA
 0002:00001f44 00000004H .rtc$IAA                DATA
 0002:00001f48 00000004H .rtc$IZZ                DATA
 0002:00001f4c 00000004H .rtc$TAA                DATA
 0002:00001f50 00000004H .rtc$TZZ                DATA
 0002:00001f58 00000084H .xdata$x                DATA
 0002:00001fdc 0000003cH .idata$2                DATA
 0002:00002018 00000014H .idata$3                DATA
 0002:0000202c 00000170H .idata$4                DATA
 0002:0000219c 000004baH .idata$6                DATA
 0002:00002660 00000e24H .edata                  DATA
 0003:00000000 000039e8H .data                   DATA
 0003:00003a00 00004620H .bss                    DATA

  Address         Publics by Value              Rva+Base       Lib:Object

 0000:00000000       __except_list              00000000     <absolute>
 0000:00000001       ___safe_se_handler_count   00000001     <absolute>
 0000:00009876       __fltused                  00009876     <absolute>
 0000:00009876       __ldused                   00009876     <absolute>
 0000:00000000       ___ImageBase               6c880000     <linker-defined>
 0001:00000000       _sfwrite                   6c881000 f   libexpr:sfwrite.o
 0001:00000610       _sfwr                      6c881610 f   libexpr:sfwr.o
 0001:00000ec0       _sfvscanf                  6c881ec0 f   libexpr:sfvscanf.o
 0001:00004190       _sfvprintf                 6c885190 f   libexpr:sfvprintf.o
 0001:000095c0       _sfungetc                  6c88a5c0 f   libexpr:sfungetc.o
 0001:00009950       __sfgetpath                6c88a950 f   libexpr:sftmp.o
 0001:0000a170       _sftmp                     6c88b170 f   libexpr:sftmp.o
 0001:0000a1e0       _sftell                    6c88b1e0 f   libexpr:sftell.o
 0001:0000b730       _sfsync                    6c88c730 f   libexpr:sfsync.o
 0001:0000be60       _sfswap                    6c88ce60 f   libexpr:sfswap.o
 0001:0000c600       __sfstrtod                 6c88d600 f   libexpr:sfstrtod.o
 0001:0000c970       _sfstack                   6c88d970 f   libexpr:sfstack.o
 0001:0000cdb0       _sfsk                      6c88ddb0 f   libexpr:sfsk.o
 0001:0000d120       _sfsize                    6c88e120 f   libexpr:sfsize.o
 0001:0000d6c0       _sfsetfd                   6c88e6c0 f   libexpr:sfsetfd.o
 0001:0000dc50       _sfsetbuf                  6c88ec50 f   libexpr:sfsetbuf.o
 0001:0000e7b0       _sfset                     6c88f7b0 f   libexpr:sfset.o
 0001:0000ea60       _sfseek                    6c88fa60 f   libexpr:sfseek.o
 0001:0000f9a0       _sfscanf                   6c8909a0 f   libexpr:sfscanf.o
 0001:0000f9f0       _sfvsscanf                 6c8909f0 f   libexpr:sfscanf.o
 0001:0000fb30       _sfsscanf                  6c890b30 f   libexpr:sfscanf.o
 0001:0000fb80       _sfresize                  6c890b80 f   libexpr:sfresize.o
 0001:0000fed0       _sfreserve                 6c890ed0 f   libexpr:sfreserve.o
 0001:000104b0       _sfread                    6c8914b0 f   libexpr:sfread.o
 0001:000109c0       _sfrd                      6c8919c0 f   libexpr:sfrd.o
 0001:00011290       _sfraise                   6c892290 f   libexpr:sfraise.o
 0001:00011590       __sfputu                   6c892590 f   libexpr:sfputu.o
 0001:000118d0       _sfputr                    6c8928d0 f   libexpr:sfputr.o
 0001:00011cd0       __sfputm                   6c892cd0 f   libexpr:sfputm.o
 0001:00012030       __sfputl                   6c893030 f   libexpr:sfputl.o
 0001:000123c0       __sfputd                   6c8933c0 f   libexpr:sfputd.o
 0001:000128d0       _sfpurge                   6c8938d0 f   libexpr:sfpurge.o
 0001:00012c60       _sfprints                  6c893c60 f   libexpr:sfprints.o
 0001:00012d60       _sfprintf                  6c893d60 f   libexpr:sfprintf.o
 0001:00012da0       _sfvsprintf                6c893da0 f   libexpr:sfprintf.o
 0001:00012ef0       _sfsprintf                 6c893ef0 f   libexpr:sfprintf.o
 0001:00012f30       _sfpool                    6c893f30 f   libexpr:sfpool.o
 0001:00013c10       _sfpoll                    6c894c10 f   libexpr:sfpoll.o
 0001:00013f70       _sfpkrd                    6c894f70 f   libexpr:sfpkrd.o
 0001:00014210       _sfopen                    6c895210 f   libexpr:sfopen.o
 0001:00014330       __sftype                   6c895330 f   libexpr:sfopen.o
 0001:00014560       _sfnputc                   6c895560 f   libexpr:sfnputc.o
 0001:000148c0       _sfnotify                  6c8958c0 f   libexpr:sfnotify.o
 0001:000148d0       _sfnew                     6c8958d0 f   libexpr:sfnew.o
 0001:00014ef0       _sfmutex                   6c895ef0 f   libexpr:sfmutex.o
 0001:00014f00       _sfmove                    6c895f00 f   libexpr:sfmove.o
 0001:00015cd0       __sfsetpool                6c896cd0 f   libexpr:sfmode.o
 0001:000160b0       __sfrsrv                   6c8970b0 f   libexpr:sfmode.o
 0001:00016190       __sfpopen                  6c897190 f   libexpr:sfmode.o
 0001:00016240       __sfpclose                 6c897240 f   libexpr:sfmode.o
 0001:000162f0       __sfmode                   6c8972f0 f   libexpr:sfmode.o
 0001:00016e10       __sfllen                   6c897e10 f   libexpr:sfllen.o
 0001:00016f00       _sfgetu                    6c897f00 f   libexpr:sfgetu.o
 0001:00017110       _sfgetr                    6c898110 f   libexpr:sfgetr.o
 0001:000176a0       _sfgetm                    6c8986a0 f   libexpr:sfgetm.o
 0001:000178d0       _sfgetl                    6c8988d0 f   libexpr:sfgetl.o
 0001:00017b50       _sfgetd                    6c898b50 f   libexpr:sfgetd.o
 0001:00017e00       __sfflsbuf                 6c898e00 f   libexpr:sfflsbuf.o
 0001:00018370       __sffilbuf                 6c899370 f   libexpr:sffilbuf.o
 0001:00018770       _sffcvt                    6c899770 f   libexpr:sffcvt.o
 0001:000187a0       __sfexcept                 6c8997a0 f   libexpr:sfexcept.o
 0001:00018c90       __sfdlen                   6c899c90 f   libexpr:sfdlen.o
 0001:00018df0       _sfdisc                    6c899df0 f   libexpr:sfdisc.o
 0001:000196b0       __sfcvt                    6c89a6b0 f   libexpr:sfcvt.o
 0001:0001aa50       _sfclrlock                 6c89ba50 f   libexpr:sfclrlock.o
 0001:0001ab70       _sfclose                   6c89bb70 f   libexpr:sfclose.o
 0001:0001b0f0       _vmwalk                    6c89c0f0 f   libexpr:vmwalk.o
 0001:0001b260       _vmtrace                   6c89c260 f   libexpr:vmtrace.o
 0001:0001b720       _vmtrbusy                  6c89c720 f   libexpr:vmtrace.o
 0001:0001b840       _vmstrdup                  6c89c840 f   libexpr:vmstrdup.o
 0001:0001b8a0       _vmstat                    6c89c8a0 f   libexpr:vmstat.o
 0001:0001bc60       _vmset                     6c89cc60 f   libexpr:vmset.o
 0001:0001bd20       _vmsegment                 6c89cd20 f   libexpr:vmsegment.o
 0001:0001bdc0       _vmregion                  6c89cdc0 f   libexpr:vmregion.o
 0001:0001bdf0       _vmprofile                 6c89cdf0 f   libexpr:vmprofile.o
 0001:0001e460       _vmopen                    6c89f460 f   libexpr:vmopen.o
 0001:0001f6f0       _vmdisc                    6c8a06f0 f   libexpr:vmdisc.o
 0001:00020910       _vmdbcheck                 6c8a1910 f   libexpr:vmdebug.o
 0001:00020ae0       _vmdbwatch                 6c8a1ae0 f   libexpr:vmdebug.o
 0001:00020d90       _vmclose                   6c8a1d90 f   libexpr:vmclose.o
 0001:00020f50       _vmclear                   6c8a1f50 f   libexpr:vmclear.o
 0001:00023360       _strton                    6c8a4360 f   libexpr:strton.o
 0001:000238a0       _sfputd                    6c8a48a0 f i libexpr:strmatch.o
 0001:000238c0       _sfputl                    6c8a48c0 f i libexpr:strmatch.o
 0001:000238e0       _sfputm                    6c8a48e0 f i libexpr:strmatch.o
 0001:000238e0       _sfputu                    6c8a48e0 f i libexpr:strmatch.o
 0001:00023900       _sfputc                    6c8a4900 f i libexpr:strmatch.o
 0001:00023950       _sfgetc                    6c8a4950 f i libexpr:strmatch.o
 0001:000239a0       _sfdlen                    6c8a49a0 f i libexpr:strmatch.o
 0001:000239c0       _sfllen                    6c8a49c0 f i libexpr:strmatch.o
 0001:000239e0       _sfulen                    6c8a49e0 f i libexpr:strmatch.o
 0001:00023a70       _sffileno                  6c8a4a70 f i libexpr:strmatch.o
 0001:00023aa0       _sfeof                     6c8a4aa0 f i libexpr:strmatch.o
 0001:00023ad0       _sferror                   6c8a4ad0 f i libexpr:strmatch.o
 0001:00023b00       _sfclrerr                  6c8a4b00 f i libexpr:strmatch.o
 0001:00023b40       _sfstacked                 6c8a4b40 f i libexpr:strmatch.o
 0001:00023b70       _sfvalue                   6c8a4b70 f i libexpr:strmatch.o
 0001:00023ba0       _strgrpmatch               6c8a4ba0 f   libexpr:strmatch.o
 0001:00024ec0       _strmatch                  6c8a5ec0 f   libexpr:strmatch.o
 0001:00024ee0       _strsubmatch               6c8a5ee0 f   libexpr:strmatch.o
 0001:00024f30       _stresc                    6c8a5f30 f   libexpr:stresc.o
 0001:00024fc0       _strcopy                   6c8a5fc0 f   libexpr:strcopy.o
 0001:00025010       _pathpath                  6c8a6010 f   libexpr:pathpath.o
 0001:000254e0       _pathgetlink               6c8a64e0 f   libexpr:pathgetlink.o
 0001:000254f0       _pathinclude               6c8a64f0 f   libexpr:pathfind.o
 0001:000255b0       _pathfind                  6c8a65b0 f   libexpr:pathfind.o
 0001:00025800       _pathexists                6c8a6800 f   libexpr:pathexists.o
 0001:00025b10       _pathcat                   6c8a6b10 f   libexpr:pathcat.o
 0001:00025c10       _pathcanon                 6c8a6c10 f   libexpr:pathcanon.o
 0001:00026090       _pathbin                   6c8a7090 f   libexpr:pathbin.o
 0001:000260e0       _pathaccess                6c8a70e0 f   libexpr:pathaccess.o
 0001:00026240       _fmtquote                  6c8a7240 f   libexpr:fmtesc.o
 0001:00026660       _fmtnesq                   6c8a7660 f   libexpr:fmtesc.o
 0001:00026680       _fmtesq                    6c8a7680 f   libexpr:fmtesc.o
 0001:000266b0       _fmtesc                    6c8a76b0 f   libexpr:fmtesc.o
 0001:000266e0       _fmtbuf                    6c8a76e0 f   libexpr:fmtbuf.o
 0001:00026750       _setErrorLine              6c8a7750 f   libexpr:error.o
 0001:00026760       _setErrorFileLine          6c8a7760 f   libexpr:error.o
 0001:00026780       _setErrorId                6c8a7780 f   libexpr:error.o
 0001:00026790       _setErrorErrors            6c8a7790 f   libexpr:error.o
 0001:000267a0       _getErrorErrors            6c8a77a0 f   libexpr:error.o
 0001:000267b0       __err_msgv                 6c8a77b0 f   libexpr:error.o
 0001:000269e0       __err_msg                  6c8a79e0 f   libexpr:error.o
 0001:00026a10       _errorf                    6c8a7a10 f   libexpr:error.o
 0001:00026a60       _chrtoi                    6c8a7a60 f   libexpr:chrtoi.o
 0001:00026af0       _chresc                    6c8a7af0 f   libexpr:chresc.o
 0001:00026df0       _exnewnode                 6c8a7df0 f   libexpr:exparse.o
 0001:00026e70       _exfreenode                6c8a7e70 f   libexpr:exparse.o
 0001:00027170       _extypename                6c8a8170 f   libexpr:exparse.o
 0001:000271d0       _exnoncast                 6c8a81d0 f   libexpr:exparse.o
 0001:00027210       _excast                    6c8a8210 f   libexpr:exparse.o
 0001:000277f0       _call                      6c8a87f0 f   libexpr:exparse.o
 0001:00027af0       _expush                    6c8a8af0 f   libexpr:exparse.o
 0001:00027d50       _expop                     6c8a8d50 f   libexpr:exparse.o
 0001:00027f00       _excomp                    6c8a8f00 f   libexpr:exparse.o
 0001:00027fa0       _exclose                   6c8a8fa0 f   libexpr:exparse.o
 0001:000280f0       _exisAssign                6c8a90f0 f   libexpr:exparse.o
 0001:00028130       _exparse                   6c8a9130 f   libexpr:exparse.o
 0001:0002d230       _exzero                    6c8ae230 f   libexpr:exzero.o
 0001:0002d2b0       _extype                    6c8ae2b0 f   libexpr:extype.o
 0001:0002d300       _extoken_fn                6c8ae300 f   libexpr:extoken.o
 0001:0002d8d0       __extoken_fn_              6c8ae8d0 f   libexpr:extoken.o
 0001:0002f080       _exrewind                  6c8b0080 f   libexpr:exrewind.o
 0001:0002f1d0       _exstatement               6c8b01d0 f   libexpr:exrewind.o
 0001:0002f210       _exopen                    6c8b0210 f   libexpr:exopen.o
 0001:0002f490       _exlexname                 6c8b0490 f   libexpr:exlexname.o
 0001:0002f5b0       _exexpr                    6c8b05b0 f   libexpr:exexpr.o
 0001:0002f670       _exsub                     6c8b0670 f   libexpr:exeval.o
 0001:00035950       _exeval                    6c8b6950 f   libexpr:exeval.o
 0001:00035a40       _strToL                    6c8b6a40 f   libexpr:exeval.o
 0001:00035ac0       _exstring                  6c8b6ac0 f   libexpr:exeval.o
 0001:00035ae0       _exstralloc                6c8b6ae0 f   libexpr:exeval.o
 0001:00035b10       _exstrfree                 6c8b6b10 f   libexpr:exeval.o
 0001:00035b30       _exerror                   6c8b6b30 f   libexpr:exerror.o
 0001:00035c90       _exwarn                    6c8b6c90 f   libexpr:exerror.o
 0001:00035da0       _excontext                 6c8b6da0 f   libexpr:excontext.o
 0001:00035fa0       _exopname                  6c8b6fa0 f   libexpr:excc.o
 0001:000361c0       _exccopen                  6c8b71c0 f   libexpr:excc.o
 0001:00036340       _exccclose                 6c8b7340 f   libexpr:excc.o
 0001:000363b0       _excc                      6c8b73b0 f   libexpr:excc.o
 0001:00037e50       _exdump                    6c8b8e50 f   libexpr:excc.o
 0001:00037f58       _dtclose                   6c8b8f58 f   cdt:cdt.dll
 0001:00037f5e       _dtview                    6c8b8f5e f   cdt:cdt.dll
 0001:00037f64       _dtopen                    6c8b8f64 f   cdt:cdt.dll
 0001:00037f6a       _dtwalk                    6c8b8f6a f   cdt:cdt.dll
 0001:00037fbd       __CRT_INIT@12              6c8b8fbd f   msvcrt:crtdll.obj
 0001:00038272       __DllMainCRTStartup@12     6c8b9272 f   msvcrt:crtdll.obj
 0001:00038294       _memcpy                    6c8b9294 f   msvcrt:MSVCR80.dll
 0001:0003829a       @__security_check_cookie@4 6c8b929a f   msvcrt:secchk.obj
 0001:000382b0       __allrem                   6c8b92b0 f   msvcrt:llrem.obj
 0001:00038362       _free                      6c8b9362 f   msvcrt:MSVCR80.dll
 0001:00038368       _malloc                    6c8b9368 f   msvcrt:MSVCR80.dll
 0001:0003836e       _strlen                    6c8b936e f   msvcrt:MSVCR80.dll
 0001:00038380       __chkstk                   6c8b9380 f   msvcrt:chkstk.obj
 0001:00038380       __alloca_probe             6c8b9380     msvcrt:chkstk.obj
 0001:000383b0       __allmul                   6c8b93b0 f   msvcrt:llmul.obj
 0001:000383f0       __allshl                   6c8b93f0 f   msvcrt:llshl.obj
 0001:00038410       __aullrem                  6c8b9410 f   msvcrt:ullrem.obj
 0001:00038490       __aullshr                  6c8b9490 f   msvcrt:ullshr.obj
 0001:000384b0       __aulldiv                  6c8b94b0 f   msvcrt:ulldiv.obj
 0001:00038518       _strcpy                    6c8b9518 f   msvcrt:MSVCR80.dll
 0001:0003851e       _memset                    6c8b951e f   msvcrt:MSVCR80.dll
 0001:00038530       __ftol2_sse                6c8b9530 f   msvcrt:ftol2.obj
 0001:00038539       __ftol2_pentium4           6c8b9539 f   msvcrt:ftol2.obj
 0001:0003854c       __ftol2_sse_excpt          6c8b954c f   msvcrt:ftol2.obj
 0001:00038566       __ftol2                    6c8b9566 f   msvcrt:ftol2.obj
 0001:000385db       __onexit                   6c8b95db f   msvcrt:atonexit.obj
 0001:0003867a       _atexit                    6c8b967a f   msvcrt:atonexit.obj
 0001:0003868c       _strcmp                    6c8b968c f   msvcrt:MSVCR80.dll
 0001:000386a0       __alldiv                   6c8b96a0 f   msvcrt:lldiv.obj
 0001:0003874a       ___clean_type_info_names   6c8b974a f   msvcrt:tncleanup.obj
 0001:00038756       __RTC_Initialize           6c8b9756 f   msvcrt:initsect.obj
 0001:0003877a       __RTC_Terminate            6c8b977a f   msvcrt:initsect.obj
 0001:000387a0       __ValidateImageBase        6c8b97a0 f   msvcrt:pesect.obj
 0001:000387d0       __FindPESection            6c8b97d0 f   msvcrt:pesect.obj
 0001:00038812       __IsNonwritableInCurrentImage 6c8b9812 f   msvcrt:pesect.obj
 0001:0003887e       __initterm                 6c8b987e f   msvcrt:MSVCR80.dll
 0001:00038884       __initterm_e               6c8b9884 f   msvcrt:MSVCR80.dll
 0001:0003888a       __amsg_exit                6c8b988a f   msvcrt:MSVCR80.dll
 0001:00038890       ___CppXcptFilter           6c8b9890 f   msvcrt:MSVCR80.dll
 0001:00038896       _DllMain@12                6c8b9896 f   msvcrt:dllmain.obj
 0001:000388b8       __SEH_prolog4              6c8b98b8 f   msvcrt:sehprolg4.obj
 0001:000388fd       __SEH_epilog4              6c8b98fd f   msvcrt:sehprolg4.obj
 0001:00038911       __except_handler4          6c8b9911 f   msvcrt:chandler4gs.obj
 0001:00038934       ___security_init_cookie    6c8b9934 f   msvcrt:gs_support.obj
 0001:000389c8       ___report_gsfailure        6c8b99c8 f   msvcrt:gs_report.obj
 0001:00038b1c       __get_sse2_info            6c8b9b1c f   msvcrt:cpu_disp.obj
 0001:00038b7c       ___sse2_available_init     6c8b9b7c f   msvcrt:cpu_disp.obj
 0001:00038b8a       __unlock                   6c8b9b8a f   msvcrt:MSVCR80.dll
 0001:00038b90       ___dllonexit               6c8b9b90 f   msvcrt:MSVCR80.dll
 0001:00038b96       __lock                     6c8b9b96 f   msvcrt:MSVCR80.dll
 0001:00038b9c       ___clean_type_info_names_internal 6c8b9b9c f   msvcrt:MSVCR80.dll
 0001:00038ba2       __except_handler4_common   6c8b9ba2 f   msvcrt:MSVCR80.dll
 0001:00038ba8       __crt_debugger_hook        6c8b9ba8 f   msvcrt:MSVCR80.dll
 0001:00038bae       __access                   6c8b9bae f   msvcrt:MSVCR80.dll
 0001:00038bae       _access                    6c8b9bae f   msvcrt:MSVCR80.dll
 0001:00038bb4       _getcwd                    6c8b9bb4 f   msvcrt:MSVCR80.dll
 0001:00038bb4       __getcwd                   6c8b9bb4 f   msvcrt:MSVCR80.dll
 0002:00000000       __imp__SetUnhandledExceptionFilter@4 6c8ba000     KERNEL32:KERNEL32.dll
 0002:00000004       __imp__UnhandledExceptionFilter@4 6c8ba004     KERNEL32:KERNEL32.dll
 0002:00000008       __imp__GetCurrentProcess@0 6c8ba008     KERNEL32:KERNEL32.dll
 0002:0000000c       __imp__TerminateProcess@8  6c8ba00c     KERNEL32:KERNEL32.dll
 0002:00000010       __imp__GetSystemTimeAsFileTime@4 6c8ba010     KERNEL32:KERNEL32.dll
 0002:00000014       __imp__GetCurrentProcessId@0 6c8ba014     KERNEL32:KERNEL32.dll
 0002:00000018       __imp__GetCurrentThreadId@0 6c8ba018     KERNEL32:KERNEL32.dll
 0002:0000001c       __imp__GetTickCount@0      6c8ba01c     KERNEL32:KERNEL32.dll
 0002:00000020       __imp__QueryPerformanceCounter@4 6c8ba020     KERNEL32:KERNEL32.dll
 0002:00000024       __imp__DisableThreadLibraryCalls@4 6c8ba024     KERNEL32:KERNEL32.dll
 0002:00000028       __imp__InterlockedCompareExchange@12 6c8ba028     KERNEL32:KERNEL32.dll
 0002:0000002c       __imp__Sleep@4             6c8ba02c     KERNEL32:KERNEL32.dll
 0002:00000030       __imp__InterlockedExchange@8 6c8ba030     KERNEL32:KERNEL32.dll
 0002:00000034       __imp__IsDebuggerPresent@0 6c8ba034     KERNEL32:KERNEL32.dll
 0002:00000038       \177KERNEL32_NULL_THUNK_DATA 6c8ba038     KERNEL32:KERNEL32.dll
 0002:0000003c       __imp__isupper             6c8ba03c     msvcrt:MSVCR80.dll
 0002:00000040       __imp__isalpha             6c8ba040     msvcrt:MSVCR80.dll
 0002:00000044       __imp__isalnum             6c8ba044     msvcrt:MSVCR80.dll
 0002:00000048       __imp__localeconv          6c8ba048     msvcrt:MSVCR80.dll
 0002:0000004c       __imp__strcpy              6c8ba04c     msvcrt:MSVCR80.dll
 0002:00000050       __imp__getenv              6c8ba050     msvcrt:MSVCR80.dll
 0002:00000054       __imp___time64             6c8ba054     msvcrt:MSVCR80.dll
 0002:00000058       __imp___fstat64i32         6c8ba058     msvcrt:MSVCR80.dll
 0002:0000005c       __imp___stat64i32          6c8ba05c     msvcrt:MSVCR80.dll
 0002:00000060       __imp__memset              6c8ba060     msvcrt:MSVCR80.dll
 0002:00000064       __imp__realloc             6c8ba064     msvcrt:MSVCR80.dll
 0002:00000068       __imp__ldexp               6c8ba068     msvcrt:MSVCR80.dll
 0002:0000006c       __imp__frexp               6c8ba06c     msvcrt:MSVCR80.dll
 0002:00000070       __imp__strcmp              6c8ba070     msvcrt:MSVCR80.dll
 0002:00000074       __imp__abort               6c8ba074     msvcrt:MSVCR80.dll
 0002:00000078       __imp__ispunct             6c8ba078     msvcrt:MSVCR80.dll
 0002:0000007c       __imp__islower             6c8ba07c     msvcrt:MSVCR80.dll
 0002:00000080       __imp__isprint             6c8ba080     msvcrt:MSVCR80.dll
 0002:00000084       __imp__iscntrl             6c8ba084     msvcrt:MSVCR80.dll
 0002:00000088       __imp__tolower             6c8ba088     msvcrt:MSVCR80.dll
 0002:0000008c       __imp__strncmp             6c8ba08c     msvcrt:MSVCR80.dll
 0002:00000090       __imp___environ            6c8ba090     msvcrt:MSVCR80.dll
 0002:00000094       __imp__strchr              6c8ba094     msvcrt:MSVCR80.dll
 0002:00000098       __imp__strrchr             6c8ba098     msvcrt:MSVCR80.dll
 0002:0000009c       __imp__strncpy             6c8ba09c     msvcrt:MSVCR80.dll
 0002:000000a0       __imp__isspace             6c8ba0a0     msvcrt:MSVCR80.dll
 0002:000000a4       __imp__exit                6c8ba0a4     msvcrt:MSVCR80.dll
 0002:000000a8       __imp__strerror            6c8ba0a8     msvcrt:MSVCR80.dll
 0002:000000ac       __imp__strcoll             6c8ba0ac     msvcrt:MSVCR80.dll
 0002:000000b0       __imp__rand                6c8ba0b0     msvcrt:MSVCR80.dll
 0002:000000b4       __imp__srand               6c8ba0b4     msvcrt:MSVCR80.dll
 0002:000000b8       __imp___getcwd             6c8ba0b8     msvcrt:MSVCR80.dll
 0002:000000bc       __imp__toupper             6c8ba0bc     msvcrt:MSVCR80.dll
 0002:000000c0       __imp___localtime64        6c8ba0c0     msvcrt:MSVCR80.dll
 0002:000000c4       __imp___encode_pointer     6c8ba0c4     msvcrt:MSVCR80.dll
 0002:000000c8       __imp___malloc_crt         6c8ba0c8     msvcrt:MSVCR80.dll
 0002:000000cc       __imp___encoded_null       6c8ba0cc     msvcrt:MSVCR80.dll
 0002:000000d0       __imp___decode_pointer     6c8ba0d0     msvcrt:MSVCR80.dll
 0002:000000d4       __imp___initterm           6c8ba0d4     msvcrt:MSVCR80.dll
 0002:000000d8       __imp___initterm_e         6c8ba0d8     msvcrt:MSVCR80.dll
 0002:000000dc       __imp___amsg_exit          6c8ba0dc     msvcrt:MSVCR80.dll
 0002:000000e0       __imp___adjust_fdiv        6c8ba0e0     msvcrt:MSVCR80.dll
 0002:000000e4       __imp____CppXcptFilter     6c8ba0e4     msvcrt:MSVCR80.dll
 0002:000000e8       __imp___unlock             6c8ba0e8     msvcrt:MSVCR80.dll
 0002:000000ec       __imp____dllonexit         6c8ba0ec     msvcrt:MSVCR80.dll
 0002:000000f0       __imp___lock               6c8ba0f0     msvcrt:MSVCR80.dll
 0002:000000f4       __imp___onexit             6c8ba0f4     msvcrt:MSVCR80.dll
 0002:000000f8       __imp____clean_type_info_names_internal 6c8ba0f8     msvcrt:MSVCR80.dll
 0002:000000fc       __imp___except_handler4_common 6c8ba0fc     msvcrt:MSVCR80.dll
 0002:00000100       __imp___crt_debugger_hook  6c8ba100     msvcrt:MSVCR80.dll
 0002:00000104       __imp__strlen              6c8ba104     msvcrt:MSVCR80.dll
 0002:00000108       __imp__isdigit             6c8ba108     msvcrt:MSVCR80.dll
 0002:0000010c       __imp__malloc              6c8ba10c     msvcrt:MSVCR80.dll
 0002:00000110       __imp__strtod              6c8ba110     msvcrt:MSVCR80.dll
 0002:00000114       __imp__free                6c8ba114     msvcrt:MSVCR80.dll
 0002:00000118       __imp___errno              6c8ba118     msvcrt:MSVCR80.dll
 0002:0000011c       __imp__memcpy              6c8ba11c     msvcrt:MSVCR80.dll
 0002:00000120       __imp__lseek               6c8ba120     msvcrt:MSVCR80.dll
 0002:00000120       __imp___lseek              6c8ba120     msvcrt:MSVCR80.dll
 0002:00000124       __imp__close               6c8ba124     msvcrt:MSVCR80.dll
 0002:00000124       __imp___close              6c8ba124     msvcrt:MSVCR80.dll
 0002:00000128       __imp__dup                 6c8ba128     msvcrt:MSVCR80.dll
 0002:00000128       __imp___dup                6c8ba128     msvcrt:MSVCR80.dll
 0002:0000012c       __imp___isatty             6c8ba12c     msvcrt:MSVCR80.dll
 0002:0000012c       __imp__isatty              6c8ba12c     msvcrt:MSVCR80.dll
 0002:00000130       __imp___access             6c8ba130     msvcrt:MSVCR80.dll
 0002:00000134       __imp__strdup              6c8ba134     msvcrt:MSVCR80.dll
 0002:00000134       __imp___strdup             6c8ba134     msvcrt:MSVCR80.dll
 0002:00000138       __imp__calloc              6c8ba138     msvcrt:MSVCR80.dll
 0002:0000013c       __imp__strftime            6c8ba13c     msvcrt:MSVCR80.dll
 0002:00000140       __imp__read                6c8ba140     msvcrt:MSVCR80.dll
 0002:00000140       __imp___read               6c8ba140     msvcrt:MSVCR80.dll
 0002:00000144       __imp__write               6c8ba144     msvcrt:MSVCR80.dll
 0002:00000144       __imp___write              6c8ba144     msvcrt:MSVCR80.dll
 0002:00000148       __imp__open                6c8ba148     msvcrt:MSVCR80.dll
 0002:00000148       __imp___open               6c8ba148     msvcrt:MSVCR80.dll
 0002:0000014c       __imp___unlink             6c8ba14c     msvcrt:MSVCR80.dll
 0002:0000014c       __imp__unlink              6c8ba14c     msvcrt:MSVCR80.dll
 0002:00000150       \177MSVCR80_NULL_THUNK_DATA 6c8ba150     msvcrt:MSVCR80.dll
 0002:00000154       __imp__dtwalk              6c8ba154     cdt:cdt.dll
 0002:00000158       __imp__Dtset               6c8ba158     cdt:cdt.dll
 0002:0000015c       __imp__dtopen              6c8ba15c     cdt:cdt.dll
 0002:00000160       __imp__dtview              6c8ba160     cdt:cdt.dll
 0002:00000164       __imp__Dtoset              6c8ba164     cdt:cdt.dll
 0002:00000168       __imp__dtclose             6c8ba168     cdt:cdt.dll
 0002:0000016c       \177cdt_NULL_THUNK_DATA    6c8ba16c     cdt:cdt.dll
 0002:00000170       ___xc_a                    6c8ba170     msvcrt:cinitexe.obj
 0002:00000174       ___xc_z                    6c8ba174     msvcrt:cinitexe.obj
 0002:00000178       ___xi_a                    6c8ba178     msvcrt:cinitexe.obj
 0002:00000184       ___xi_z                    6c8ba184     msvcrt:cinitexe.obj
 0002:00000188       __real@3ff0000000000000    6c8ba188     libexpr:sfvprintf.o
 0002:00000190       __real@0000000000000000    6c8ba190     libexpr:sfvprintf.o
 0002:00000198       __real@40c3880000000000    6c8ba198     libexpr:sfstrtod.o
 0002:000001a0       __real@3f1a36e2eb1c432d    6c8ba1a0     libexpr:sfstrtod.o
 0002:000001a8       __real@408f400000000000    6c8ba1a8     libexpr:sfstrtod.o
 0002:000001b0       __real@4059000000000000    6c8ba1b0     libexpr:sfstrtod.o
 0002:000001b8       __real@4024000000000000    6c8ba1b8     libexpr:sfstrtod.o
 0002:000001c0       __real@3fb999999999999a    6c8ba1c0     libexpr:sfstrtod.o
 0002:000001c8       __real@3f847ae147ae147b    6c8ba1c8     libexpr:sfstrtod.o
 0002:000001d0       __real@3f50624dd2f1a9fc    6c8ba1d0     libexpr:sfstrtod.o
 0002:000001d8       __real@7fefffffffffffff    6c8ba1d8     libexpr:sfputd.o
 0002:000001e0       __real@bff0000000000000    6c8ba1e0     libexpr:sfgetd.o
 0002:000001e8       __real@41dfffffffc00000    6c8ba1e8     libexpr:sfcvt.o
 0002:00001ee0       __pRawDllMain              6c8bbee0     msvcrt:crtdll.obj
 0002:00001ee0       __pDefaultRawDllMain       6c8bbee0     msvcrt:crtdll.obj
 0002:00001ef0       __load_config_used         6c8bbef0     msvcrt:loadcfg.obj
 0002:00001f40       ___safe_se_handler_table   6c8bbf40     <linker-defined>
 0002:00001f44       ___rtc_iaa                 6c8bbf44     msvcrt:initsect.obj
 0002:00001f48       ___rtc_izz                 6c8bbf48     msvcrt:initsect.obj
 0002:00001f4c       ___rtc_taa                 6c8bbf4c     msvcrt:initsect.obj
 0002:00001f50       ___rtc_tzz                 6c8bbf50     msvcrt:initsect.obj
 0002:00001fdc       __IMPORT_DESCRIPTOR_cdt    6c8bbfdc     cdt:cdt.dll
 0002:00001ff0       __IMPORT_DESCRIPTOR_MSVCR80 6c8bbff0     msvcrt:MSVCR80.dll
 0002:00002004       __IMPORT_DESCRIPTOR_KERNEL32 6c8bc004     KERNEL32:KERNEL32.dll
 0002:00002018       __NULL_IMPORT_DESCRIPTOR   6c8bc018     cdt:cdt.dll
 0003:000000b0       __Sftable                  6c8be0b0     libexpr:sftable.o
 0003:00000530       __Sfextern                 6c8be530     libexpr:sfextern.o
 0003:00000594       __Sfi                      6c8be594     libexpr:sfextern.o
 0003:00000598       __Sfstdin                  6c8be598     libexpr:sfextern.o
 0003:00000600       __Sfstdout                 6c8be600     libexpr:sfextern.o
 0003:00000668       __Sfstderr                 6c8be668     libexpr:sfextern.o
 0003:000006d0       _sfstdin                   6c8be6d0     libexpr:sfextern.o
 0003:000006d4       _sfstdout                  6c8be6d4     libexpr:sfextern.o
 0003:000006d8       _sfstderr                  6c8be6d8     libexpr:sfextern.o
 0003:000007c8       _Vmprofile                 6c8be7c8     libexpr:vmprofile.o
 0003:000007cc       __Vmextern                 6c8be7cc     libexpr:vmprivate.o
 0003:00000808       _Vmpool                    6c8be808     libexpr:vmpool.o
 0003:0000082c       _Vmlast                    6c8be82c     libexpr:vmlast.o
 0003:00000958       _Vmdebug                   6c8be958     libexpr:vmdebug.o
 0003:00000968       _Vmdcheap                  6c8be968     libexpr:vmdcheap.o
 0003:00000a28       _Vmheap                    6c8bea28     libexpr:vmbest.o
 0003:00000a2c       _Vmregion                  6c8bea2c     libexpr:vmbest.o
 0003:00000a30       _Vmbest                    6c8bea30     libexpr:vmbest.o
 0003:00000a34       _Vmdcsbrk                  6c8bea34     libexpr:vmbest.o
 0003:00002ac8       _exversion                 6c8c0ac8     libexpr:exdata.o
 0003:00002ad0       _exbuiltin                 6c8c0ad0     libexpr:exdata.o
 0003:000039d4       ___security_cookie         6c8c19d4     msvcrt:gs_cookie.obj
 0003:000039d8       ___security_cookie_complement 6c8c19d8     msvcrt:gs_cookie.obj
 0003:000039e0       ___native_dllmain_reason   6c8c19e0     msvcrt:natstart.obj
 0003:000039e4       ___native_vcclrit_reason   6c8c19e4     msvcrt:natstart.obj
 0003:00007c34       ?__type_info_root_node@@3U__type_info_node@@A 6c8c5c34     msvcrt:tncleanup.obj
 0003:00007f64       _traceLex                  6c8c5f64     <common>
 0003:00007f68       _exnerrs                   6c8c5f68     <common>
 0003:00007f6c       _exdebug                   6c8c5f6c     <common>
 0003:00007f80       _expr                      6c8c5f80     <common>
 0003:00007fd4       _exchar                    6c8c5fd4     <common>
 0003:00007fd8       _exlval                    6c8c5fd8     <common>
 0003:00007fe0       __err_info                 6c8c5fe0     <common>
 0003:00007ff8       _opt_info_argv             6c8c5ff8     <common>
 0003:00007ffc       __STUB_malloc              6c8c5ffc     <common>
 0003:00008000       _Vm_atexit_already_defined 6c8c6000     <common>
 0003:00008004       ___sse2_available          6c8c6004     <common>
 0003:00008008       __adjust_fdiv              6c8c6008     <common>
 0003:0000800c       ___native_startup_state    6c8c600c     <common>
 0003:00008010       ___native_startup_lock     6c8c6010     <common>
 0003:00008014       ___onexitend               6c8c6014     <common>
 0003:00008018       ___onexitbegin             6c8c6018     <common>
 0003:0000801c       ___dyn_tls_init_callback   6c8c601c     <common>

 entry point at        0001:00038272

 Static symbols

 0001:00000c20       _sfoutput                  6c881c20 f   libexpr:sfwr.o
 0001:00003fd0       _setclass                  6c884fd0 f   libexpr:sfvscanf.o
 0001:00004100       __sfbuf                    6c885100 f   libexpr:sfvscanf.o
 0001:00009910       __uexcept                  6c88a910 f   libexpr:sfungetc.o
 0001:00009ad0       __tmpexcept                6c88aad0 f   libexpr:sftmp.o
 0001:00009eb0       __tmpfd                    6c88aeb0 f   libexpr:sftmp.o
 0001:0000a110       _time                      6c88b110 f   libexpr:sftmp.o
 0001:0000a130       __rmtmp                    6c88b130 f   libexpr:sftmp.o
 0001:0000a300       _sffmtint                  6c88b300 f   libexpr:sftable.o
 0001:0000a360       _sffmtpos                  6c88b360 f   libexpr:sftable.o
 0001:0000b530       _sfcvinit                  6c88c530 f   libexpr:sftable.o
 0001:0000bc90       __sfall                    6c88cc90 f   libexpr:sfsync.o
 0001:0000c870       _sfpow10                   6c88d870 f   libexpr:sfstrtod.o
 0001:0000d6a0       _fstat                     6c88e6a0 f   libexpr:sfsize.o
 0001:0000dbe0       __sfdup                    6c88ebe0 f   libexpr:sfsetfd.o
 0001:0000e770       _fstat                     6c88f770 f   libexpr:sfsetbuf.o
 0001:0000e790       _stat                      6c88f790 f   libexpr:sfsetbuf.o
 0001:0000f900       _newpos                    6c890900 f   libexpr:sfseek.o
 0001:00011100       __sfwrsync                 6c892100 f   libexpr:sfrd.o
 0001:00013560       _newpool                   6c894560 f   libexpr:sfpool.o
 0001:00013620       __sfpmove                  6c894620 f   libexpr:sfpool.o
 0001:000136d0       __sfphead                  6c8946d0 f   libexpr:sfpool.o
 0001:00013940       __sfpdelete                6c894940 f   libexpr:sfpool.o
 0001:00013bd0       _delpool                   6c894bd0 f   libexpr:sfpool.o
 0001:00015e30       __sfcleanup                6c896e30 f   libexpr:sfmode.o
 0001:00016cb0       __sfpmode                  6c897cb0 f   libexpr:sfmode.o
 0001:00018790       __sfoncef                  6c899790 f   libexpr:sfextern.o
 0001:0001b2a0       _trstrcpy                  6c89c2a0 f   libexpr:vmtrace.o
 0001:0001b2f0       _tritoa                    6c89c2f0 f   libexpr:vmtrace.o
 0001:0001b410       _trtrace                   6c89c410 f   libexpr:vmtrace.o
 0001:0001c3e0       _pfsort                    6c89d3e0 f   libexpr:vmprofile.o
 0001:0001c5a0       _pfsummary                 6c89d5a0 f   libexpr:vmprofile.o
 0001:0001c720       _pfalloc                   6c89d720 f   libexpr:vmprofile.o
 0001:0001c850       _pfsetinfo                 6c89d850 f   libexpr:vmprofile.o
 0001:0001c930       _pfsearch                  6c89d930 f   libexpr:vmprofile.o
 0001:0001cd70       _pfclose                   6c89dd70 f   libexpr:vmprofile.o
 0001:0001ce20       _pffree                    6c89de20 f   libexpr:vmprofile.o
 0001:0001cff0       _pfresize                  6c89dff0 f   libexpr:vmprofile.o
 0001:0001d310       _pfsize                    6c89e310 f   libexpr:vmprofile.o
 0001:0001d360       _pfaddr                    6c89e360 f   libexpr:vmprofile.o
 0001:0001d380       _pfcompact                 6c89e380 f   libexpr:vmprofile.o
 0001:0001d3a0       _pfalign                   6c89e3a0 f   libexpr:vmprofile.o
 0001:0001d4e0       _vmextend                  6c89e4e0 f   libexpr:vmprivate.o
 0001:0001dad0       _vmtruncate                6c89ead0 f   libexpr:vmprivate.o
 0001:0001dca0       _poolalloc                 6c89eca0 f   libexpr:vmpool.o
 0001:0001df10       _pooladdr                  6c89ef10 f   libexpr:vmpool.o
 0001:0001e080       _poolfree                  6c89f080 f   libexpr:vmpool.o
 0001:0001e1c0       _poolresize                6c89f1c0 f   libexpr:vmpool.o
 0001:0001e300       _poolsize                  6c89f300 f   libexpr:vmpool.o
 0001:0001e340       _poolcompact               6c89f340 f   libexpr:vmpool.o
 0001:0001e450       _poolalign                 6c89f450 f   libexpr:vmpool.o
 0001:0001e890       _lastalloc                 6c89f890 f   libexpr:vmlast.o
 0001:0001eac0       _lastfree                  6c89fac0 f   libexpr:vmlast.o
 0001:0001ec20       _lastresize                6c89fc20 f   libexpr:vmlast.o
 0001:0001f290       _lastaddr                  6c8a0290 f   libexpr:vmlast.o
 0001:0001f300       _lastsize                  6c8a0300 f   libexpr:vmlast.o
 0001:0001f380       _lastcompact               6c8a0380 f   libexpr:vmlast.o
 0001:0001f490       _lastalign                 6c8a0490 f   libexpr:vmlast.o
 0001:0001f750       _dbaddr                    6c8a0750 f   libexpr:vmdebug.o
 0001:0001f930       _dbsize                    6c8a0930 f   libexpr:vmdebug.o
 0001:0001fa10       _dballoc                   6c8a0a10 f   libexpr:vmdebug.o
 0001:0001fba0       _dbwarn                    6c8a0ba0 f   libexpr:vmdebug.o
 0001:000200e0       _dbinit                    6c8a10e0 f   libexpr:vmdebug.o
 0001:00020110       _vmdbwarn                  6c8a1110 f   libexpr:vmdebug.o
 0001:00020150       _dbwatch                   6c8a1150 f   libexpr:vmdebug.o
 0001:000201b0       _dbsetinfo                 6c8a11b0 f   libexpr:vmdebug.o
 0001:000203a0       _dbfree                    6c8a13a0 f   libexpr:vmdebug.o
 0001:000205a0       _dbresize                  6c8a15a0 f   libexpr:vmdebug.o
 0001:000208f0       _dbcompact                 6c8a18f0 f   libexpr:vmdebug.o
 0001:00020bc0       _dbalign                   6c8a1bc0 f   libexpr:vmdebug.o
 0001:00020d10       _heapmem                   6c8a1d10 f   libexpr:vmdcheap.o
 0001:00021120       _bestalloc                 6c8a2120 f   libexpr:vmbest.o
 0001:00021640       _bestsearch                6c8a2640 f   libexpr:vmbest.o
 0001:00021940       _bestreclaim               6c8a2940 f   libexpr:vmbest.o
 0001:00021ef0       _bestaddr                  6c8a2ef0 f   libexpr:vmbest.o
 0001:000220f0       _bestfree                  6c8a30f0 f   libexpr:vmbest.o
 0001:00022270       _bestresize                6c8a3270 f   libexpr:vmbest.o
 0001:00022b60       _bestsize                  6c8a3b60 f   libexpr:vmbest.o
 0001:00022c70       _bestcompact               6c8a3c70 f   libexpr:vmbest.o
 0001:00022f30       _bestalign                 6c8a3f30 f   libexpr:vmbest.o
 0001:00023330       _sbrkmem                   6c8a4330 f   libexpr:vmbest.o
 0001:00023d80       _grpmatch                  6c8a4d80 f   libexpr:strmatch.o
 0001:00023e10       _gobble                    6c8a4e10 f   libexpr:strmatch.o
 0001:00024050       _onematch                  6c8a5050 f   libexpr:strmatch.o
 0001:00025af0       _stat                      6c8a6af0 f   libexpr:pathexists.o
 0001:00026070       _stat                      6c8a7070 f   libexpr:pathcanon.o
 0001:00026220       _stat                      6c8a7220 f   libexpr:pathaccess.o
 0001:00027930       _T                         6c8a8930 f   libexpr:exparse.o
 0001:00027970       _qualify                   6c8a8970 f   libexpr:exparse.o
 0001:0002bbe0       _exnewsub                  6c8acbe0 f   libexpr:exparse.o
 0001:0002bcd0       _extract                   6c8accd0 f   libexpr:exparse.o
 0001:0002bd40       _exnewsubstr               6c8acd40 f   libexpr:exparse.o
 0001:0002be40       _exprint                   6c8ace40 f   libexpr:exparse.o
 0001:0002bec0       _exstringOf                6c8acec0 f   libexpr:exparse.o
 0001:0002c1a0       _makeVar                   6c8ad1a0 f   libexpr:exparse.o
 0001:0002c2c0       _preprint                  6c8ad2c0 f   libexpr:exparse.o
 0001:0002ce10       _checkBinary               6c8ade10 f   libexpr:exparse.o
 0001:0002ced0       _checkName                 6c8aded0 f   libexpr:exparse.o
 0001:0002cf90       _cmpKey                    6c8adf90 f   libexpr:exparse.o
 0001:0002d000       _ex_symbol_print           6c8ae000 f   libexpr:exparse.o
 0001:0002d070       _ex_symbol_value_print     6c8ae070 f   libexpr:exparse.o
 0001:0002d090       _ex_stack_print            6c8ae090 f   libexpr:exparse.o
 0001:0002d0f0       _ex_reduce_print           6c8ae0f0 f   libexpr:exparse.o
 0001:0002d1c0       _exdestruct                6c8ae1c0 f   libexpr:exparse.o
 0001:0002d340       _trace                     6c8ae340 f   libexpr:extoken.o
 0001:0002ee10       _lex                       6c8afe10 f   libexpr:extoken.o
 0001:0002f970       _replace                   6c8b0970 f   libexpr:exeval.o
 0001:0002faa0       _eval                      6c8b0aa0 f   libexpr:exeval.o
 0001:00033c80       _time                      6c8b4c80 f   libexpr:exeval.o
 0001:00033ca0       _lexname                   6c8b4ca0 f   libexpr:exeval.o
 0001:00033de0       _getdyn                    6c8b4de0 f   libexpr:exeval.o
 0001:00034070       _prints                    6c8b5070 f   libexpr:exeval.o
 0001:00034110       _print                     6c8b5110 f   libexpr:exeval.o
 0001:00034300       _prformat                  6c8b5300 f   libexpr:exeval.o
 0001:00034a70       _localtime                 6c8b5a70 f   libexpr:exeval.o
 0001:00034a90       _scan                      6c8b5a90 f   libexpr:exeval.o
 0001:00034c80       _scformat                  6c8b5c80 f   libexpr:exeval.o
 0001:00034ed0       _str_add                   6c8b5ed0 f   libexpr:exeval.o
 0001:00034f70       _str_ior                   6c8b5f70 f   libexpr:exeval.o
 0001:00035120       _str_and                   6c8b6120 f   libexpr:exeval.o
 0001:00035240       _str_xor                   6c8b6240 f   libexpr:exeval.o
 0001:00035410       _str_mod                   6c8b6410 f   libexpr:exeval.o
 0001:00035530       _str_mpy                   6c8b6530 f   libexpr:exeval.o
 0001:00035680       _exsubstr                  6c8b6680 f   libexpr:exeval.o
 0001:00035810       _xConvert                  6c8b6810 f   libexpr:exeval.o
 0001:000358d0       _xPrint                    6c8b68d0 f   libexpr:exeval.o
 0001:000362e0       _global                    6c8b72e0 f   libexpr:excc.o
 0001:000364f0       _gen                       6c8b74f0 f   libexpr:excc.o
 0001:00037af0       _print                     6c8b8af0 f   libexpr:excc.o
 0001:00037cc0       _scan                      6c8b8cc0 f   libexpr:excc.o
 0001:00037f70       _pre_c_init                6c8b8f70 f   msvcrt:crtdll.obj
 0001:0003815c       ___DllMainCRTStartup       6c8b915c f   msvcrt:crtdll.obj
 0001:00038acc       _has_osfxsr_set            6c8b9acc f   msvcrt:cpu_disp.obj
