 agraph

 Timestamp is 48752c5e (Wed Jul 09 17:23:42 2008)

 Preferred load address is 6c1c0000

 Start         Length     Name                   Class
 0001:00000000 0000b096H .text                   CODE
 0002:00000000 00000110H .idata$5                DATA
 0002:00000110 00000004H .CRT$XCA                DATA
 0002:00000114 00000004H .CRT$XCZ                DATA
 0002:00000118 00000004H .CRT$XIA                DATA
 0002:0000011c 00000004H .CRT$XIAA               DATA
 0002:00000120 00000004H .CRT$XIZ                DATA
 0002:00000128 000003a8H .rdata                  DATA
 0002:000004d0 00000004H .rdata$sxdata           DATA
 0002:000004d4 00000004H .rtc$IAA                DATA
 0002:000004d8 00000004H .rtc$IZZ                DATA
 0002:000004dc 00000004H .rtc$TAA                DATA
 0002:000004e0 00000004H .rtc$TZZ                DATA
 0002:000004e8 00000064H .xdata$x                DATA
 0002:0000054c 0000003cH .idata$2                DATA
 0002:00000588 00000014H .idata$3                DATA
 0002:0000059c 00000110H .idata$4                DATA
 0002:000006ac 000003c8H .idata$6                DATA
 0002:00000a80 00000fa0H .edata                  DATA
 0003:00000000 00001148H .data                   DATA
 0003:00001148 0000045cH .bss                    DATA

  Address         Publics by Value              Rva+Base       Lib:Object

 0000:00000001       ___safe_se_handler_count   00000001     <absolute>
 0000:00000000       ___ImageBase               6c1c0000     <linker-defined>
 0001:00000000       _strcasecmp                6c1c1000 f   libagraph:write.o
 0001:00000080       _agcanonstr                6c1c1080 f   libagraph:write.o
 0001:00000300       _agcanonStr                6c1c1300 f   libagraph:write.o
 0001:000003c0       _node_in_subg              6c1c13c0 f   libagraph:write.o
 0001:00000570       _agwrite                   6c1c1570 f   libagraph:write.o
 0001:000015c0       _agdictobjmem              6c1c25c0 f   libagraph:utils.o
 0001:00001630       _agdictobjfree             6c1c2630 f   libagraph:utils.o
 0001:00001670       _agdtopen                  6c1c2670 f   libagraph:utils.o
 0001:000016c0       _agdtdelete                6c1c26c0 f   libagraph:utils.o
 0001:000016f0       _agobjfinalize             6c1c26f0 f   libagraph:utils.o
 0001:00001710       _agdtclose                 6c1c2710 f   libagraph:utils.o
 0001:00001770       _agdtdisc                  6c1c2770 f   libagraph:utils.o
 0001:000017b0       _agidsubg                  6c1c27b0 f   libagraph:subg.o
 0001:00001900       _agsubg                    6c1c2900 f   libagraph:subg.o
 0001:00001980       _agfstsubg                 6c1c2980 f   libagraph:subg.o
 0001:000019a0       _agnxtsubg                 6c1c29a0 f   libagraph:subg.o
 0001:000019e0       _agparent                  6c1c29e0 f   libagraph:subg.o
 0001:000019f0       _agroot                    6c1c29f0 f   libagraph:subg.o
 0001:00001a00       _agdelsubg                 6c1c2a00 f   libagraph:subg.o
 0001:00001a20       _agreadline                6c1c2a20 f   libagraph:scan.o
 0001:00001a30       _agsetfile                 6c1c2a30 f   libagraph:scan.o
 0001:00001a50       _aglexinit                 6c1c2a50 f   libagraph:scan.o
 0001:00001a70       _aaglex                    6c1c2a70 f   libagraph:scan.o
 0001:00003110       _aagrestart                6c1c4110 f   libagraph:scan.o
 0001:000031b0       _aag_switch_to_buffer      6c1c41b0 f   libagraph:scan.o
 0001:000032f0       _aag_create_buffer         6c1c42f0 f   libagraph:scan.o
 0001:00003370       _aag_delete_buffer         6c1c4370 f   libagraph:scan.o
 0001:000034b0       _aag_flush_buffer          6c1c44b0 f   libagraph:scan.o
 0001:00003530       _aagpush_buffer_state      6c1c4530 f   libagraph:scan.o
 0001:00003610       _aagpop_buffer_state       6c1c4610 f   libagraph:scan.o
 0001:000037b0       _aag_scan_buffer           6c1c47b0 f   libagraph:scan.o
 0001:00003880       _aag_scan_string           6c1c4880 f   libagraph:scan.o
 0001:000038a0       _aag_scan_bytes            6c1c48a0 f   libagraph:scan.o
 0001:00003980       _aagget_lineno             6c1c4980 f   libagraph:scan.o
 0001:00003990       _aagget_in                 6c1c4990 f   libagraph:scan.o
 0001:000039a0       _aagget_out                6c1c49a0 f   libagraph:scan.o
 0001:000039b0       _aagget_leng               6c1c49b0 f   libagraph:scan.o
 0001:000039c0       _aagget_text               6c1c49c0 f   libagraph:scan.o
 0001:000039d0       _aagset_lineno             6c1c49d0 f   libagraph:scan.o
 0001:000039e0       _aagset_in                 6c1c49e0 f   libagraph:scan.o
 0001:000039f0       _aagset_out                6c1c49f0 f   libagraph:scan.o
 0001:00003a00       _aagget_debug              6c1c4a00 f   libagraph:scan.o
 0001:00003a10       _aagset_debug              6c1c4a10 f   libagraph:scan.o
 0001:00003a20       _aaglex_destroy            6c1c4a20 f   libagraph:scan.o
 0001:00003b20       _aagalloc                  6c1c4b20 f   libagraph:scan.o
 0001:00003b40       _aagrealloc                6c1c4b40 f   libagraph:scan.o
 0001:00003b60       _aagfree                   6c1c4b60 f   libagraph:scan.o
 0001:00003b80       _aagerror                  6c1c4b80 f   libagraph:scan.o
 0001:00003c20       _aglexeof                  6c1c4c20 f   libagraph:scan.o
 0001:00003da0       _aagwrap                   6c1c4da0 f   libagraph:scan.o
 0001:00003db0       _agstrclose                6c1c4db0 f   libagraph:refstr.o
 0001:00003e40       _agstrbind                 6c1c4e40 f   libagraph:refstr.o
 0001:00003ed0       _agstrdup                  6c1c4ed0 f   libagraph:refstr.o
 0001:00003fa0       _agstrdup_html             6c1c4fa0 f   libagraph:refstr.o
 0001:00004080       _agstrfree                 6c1c5080 f   libagraph:refstr.o
 0001:00004130       _aghtmlstr                 6c1c5130 f   libagraph:refstr.o
 0001:00004160       _aggetrec                  6c1c5160 f   libagraph:rec.o
 0001:000042e0       _agrealbindrec             6c1c52e0 f   libagraph:rec.o
 0001:000044c0       _agbindrec                 6c1c54c0 f   libagraph:rec.o
 0001:000044e0       _agdelrec                  6c1c54e0 f   libagraph:rec.o
 0001:00004640       _aginit                    6c1c5640 f   libagraph:rec.o
 0001:00004710       _agclean                   6c1c5710 f   libagraph:rec.o
 0001:000047f0       _agrecclose                6c1c57f0 f   libagraph:rec.o
 0001:000048d0       _agrecord_callback         6c1c58d0 f   libagraph:pend.o
 0001:00004d90       _agcallbacks               6c1c5d90 f   libagraph:pend.o
 0001:00004fb0       _agobjidcmpf               6c1c5fb0 f   libagraph:obj.o
 0001:00004fe0       _agobjseqcmpf              6c1c5fe0 f   libagraph:obj.o
 0001:00005020       _agrebind                  6c1c6020 f   libagraph:obj.o
 0001:000050d0       _agdelete                  6c1c60d0 f   libagraph:obj.o
 0001:00005190       _agrename                  6c1c6190 f   libagraph:obj.o
 0001:000052d0       _agmethod_init             6c1c62d0 f   libagraph:obj.o
 0001:00005310       _aginitcb                  6c1c6310 f   libagraph:obj.o
 0001:000053a0       _agmethod_upd              6c1c63a0 f   libagraph:obj.o
 0001:000053f0       _agupdcb                   6c1c63f0 f   libagraph:obj.o
 0001:00005480       _agmethod_delete           6c1c6480 f   libagraph:obj.o
 0001:000054c0       _agdelcb                   6c1c64c0 f   libagraph:obj.o
 0001:00005550       _agraphof                  6c1c6550 f   libagraph:obj.o
 0001:000055b0       _agisarootobj              6c1c65b0 f   libagraph:obj.o
 0001:000055d0       _agpushdisc                6c1c65d0 f   libagraph:obj.o
 0001:00005620       _agpopdisc                 6c1c6620 f   libagraph:obj.o
 0001:000056b0       _aggetuserptr              6c1c66b0 f   libagraph:obj.o
 0001:000056f0       _agfindnode_by_id          6c1c66f0 f   libagraph:node.o
 0001:00005730       _agfindnode_by_name        6c1c6730 f   libagraph:node.o
 0001:00005770       _agfstnode                 6c1c6770 f   libagraph:node.o
 0001:00005790       _agnxtnode                 6c1c6790 f   libagraph:node.o
 0001:000057e0       _agidnode                  6c1c67e0 f   libagraph:node.o
 0001:00005ab0       _agnode                    6c1c6ab0 f   libagraph:node.o
 0001:00005b90       _agdelnodeimage            6c1c6b90 f   libagraph:node.o
 0001:00005cf0       _agdelnode                 6c1c6cf0 f   libagraph:node.o
 0001:00005df0       _agrelabel_node            6c1c6df0 f   libagraph:node.o
 0001:00005f30       _agsubnode                 6c1c6f30 f   libagraph:node.o
 0001:00006090       _agalloc                   6c1c7090 f   libagraph:mem.o
 0001:000060e0       _agrealloc                 6c1c70e0 f   libagraph:mem.o
 0001:00006160       _agfree                    6c1c7160 f   libagraph:mem.o
 0001:00006190       _agheap                    6c1c7190 f   libagraph:mem.o
 0001:00006270       _aginternalmaplookup       6c1c7270 f   libagraph:imap.o
 0001:000062f0       _aginternalmapinsert       6c1c72f0 f   libagraph:imap.o
 0001:00006400       _aginternalmapprint        6c1c7400 f   libagraph:imap.o
 0001:00006490       _aginternalmapdelete       6c1c7490 f   libagraph:imap.o
 0001:00006540       _aginternalmapclearlocalnames 6c1c7540 f   libagraph:imap.o
 0001:00006610       _aginternalmapclose        6c1c7610 f   libagraph:imap.o
 0001:00006790       _agmapnametoid             6c1c7790 f   libagraph:id.o
 0001:00006880       _agallocid                 6c1c7880 f   libagraph:id.o
 0001:000068b0       _agfreeid                  6c1c78b0 f   libagraph:id.o
 0001:000068f0       _agnameof                  6c1c78f0 f   libagraph:id.o
 0001:000069e0       _agopen                    6c1c79e0 f   libagraph:graph.o
 0001:00006b60       _agopen1                   6c1c7b60 f   libagraph:graph.o
 0001:00006ca0       _agclose                   6c1c7ca0 f   libagraph:graph.o
 0001:00006f10       _agnextseq                 6c1c7f10 f   libagraph:graph.o
 0001:00006f40       _agnnodes                  6c1c7f40 f   libagraph:graph.o
 0001:00006f60       _agnedges                  6c1c7f60 f   libagraph:graph.o
 0001:00006fc0       _agisflattened             6c1c7fc0 f   libagraph:graph.o
 0001:00006fe0       _agisdirected              6c1c7fe0 f   libagraph:graph.o
 0001:00006ff0       _agisundirected            6c1c7ff0 f   libagraph:graph.o
 0001:00007010       _agisstrict                6c1c8010 f   libagraph:graph.o
 0001:00007020       _agdegree                  6c1c8020 f   libagraph:graph.o
 0001:000070b0       _aagparse                  6c1c80b0 f   libagraph:grammar.o
 0001:000087e0       _agconcat                  6c1c97e0 f   libagraph:grammar.o
 0001:00008840       _agread                    6c1c9840 f   libagraph:grammar.o
 0001:00008860       _agflatten_elist           6c1c9860 f   libagraph:flatten.o
 0001:000088a0       _agflatten_edges           6c1c98a0 f   libagraph:flatten.o
 0001:000088f0       _agflatten                 6c1c98f0 f   libagraph:flatten.o
 0001:00008990       _agnotflat                 6c1c9990 f   libagraph:flatten.o
 0001:000089c0       _agfstout                  6c1c99c0 f   libagraph:edge.o
 0001:00008a50       _agnxtout                  6c1c9a50 f   libagraph:edge.o
 0001:00008b00       _agfstin                   6c1c9b00 f   libagraph:edge.o
 0001:00008b90       _agnxtin                   6c1c9b90 f   libagraph:edge.o
 0001:00008c40       _agfstedge                 6c1c9c40 f   libagraph:edge.o
 0001:00008c70       _agnxtedge                 6c1c9c70 f   libagraph:edge.o
 0001:00008cf0       _agedgesetop               6c1c9cf0 f   libagraph:edge.o
 0001:00008e10       _agidedge                  6c1c9e10 f   libagraph:edge.o
 0001:00009400       _agedge                    6c1ca400 f   libagraph:edge.o
 0001:00009570       _agdeledgepair             6c1ca570 f   libagraph:edge.o
 0001:00009670       _agdeledge                 6c1ca670 f   libagraph:edge.o
 0001:00009790       _agsubedge                 6c1ca790 f   libagraph:edge.o
 0001:000098e0       _agedgecmpf                6c1ca8e0 f   libagraph:edge.o
 0001:00009940       _agtail                    6c1ca940 f   libagraph:edge.o
 0001:00009970       _aghead                    6c1ca970 f   libagraph:edge.o
 0001:000099a0       _agopp                     6c1ca9a0 f   libagraph:edge.o
 0001:000099d0       _agdatadict                6c1ca9d0 f   libagraph:attr.o
 0001:00009a10       _agdictof                  6c1caa10 f   libagraph:attr.o
 0001:00009a80       _agnewsym                  6c1caa80 f   libagraph:attr.o
 0001:00009ae0       _agdictsym                 6c1caae0 f   libagraph:attr.o
 0001:00009b10       _aglocaldictsym            6c1cab10 f   libagraph:attr.o
 0001:00009b60       _agattrsym                 6c1cab60 f   libagraph:attr.o
 0001:00009c00       _agattrrec                 6c1cac00 f   libagraph:attr.o
 0001:00009c20       _agattr                    6c1cac20 f   libagraph:attr.o
 0001:00009f20       _agnxtattr                 6c1caf20 f   libagraph:attr.o
 0001:00009f80       _agraphattr_init           6c1caf80 f   libagraph:attr.o
 0001:0000a1e0       _agraphattr_delete         6c1cb1e0 f   libagraph:attr.o
 0001:0000a300       _agnodeattr_init           6c1cb300 f   libagraph:attr.o
 0001:0000a340       _agnodeattr_delete         6c1cb340 f   libagraph:attr.o
 0001:0000a380       _agedgeattr_init           6c1cb380 f   libagraph:attr.o
 0001:0000a3c0       _agedgeattr_delete         6c1cb3c0 f   libagraph:attr.o
 0001:0000a400       _agget                     6c1cb400 f   libagraph:attr.o
 0001:0000a450       _agxget                    6c1cb450 f   libagraph:attr.o
 0001:0000a480       _agset                     6c1cb480 f   libagraph:attr.o
 0001:0000a4d0       _agxset                    6c1cb4d0 f   libagraph:attr.o
 0001:0000a6a0       _agapply                   6c1cb6a0 f   libagraph:apply.o
 0001:0000a850       _agerror                   6c1cb850 f   libagraph:agerror.o
 0001:0000a89e       _dtsize                    6c1cb89e f   cdt:cdt.dll
 0001:0000a8a4       _dtview                    6c1cb8a4 f   cdt:cdt.dll
 0001:0000a8aa       _dtopen                    6c1cb8aa f   cdt:cdt.dll
 0001:0000a8b0       _dtclose                   6c1cb8b0 f   cdt:cdt.dll
 0001:0000a8b6       _dtdisc                    6c1cb8b6 f   cdt:cdt.dll
 0001:0000a8bc       _dtextract                 6c1cb8bc f   cdt:cdt.dll
 0001:0000a8c2       _dtflatten                 6c1cb8c2 f   cdt:cdt.dll
 0001:0000a8c8       _dtrestore                 6c1cb8c8 f   cdt:cdt.dll
 0001:0000a91b       __CRT_INIT@12              6c1cb91b f   msvcrt:crtdll.obj
 0001:0000abd0       __DllMainCRTStartup@12     6c1cbbd0 f   msvcrt:crtdll.obj
 0001:0000abf2       _malloc                    6c1cbbf2 f   msvcrt:MSVCR80.dll
 0001:0000abf8       _strlen                    6c1cbbf8 f   msvcrt:MSVCR80.dll
 0001:0000abfe       _strcmp                    6c1cbbfe f   msvcrt:MSVCR80.dll
 0001:0000ac04       @__security_check_cookie@4 6c1cbc04 f   msvcrt:secchk.obj
 0001:0000ac14       _free                      6c1cbc14 f   msvcrt:MSVCR80.dll
 0001:0000ac1a       _strcpy                    6c1cbc1a f   msvcrt:MSVCR80.dll
 0001:0000ac20       _strcat                    6c1cbc20 f   msvcrt:MSVCR80.dll
 0001:0000ac26       _memset                    6c1cbc26 f   msvcrt:MSVCR80.dll
 0001:0000ac2c       ___clean_type_info_names   6c1cbc2c f   msvcrt:tncleanup.obj
 0001:0000ac38       __onexit                   6c1cbc38 f   msvcrt:atonexit.obj
 0001:0000acd7       _atexit                    6c1cbcd7 f   msvcrt:atonexit.obj
 0001:0000ace9       __RTC_Initialize           6c1cbce9 f   msvcrt:initsect.obj
 0001:0000ad0d       __RTC_Terminate            6c1cbd0d f   msvcrt:initsect.obj
 0001:0000ad40       __ValidateImageBase        6c1cbd40 f   msvcrt:pesect.obj
 0001:0000ad70       __FindPESection            6c1cbd70 f   msvcrt:pesect.obj
 0001:0000adb2       __IsNonwritableInCurrentImage 6c1cbdb2 f   msvcrt:pesect.obj
 0001:0000ae1e       __initterm                 6c1cbe1e f   msvcrt:MSVCR80.dll
 0001:0000ae24       __initterm_e               6c1cbe24 f   msvcrt:MSVCR80.dll
 0001:0000ae2a       __amsg_exit                6c1cbe2a f   msvcrt:MSVCR80.dll
 0001:0000ae30       ___CppXcptFilter           6c1cbe30 f   msvcrt:MSVCR80.dll
 0001:0000ae36       _DllMain@12                6c1cbe36 f   msvcrt:dllmain.obj
 0001:0000ae58       __SEH_prolog4              6c1cbe58 f   msvcrt:sehprolg4.obj
 0001:0000ae9d       __SEH_epilog4              6c1cbe9d f   msvcrt:sehprolg4.obj
 0001:0000aeb1       __except_handler4          6c1cbeb1 f   msvcrt:chandler4gs.obj
 0001:0000aed4       ___security_init_cookie    6c1cbed4 f   msvcrt:gs_support.obj
 0001:0000af68       ___report_gsfailure        6c1cbf68 f   msvcrt:gs_report.obj
 0001:0000b06c       ___clean_type_info_names_internal 6c1cc06c f   msvcrt:MSVCR80.dll
 0001:0000b072       __unlock                   6c1cc072 f   msvcrt:MSVCR80.dll
 0001:0000b078       ___dllonexit               6c1cc078 f   msvcrt:MSVCR80.dll
 0001:0000b07e       __lock                     6c1cc07e f   msvcrt:MSVCR80.dll
 0001:0000b084       __except_handler4_common   6c1cc084 f   msvcrt:MSVCR80.dll
 0001:0000b08a       __crt_debugger_hook        6c1cc08a f   msvcrt:MSVCR80.dll
 0001:0000b090       __isatty                   6c1cc090 f   msvcrt:MSVCR80.dll
 0001:0000b090       _isatty                    6c1cc090 f   msvcrt:MSVCR80.dll
 0002:00000000       __imp__GetCurrentProcessId@0 6c1cd000     KERNEL32:KERNEL32.dll
 0002:00000004       __imp__GetTickCount@0      6c1cd004     KERNEL32:KERNEL32.dll
 0002:00000008       __imp__QueryPerformanceCounter@4 6c1cd008     KERNEL32:KERNEL32.dll
 0002:0000000c       __imp__IsDebuggerPresent@0 6c1cd00c     KERNEL32:KERNEL32.dll
 0002:00000010       __imp__SetUnhandledExceptionFilter@4 6c1cd010     KERNEL32:KERNEL32.dll
 0002:00000014       __imp__UnhandledExceptionFilter@4 6c1cd014     KERNEL32:KERNEL32.dll
 0002:00000018       __imp__GetCurrentProcess@0 6c1cd018     KERNEL32:KERNEL32.dll
 0002:0000001c       __imp__TerminateProcess@8  6c1cd01c     KERNEL32:KERNEL32.dll
 0002:00000020       __imp__GetSystemTimeAsFileTime@4 6c1cd020     KERNEL32:KERNEL32.dll
 0002:00000024       __imp__DisableThreadLibraryCalls@4 6c1cd024     KERNEL32:KERNEL32.dll
 0002:00000028       __imp__InterlockedCompareExchange@12 6c1cd028     KERNEL32:KERNEL32.dll
 0002:0000002c       __imp__Sleep@4             6c1cd02c     KERNEL32:KERNEL32.dll
 0002:00000030       __imp__InterlockedExchange@8 6c1cd030     KERNEL32:KERNEL32.dll
 0002:00000034       __imp__GetCurrentThreadId@0 6c1cd034     KERNEL32:KERNEL32.dll
 0002:00000038       \177KERNEL32_NULL_THUNK_DATA 6c1cd038     KERNEL32:KERNEL32.dll
 0002:0000003c       __imp__strlen              6c1cd03c     msvcrt:MSVCR80.dll
 0002:00000040       __imp__strcmp              6c1cd040     msvcrt:MSVCR80.dll
 0002:00000044       __imp__sprintf             6c1cd044     msvcrt:MSVCR80.dll
 0002:00000048       __imp__strchr              6c1cd048     msvcrt:MSVCR80.dll
 0002:0000004c       __imp__free                6c1cd04c     msvcrt:MSVCR80.dll
 0002:00000050       __imp__abort               6c1cd050     msvcrt:MSVCR80.dll
 0002:00000054       __imp__fwrite              6c1cd054     msvcrt:MSVCR80.dll
 0002:00000058       __imp____iob_func          6c1cd058     msvcrt:MSVCR80.dll
 0002:0000005c       __imp__sscanf              6c1cd05c     msvcrt:MSVCR80.dll
 0002:00000060       __imp__strncmp             6c1cd060     msvcrt:MSVCR80.dll
 0002:00000064       __imp__strcpy              6c1cd064     msvcrt:MSVCR80.dll
 0002:00000068       __imp__strcat              6c1cd068     msvcrt:MSVCR80.dll
 0002:0000006c       __imp___errno              6c1cd06c     msvcrt:MSVCR80.dll
 0002:00000070       __imp__realloc             6c1cd070     msvcrt:MSVCR80.dll
 0002:00000074       __imp__exit                6c1cd074     msvcrt:MSVCR80.dll
 0002:00000078       __imp__fprintf             6c1cd078     msvcrt:MSVCR80.dll
 0002:0000007c       __imp__fputs               6c1cd07c     msvcrt:MSVCR80.dll
 0002:00000080       __imp__fflush              6c1cd080     msvcrt:MSVCR80.dll
 0002:00000084       __imp___encode_pointer     6c1cd084     msvcrt:MSVCR80.dll
 0002:00000088       __imp__read                6c1cd088     msvcrt:MSVCR80.dll
 0002:00000088       __imp___read               6c1cd088     msvcrt:MSVCR80.dll
 0002:0000008c       __imp___encoded_null       6c1cd08c     msvcrt:MSVCR80.dll
 0002:00000090       __imp___decode_pointer     6c1cd090     msvcrt:MSVCR80.dll
 0002:00000094       __imp___initterm           6c1cd094     msvcrt:MSVCR80.dll
 0002:00000098       __imp___initterm_e         6c1cd098     msvcrt:MSVCR80.dll
 0002:0000009c       __imp___amsg_exit          6c1cd09c     msvcrt:MSVCR80.dll
 0002:000000a0       __imp___adjust_fdiv        6c1cd0a0     msvcrt:MSVCR80.dll
 0002:000000a4       __imp____CppXcptFilter     6c1cd0a4     msvcrt:MSVCR80.dll
 0002:000000a8       __imp____clean_type_info_names_internal 6c1cd0a8     msvcrt:MSVCR80.dll
 0002:000000ac       __imp___unlock             6c1cd0ac     msvcrt:MSVCR80.dll
 0002:000000b0       __imp____dllonexit         6c1cd0b0     msvcrt:MSVCR80.dll
 0002:000000b4       __imp___lock               6c1cd0b4     msvcrt:MSVCR80.dll
 0002:000000b8       __imp___onexit             6c1cd0b8     msvcrt:MSVCR80.dll
 0002:000000bc       __imp___except_handler4_common 6c1cd0bc     msvcrt:MSVCR80.dll
 0002:000000c0       __imp___crt_debugger_hook  6c1cd0c0     msvcrt:MSVCR80.dll
 0002:000000c4       __imp__malloc              6c1cd0c4     msvcrt:MSVCR80.dll
 0002:000000c8       __imp__isdigit             6c1cd0c8     msvcrt:MSVCR80.dll
 0002:000000cc       __imp__isalnum             6c1cd0cc     msvcrt:MSVCR80.dll
 0002:000000d0       __imp__tolower             6c1cd0d0     msvcrt:MSVCR80.dll
 0002:000000d4       __imp___isatty             6c1cd0d4     msvcrt:MSVCR80.dll
 0002:000000d8       __imp__fileno              6c1cd0d8     msvcrt:MSVCR80.dll
 0002:000000d8       __imp___fileno             6c1cd0d8     msvcrt:MSVCR80.dll
 0002:000000dc       __imp__memset              6c1cd0dc     msvcrt:MSVCR80.dll
 0002:000000e0       __imp___malloc_crt         6c1cd0e0     msvcrt:MSVCR80.dll
 0002:000000e4       \177MSVCR80_NULL_THUNK_DATA 6c1cd0e4     msvcrt:MSVCR80.dll
 0002:000000e8       __imp__dtrestore           6c1cd0e8     cdt:cdt.dll
 0002:000000ec       __imp__dtflatten           6c1cd0ec     cdt:cdt.dll
 0002:000000f0       __imp__dtextract           6c1cd0f0     cdt:cdt.dll
 0002:000000f4       __imp__Dttree              6c1cd0f4     cdt:cdt.dll
 0002:000000f8       __imp__dtdisc              6c1cd0f8     cdt:cdt.dll
 0002:000000fc       __imp__dtclose             6c1cd0fc     cdt:cdt.dll
 0002:00000100       __imp__dtopen              6c1cd100     cdt:cdt.dll
 0002:00000104       __imp__dtview              6c1cd104     cdt:cdt.dll
 0002:00000108       __imp__dtsize              6c1cd108     cdt:cdt.dll
 0002:0000010c       \177cdt_NULL_THUNK_DATA    6c1cd10c     cdt:cdt.dll
 0002:00000110       ___xc_a                    6c1cd110     msvcrt:cinitexe.obj
 0002:00000114       ___xc_z                    6c1cd114     msvcrt:cinitexe.obj
 0002:00000118       ___xi_a                    6c1cd118     msvcrt:cinitexe.obj
 0002:00000120       ___xi_z                    6c1cd120     msvcrt:cinitexe.obj
 0002:00000128       _AgraphVersion             6c1cd128     libagraph:graph.o
 0002:00000478       __pDefaultRawDllMain       6c1cd478     msvcrt:crtdll.obj
 0002:00000478       __pRawDllMain              6c1cd478     msvcrt:crtdll.obj
 0002:00000488       __load_config_used         6c1cd488     msvcrt:loadcfg.obj
 0002:000004d0       ___safe_se_handler_table   6c1cd4d0     <linker-defined>
 0002:000004d4       ___rtc_iaa                 6c1cd4d4     msvcrt:initsect.obj
 0002:000004d8       ___rtc_izz                 6c1cd4d8     msvcrt:initsect.obj
 0002:000004dc       ___rtc_taa                 6c1cd4dc     msvcrt:initsect.obj
 0002:000004e0       ___rtc_tzz                 6c1cd4e0     msvcrt:initsect.obj
 0002:0000054c       __IMPORT_DESCRIPTOR_cdt    6c1cd54c     cdt:cdt.dll
 0002:00000560       __IMPORT_DESCRIPTOR_MSVCR80 6c1cd560     msvcrt:MSVCR80.dll
 0002:00000574       __IMPORT_DESCRIPTOR_KERNEL32 6c1cd574     KERNEL32:KERNEL32.dll
 0002:00000588       __NULL_IMPORT_DESCRIPTOR   6c1cd588     cdt:cdt.dll
 0003:00000110       _aaglineno                 6c1cf110     libagraph:scan.o
 0003:00000e14       _Ag_obj_id_disc            6c1cfe14     libagraph:obj.o
 0003:00000e38       _Ag_obj_seq_disc           6c1cfe38     libagraph:obj.o
 0003:00000e5c       _AgMemDisc                 6c1cfe5c     libagraph:mem.o
 0003:00000e70       _AgIoDisc                  6c1cfe70     libagraph:io.o
 0003:00000ec8       _AgIdDisc                  6c1cfec8     libagraph:id.o
 0003:00000ee8       _Agdirected                6c1cfee8     libagraph:graph.o
 0003:00000eec       _Agstrictdirected          6c1cfeec     libagraph:graph.o
 0003:00000ef0       _Agundirected              6c1cfef0     libagraph:graph.o
 0003:00000ef4       _Agstrictundirected        6c1cfef4     libagraph:graph.o
 0003:00000ef8       _AgDefaultDisc             6c1cfef8     libagraph:graph.o
 0003:00000fe8       _Ag_edge_disc              6c1cffe8     libagraph:edge.o
 0003:0000100c       _AgDataDictDisc            6c1d000c     libagraph:attr.o
 0003:0000104c       _AgDataRecName             6c1d004c     libagraph:attr.o
 0003:00001138       ___security_cookie         6c1d0138     msvcrt:gs_cookie.obj
 0003:0000113c       ___security_cookie_complement 6c1d013c     msvcrt:gs_cookie.obj
 0003:00001140       ___native_dllmain_reason   6c1d0140     msvcrt:natstart.obj
 0003:00001144       ___native_vcclrit_reason   6c1d0144     msvcrt:natstart.obj
 0003:000011b4       _aagin                     6c1d01b4     libagraph:scan.o
 0003:000011b8       _aagout                    6c1d01b8     libagraph:scan.o
 0003:000011bc       _aag_flex_debug            6c1d01bc     libagraph:scan.o
 0003:00001244       ?__type_info_root_node@@3U__type_info_node@@A 6c1d0244     msvcrt:tncleanup.obj
 0003:00001574       _aagchar                   6c1d0574     <common>
 0003:00001578       _aagnerrs                  6c1d0578     <common>
 0003:0000157c       _aaglval                   6c1d057c     <common>
 0003:00001580       _Ag_G_global               6c1d0580     <common>
 0003:00001584       _aagtext                   6c1d0584     <common>
 0003:00001588       _aagleng                   6c1d0588     <common>
 0003:0000158c       __adjust_fdiv              6c1d058c     <common>
 0003:00001590       ___native_startup_state    6c1d0590     <common>
 0003:00001594       ___native_startup_lock     6c1d0594     <common>
 0003:00001598       ___onexitend               6c1d0598     <common>
 0003:0000159c       ___onexitbegin             6c1d059c     <common>
 0003:000015a0       ___dyn_tls_init_callback   6c1d05a0     <common>

 entry point at        0001:0000abd0

 Static symbols

 0001:000000c0       __agcanonstr               6c1c10c0 f   libagraph:write.o
 0001:00000290       _agcanonhtmlstr            6c1c1290 f   libagraph:write.o
 0001:00000320       _getoutputbuffer           6c1c1320 f   libagraph:write.o
 0001:00000430       _irrelevant_subgraph       6c1c1430 f   libagraph:write.o
 0001:000005d0       _write_hdr                 6c1c15d0 f   libagraph:write.o
 0001:00000780       _ioput                     6c1c1780 f   libagraph:write.o
 0001:000007a0       _indent                    6c1c17a0 f   libagraph:write.o
 0001:000007e0       _write_canonstr            6c1c17e0 f   libagraph:write.o
 0001:00000800       __write_canonstr           6c1c1800 f   libagraph:write.o
 0001:00000850       _write_dicts               6c1c1850 f   libagraph:write.o
 0001:000008d0       _write_dict                6c1c18d0 f   libagraph:write.o
 0001:00000ab0       _write_trl                 6c1c1ab0 f   libagraph:write.o
 0001:00000af0       _write_body                6c1c1af0 f   libagraph:write.o
 0001:00000c20       _write_subgs               6c1c1c20 f   libagraph:write.o
 0001:00000ca0       _write_node                6c1c1ca0 f   libagraph:write.o
 0001:00000d10       _write_nondefault_attrs    6c1c1d10 f   libagraph:write.o
 0001:00000f20       _write_edge_name           6c1c1f20 f   libagraph:write.o
 0001:00000fb0       _write_nodename            6c1c1fb0 f   libagraph:write.o
 0001:00001040       _attrs_written             6c1c2040 f   libagraph:write.o
 0001:00001060       _write_node_test           6c1c2060 f   libagraph:write.o
 0001:000010c0       _has_no_edges              6c1c20c0 f   libagraph:write.o
 0001:000010f0       _has_no_predecessor_below  6c1c20f0 f   libagraph:write.o
 0001:00001160       _not_default_attrs         6c1c2160 f   libagraph:write.o
 0001:000011f0       _write_edge_test           6c1c21f0 f   libagraph:write.o
 0001:00001260       _write_edge                6c1c2260 f   libagraph:write.o
 0001:000013c0       _write_port                6c1c23c0 f   libagraph:write.o
 0001:000014d0       _set_attrwf                6c1c24d0 f   libagraph:write.o
 0001:00001810       _agfindsubg_by_id          6c1c2810 f   libagraph:subg.o
 0001:00001860       _localsubg                 6c1c2860 f   libagraph:subg.o
 0001:000028c0       _beginstr                  6c1c38c0 f   libagraph:scan.o
 0001:00002910       _addstr                    6c1c3910 f   libagraph:scan.o
 0001:000029f0       _endstr                    6c1c39f0 f   libagraph:scan.o
 0001:00002a10       _endstr_html               6c1c3a10 f   libagraph:scan.o
 0001:00002a30       _ppDirective               6c1c3a30 f   libagraph:scan.o
 0001:00002b00       _storeFileName             6c1c3b00 f   libagraph:scan.o
 0001:00002b80       _chkNum                    6c1c3b80 f   libagraph:scan.o
 0001:00002c20       _aag_get_next_buffer       6c1c3c20 f   libagraph:scan.o
 0001:00002f60       _aag_get_previous_state    6c1c3f60 f   libagraph:scan.o
 0001:00003060       _aag_try_NUL_trans         6c1c4060 f   libagraph:scan.o
 0001:00003280       _aag_load_buffer_state     6c1c4280 f   libagraph:scan.o
 0001:000033f0       _aag_init_buffer           6c1c43f0 f   libagraph:scan.o
 0001:000036e0       _aagensure_buffer_stack    6c1c46e0 f   libagraph:scan.o
 0001:00003950       _aag_fatal_error           6c1c4950 f   libagraph:scan.o
 0001:00003ac0       _aag_init_globals          6c1c4ac0 f   libagraph:scan.o
 0001:00003c40       _aagunput                  6c1c4c40 f   libagraph:scan.o
 0001:00003dd0       _refdict                   6c1c4dd0 f   libagraph:refstr.o
 0001:00003e60       _refstrbind                6c1c4e60 f   libagraph:refstr.o
 0001:00003e90       _refsymbind                6c1c4e90 f   libagraph:refstr.o
 0001:00004240       _set_data                  6c1c5240 f   libagraph:rec.o
 0001:00004440       _objputrec                 6c1c5440 f   libagraph:rec.o
 0001:000045b0       _objdelrec                 6c1c55b0 f   libagraph:rec.o
 0001:00004600       _listdelrec                6c1c5600 f   libagraph:rec.o
 0001:000047d0       _simple_delrec             6c1c57d0 f   libagraph:rec.o
 0001:00004860       _freef                     6c1c5860 f   libagraph:pend.o
 0001:00004890       _free_symlist              6c1c5890 f   libagraph:pend.o
 0001:00004ab0       _dictof                    6c1c5ab0 f   libagraph:pend.o
 0001:00004be0       _lookup                    6c1c5be0 f   libagraph:pend.o
 0001:00004c20       _genkey                    6c1c5c20 f   libagraph:pend.o
 0001:00004c30       _record_sym                6c1c5c30 f   libagraph:pend.o
 0001:00004cc0       _insert                    6c1c5cc0 f   libagraph:pend.o
 0001:00004d50       _purge                     6c1c5d50 f   libagraph:pend.o
 0001:00004df0       _agrelease_callbacks       6c1c5df0 f   libagraph:pend.o
 0001:00004ed0       _cb                        6c1c5ed0 f   libagraph:pend.o
 0001:00005880       _localnode                 6c1c6880 f   libagraph:node.o
 0001:000058f0       _mklocalnode               6c1c68f0 f   libagraph:node.o
 0001:00005a10       _newnode                   6c1c6a10 f   libagraph:node.o
 0001:00005ec0       _dict_relabel              6c1c6ec0 f   libagraph:node.o
 0001:00005ff0       _memopen                   6c1c6ff0 f   libagraph:mem.o
 0001:00006000       _memalloc                  6c1c7000 f   libagraph:mem.o
 0001:00006030       _memresize                 6c1c7030 f   libagraph:mem.o
 0001:00006070       _memfree                   6c1c7070 f   libagraph:mem.o
 0001:000061a0       _iofread                   6c1c71a0 f   libagraph:io.o
 0001:000061d0       _ioputstr                  6c1c71d0 f   libagraph:io.o
 0001:000061f0       _ioflush                   6c1c71f0 f   libagraph:io.o
 0001:00006210       _idcmpf                    6c1c7210 f   libagraph:imap.o
 0001:00006240       _namecmpf                  6c1c7240 f   libagraph:imap.o
 0001:00006430       _find_isym                 6c1c7430 f   libagraph:imap.o
 0001:00006650       _closeit                   6c1c7650 f   libagraph:imap.o
 0001:000066a0       _idopen                    6c1c76a0 f   libagraph:id.o
 0001:000066b0       _idmap                     6c1c76b0 f   libagraph:id.o
 0001:00006720       _idalloc                   6c1c7720 f   libagraph:id.o
 0001:00006730       _idfree                    6c1c7730 f   libagraph:id.o
 0001:00006760       _idprint                   6c1c7760 f   libagraph:id.o
 0001:00006780       _idclose                   6c1c7780 f   libagraph:id.o
 0001:00006aa0       _agclos                    6c1c7aa0 f   libagraph:graph.o
 0001:00007ba0       _aagdestruct               6c1c8ba0 f   libagraph:grammar.o
 0001:00007bc0       _appendattr                6c1c8bc0 f   libagraph:grammar.o
 0001:00007bf0       _cons_attr                 6c1c8bf0 f   libagraph:grammar.o
 0001:00007c10       _newitem                   6c1c8c10 f   libagraph:grammar.o
 0001:00007c50       _listapp                   6c1c8c50 f   libagraph:grammar.o
 0001:00007c90       _attrstmt                  6c1c8c90 f   libagraph:grammar.o
 0001:00007d70       _deletelist                6c1c8d70 f   libagraph:grammar.o
 0001:00007da0       _delete_items              6c1c8da0 f   libagraph:grammar.o
 0001:00007e30       _bindattrs                 6c1c8e30 f   libagraph:grammar.o
 0001:00007f00       _nomacros                  6c1c8f00 f   libagraph:grammar.o
 0001:00007f20       _appendnode                6c1c8f20 f   libagraph:grammar.o
 0001:00007f90       _cons_node                 6c1c8f90 f   libagraph:grammar.o
 0001:00007fb0       _endnode                   6c1c8fb0 f   libagraph:grammar.o
 0001:00008010       _applyattrs                6c1c9010 f   libagraph:grammar.o
 0001:00008070       _bufferedges               6c1c9070 f   libagraph:grammar.o
 0001:000080e0       _cons_list                 6c1c90e0 f   libagraph:grammar.o
 0001:00008100       _cons_subg                 6c1c9100 f   libagraph:grammar.o
 0001:00008120       _endedge                   6c1c9120 f   libagraph:grammar.o
 0001:00008280       _concat                    6c1c9280 f   libagraph:grammar.o
 0001:00008380       _concatPort                6c1c9380 f   libagraph:grammar.o
 0001:00008470       _edgerhs                   6c1c9470 f   libagraph:grammar.o
 0001:00008540       _newedge                   6c1c9540 f   libagraph:grammar.o
 0001:00008640       _mkport                    6c1c9640 f   libagraph:grammar.o
 0001:000086a0       _startgraph                6c1c96a0 f   libagraph:grammar.o
 0001:00008740       _endgraph                  6c1c9740 f   libagraph:grammar.o
 0001:00008760       _opensubg                  6c1c9760 f   libagraph:grammar.o
 0001:000087a0       _closesubg                 6c1c97a0 f   libagraph:grammar.o
 0001:00008f50       _agfindedge_by_id          6c1c9f50 f   libagraph:edge.o
 0001:00008fa0       _agfindedge                6c1c9fa0 f   libagraph:edge.o
 0001:00009070       _localedge                 6c1ca070 f   libagraph:edge.o
 0001:000090e0       _mklocaledge               6c1ca0e0 f   libagraph:edge.o
 0001:00009270       _newedgepair               6c1ca270 f   libagraph:edge.o
 0001:00009360       _ok_to_make_edge           6c1ca360 f   libagraph:edge.o
 0001:00009bb0       _freesym                   6c1cabb0 f   libagraph:attr.o
 0001:00009e80       _addattr                   6c1cae80 f   libagraph:attr.o
 0001:00009fb0       _agmakedatadict            6c1cafb0 f   libagraph:attr.o
 0001:0000a0a0       _agmakeattrs               6c1cb0a0 f   libagraph:attr.o
 0001:0000a1a0       _topdictsize               6c1cb1a0 f   libagraph:attr.o
 0001:0000a290       _freeattr                  6c1cb290 f   libagraph:attr.o
 0001:0000a600       _init_all_attrs            6c1cb600 f   libagraph:attr.o
 0001:0000a740       _subnode_search            6c1cb740 f   libagraph:apply.o
 0001:0000a770       _subedge_search            6c1cb770 f   libagraph:apply.o
 0001:0000a7a0       _subgraph_search           6c1cb7a0 f   libagraph:apply.o
 0001:0000a7b0       _rec_apply                 6c1cb7b0 f   libagraph:apply.o
 0001:0000a8ce       _pre_c_init                6c1cb8ce f   msvcrt:crtdll.obj
 0001:0000aaba       ___DllMainCRTStartup       6c1cbaba f   msvcrt:crtdll.obj
