 cdt

 Timestamp is 48752c54 (Wed Jul 09 17:23:32 2008)

 Preferred load address is 6f880000

 Start         Length     Name                   Class
 0001:00000000 00004120H .text                   CODE
 0002:00000000 00000094H .idata$5                DATA
 0002:00000094 00000004H .CRT$XCA                DATA
 0002:00000098 00000004H .CRT$XCZ                DATA
 0002:0000009c 00000004H .CRT$XIA                DATA
 0002:000000a0 00000004H .CRT$XIAA               DATA
 0002:000000a4 00000004H .CRT$XIZ                DATA
 0002:000000a8 00000058H .rdata                  DATA
 0002:00000100 00000004H .rdata$sxdata           DATA
 0002:00000104 00000004H .rtc$IAA                DATA
 0002:00000108 00000004H .rtc$IZZ                DATA
 0002:0000010c 00000004H .rtc$TAA                DATA
 0002:00000110 00000004H .rtc$TZZ                DATA
 0002:00000118 00000064H .xdata$x                DATA
 0002:0000017c 00000028H .idata$2                DATA
 0002:000001a4 00000014H .idata$3                DATA
 0002:000001b8 00000094H .idata$4                DATA
 0002:0000024c 00000292H .idata$6                DATA
 0002:000004e0 000001c8H .edata                  DATA
 0003:00000000 000000acH .data                   DATA
 0003:000000b0 00000354H .bss                    DATA

  Address         Publics by Value              Rva+Base       Lib:Object

 0000:00000001       ___safe_se_handler_count   00000001     <absolute>
 0000:00000000       ___ImageBase               6f880000     <linker-defined>
 0001:00000000       _dtwalk                    6f881000 f   libcdt:dtwalk.o
 0001:00000080       _dtview                    6f881080 f   libcdt:dtview.o
 0001:00001150       _dtstrhash                 6f882150 f   libcdt:dtstrhash.o
 0001:000011e0       _dtstat                    6f8821e0 f   libcdt:dtstat.o
 0001:000015a0       _dtsize                    6f8825a0 f   libcdt:dtsize.o
 0001:000016b0       _dtrestore                 6f8826b0 f   libcdt:dtrestore.o
 0001:00001830       _dtrenew                   6f882830 f   libcdt:dtrenew.o
 0001:00001a50       _dtopen                    6f882a50 f   libcdt:dtopen.o
 0001:00001bd0       _dtmethod                  6f882bd0 f   libcdt:dtmethod.o
 0001:00003300       _dtflatten                 6f884300 f   libcdt:dtflatten.o
 0001:000034b0       _dtextract                 6f8844b0 f   libcdt:dtextract.o
 0001:00003580       _dtdisc                    6f884580 f   libcdt:dtdisc.o
 0001:00003890       _dtclose                   6f884890 f   libcdt:dtclose.o
 0001:000039c4       __CRT_INIT@12              6f8849c4 f   msvcrt:crtdll.obj
 0001:00003c79       __DllMainCRTStartup@12     6f884c79 f   msvcrt:crtdll.obj
 0001:00003c9a       _memcmp                    6f884c9a f   msvcrt:MSVCR80.dll
 0001:00003ca0       _strcmp                    6f884ca0 f   msvcrt:MSVCR80.dll
 0001:00003ca6       _malloc                    6f884ca6 f   msvcrt:MSVCR80.dll
 0001:00003cac       _free                      6f884cac f   msvcrt:MSVCR80.dll
 0001:00003cb2       _realloc                   6f884cb2 f   msvcrt:MSVCR80.dll
 0001:00003cb8       ___clean_type_info_names   6f884cb8 f   msvcrt:tncleanup.obj
 0001:00003cc4       __onexit                   6f884cc4 f   msvcrt:atonexit.obj
 0001:00003d63       _atexit                    6f884d63 f   msvcrt:atonexit.obj
 0001:00003d75       __RTC_Initialize           6f884d75 f   msvcrt:initsect.obj
 0001:00003d99       __RTC_Terminate            6f884d99 f   msvcrt:initsect.obj
 0001:00003dc0       __ValidateImageBase        6f884dc0 f   msvcrt:pesect.obj
 0001:00003df0       __FindPESection            6f884df0 f   msvcrt:pesect.obj
 0001:00003e32       __IsNonwritableInCurrentImage 6f884e32 f   msvcrt:pesect.obj
 0001:00003e9e       __initterm                 6f884e9e f   msvcrt:MSVCR80.dll
 0001:00003ea4       __initterm_e               6f884ea4 f   msvcrt:MSVCR80.dll
 0001:00003eaa       __amsg_exit                6f884eaa f   msvcrt:MSVCR80.dll
 0001:00003eb0       ___CppXcptFilter           6f884eb0 f   msvcrt:MSVCR80.dll
 0001:00003eb6       _DllMain@12                6f884eb6 f   msvcrt:dllmain.obj
 0001:00003ed8       __SEH_prolog4              6f884ed8 f   msvcrt:sehprolg4.obj
 0001:00003f1d       __SEH_epilog4              6f884f1d f   msvcrt:sehprolg4.obj
 0001:00003f31       __except_handler4          6f884f31 f   msvcrt:chandler4gs.obj
 0001:00003f54       ___security_init_cookie    6f884f54 f   msvcrt:gs_support.obj
 0001:00003fe8       ___clean_type_info_names_internal 6f884fe8 f   msvcrt:MSVCR80.dll
 0001:00003fee       __unlock                   6f884fee f   msvcrt:MSVCR80.dll
 0001:00003ff4       ___dllonexit               6f884ff4 f   msvcrt:MSVCR80.dll
 0001:00003ffa       __lock                     6f884ffa f   msvcrt:MSVCR80.dll
 0001:00004000       @__security_check_cookie@4 6f885000 f   msvcrt:secchk.obj
 0001:00004010       __except_handler4_common   6f885010 f   msvcrt:MSVCR80.dll
 0001:00004016       ___report_gsfailure        6f885016 f   msvcrt:gs_report.obj
 0001:0000411a       __crt_debugger_hook        6f88511a f   msvcrt:MSVCR80.dll
 0002:00000000       __imp__SetUnhandledExceptionFilter@4 6f886000     KERNEL32:KERNEL32.dll
 0002:00000004       __imp__UnhandledExceptionFilter@4 6f886004     KERNEL32:KERNEL32.dll
 0002:00000008       __imp__GetCurrentProcess@0 6f886008     KERNEL32:KERNEL32.dll
 0002:0000000c       __imp__TerminateProcess@8  6f88600c     KERNEL32:KERNEL32.dll
 0002:00000010       __imp__GetSystemTimeAsFileTime@4 6f886010     KERNEL32:KERNEL32.dll
 0002:00000014       __imp__GetCurrentProcessId@0 6f886014     KERNEL32:KERNEL32.dll
 0002:00000018       __imp__GetCurrentThreadId@0 6f886018     KERNEL32:KERNEL32.dll
 0002:0000001c       __imp__GetTickCount@0      6f88601c     KERNEL32:KERNEL32.dll
 0002:00000020       __imp__QueryPerformanceCounter@4 6f886020     KERNEL32:KERNEL32.dll
 0002:00000024       __imp__DisableThreadLibraryCalls@4 6f886024     KERNEL32:KERNEL32.dll
 0002:00000028       __imp__InterlockedCompareExchange@12 6f886028     KERNEL32:KERNEL32.dll
 0002:0000002c       __imp__Sleep@4             6f88602c     KERNEL32:KERNEL32.dll
 0002:00000030       __imp__InterlockedExchange@8 6f886030     KERNEL32:KERNEL32.dll
 0002:00000034       __imp__IsDebuggerPresent@0 6f886034     KERNEL32:KERNEL32.dll
 0002:00000038       \177KERNEL32_NULL_THUNK_DATA 6f886038     KERNEL32:KERNEL32.dll
 0002:0000003c       __imp___unlock             6f88603c     msvcrt:MSVCR80.dll
 0002:00000040       __imp____dllonexit         6f886040     msvcrt:MSVCR80.dll
 0002:00000044       __imp___lock               6f886044     msvcrt:MSVCR80.dll
 0002:00000048       __imp____clean_type_info_names_internal 6f886048     msvcrt:MSVCR80.dll
 0002:0000004c       __imp___except_handler4_common 6f88604c     msvcrt:MSVCR80.dll
 0002:00000050       __imp___crt_debugger_hook  6f886050     msvcrt:MSVCR80.dll
 0002:00000054       __imp____CppXcptFilter     6f886054     msvcrt:MSVCR80.dll
 0002:00000058       __imp___adjust_fdiv        6f886058     msvcrt:MSVCR80.dll
 0002:0000005c       __imp___amsg_exit          6f88605c     msvcrt:MSVCR80.dll
 0002:00000060       __imp___initterm_e         6f886060     msvcrt:MSVCR80.dll
 0002:00000064       __imp___initterm           6f886064     msvcrt:MSVCR80.dll
 0002:00000068       __imp___decode_pointer     6f886068     msvcrt:MSVCR80.dll
 0002:0000006c       __imp___encoded_null       6f88606c     msvcrt:MSVCR80.dll
 0002:00000070       __imp___malloc_crt         6f886070     msvcrt:MSVCR80.dll
 0002:00000074       __imp___encode_pointer     6f886074     msvcrt:MSVCR80.dll
 0002:00000078       __imp__realloc             6f886078     msvcrt:MSVCR80.dll
 0002:0000007c       __imp__free                6f88607c     msvcrt:MSVCR80.dll
 0002:00000080       __imp__malloc              6f886080     msvcrt:MSVCR80.dll
 0002:00000084       __imp__strcmp              6f886084     msvcrt:MSVCR80.dll
 0002:00000088       __imp___onexit             6f886088     msvcrt:MSVCR80.dll
 0002:0000008c       __imp__memcmp              6f88608c     msvcrt:MSVCR80.dll
 0002:00000090       \177MSVCR80_NULL_THUNK_DATA 6f886090     msvcrt:MSVCR80.dll
 0002:00000094       ___xc_a                    6f886094     msvcrt:cinitexe.obj
 0002:00000098       ___xc_z                    6f886098     msvcrt:cinitexe.obj
 0002:0000009c       ___xi_a                    6f88609c     msvcrt:cinitexe.obj
 0002:000000a4       ___xi_z                    6f8860a4     msvcrt:cinitexe.obj
 0002:000000a8       __pRawDllMain              6f8860a8     msvcrt:crtdll.obj
 0002:000000a8       __pDefaultRawDllMain       6f8860a8     msvcrt:crtdll.obj
 0002:000000b8       __load_config_used         6f8860b8     msvcrt:loadcfg.obj
 0002:00000100       ___safe_se_handler_table   6f886100     <linker-defined>
 0002:00000104       ___rtc_iaa                 6f886104     msvcrt:initsect.obj
 0002:00000108       ___rtc_izz                 6f886108     msvcrt:initsect.obj
 0002:0000010c       ___rtc_taa                 6f88610c     msvcrt:initsect.obj
 0002:00000110       ___rtc_tzz                 6f886110     msvcrt:initsect.obj
 0002:0000017c       __IMPORT_DESCRIPTOR_MSVCR80 6f88617c     msvcrt:MSVCR80.dll
 0002:00000190       __IMPORT_DESCRIPTOR_KERNEL32 6f886190     KERNEL32:KERNEL32.dll
 0002:000001a4       __NULL_IMPORT_DESCRIPTOR   6f8861a4     msvcrt:MSVCR80.dll
 0003:00000010       _Dtoset                    6f887010     libcdt:dttree.o
 0003:00000014       _Dtobag                    6f887014     libcdt:dttree.o
 0003:00000018       __Dttree                   6f887018     libcdt:dttree.o
 0003:00000020       _Dtorder                   6f887020     libcdt:dttree.o
 0003:00000024       _Dttree                    6f887024     libcdt:dttree.o
 0003:00000054       __Dtlist                   6f887054     libcdt:dtlist.o
 0003:0000005c       __Dtstack                  6f88705c     libcdt:dtlist.o
 0003:00000064       __Dtqueue                  6f887064     libcdt:dtlist.o
 0003:0000006c       _Dtlist                    6f88706c     libcdt:dtlist.o
 0003:00000070       _Dtstack                   6f887070     libcdt:dtlist.o
 0003:00000074       _Dtqueue                   6f887074     libcdt:dtlist.o
 0003:00000088       _Dtset                     6f887088     libcdt:dthash.o
 0003:0000008c       _Dtbag                     6f88708c     libcdt:dthash.o
 0003:00000090       __Dthash                   6f887090     libcdt:dthash.o
 0003:00000098       _Dthash                    6f887098     libcdt:dthash.o
 0003:0000009c       ___native_dllmain_reason   6f88709c     msvcrt:natstart.obj
 0003:000000a0       ___native_vcclrit_reason   6f8870a0     msvcrt:natstart.obj
 0003:000000a4       ___security_cookie         6f8870a4     msvcrt:gs_cookie.obj
 0003:000000a8       ___security_cookie_complement 6f8870a8     msvcrt:gs_cookie.obj
 0003:000000bc       ?__type_info_root_node@@3U__type_info_node@@A 6f8870bc     msvcrt:tncleanup.obj
 0003:000003ec       __adjust_fdiv              6f8873ec     <common>
 0003:000003f0       ___native_startup_state    6f8873f0     <common>
 0003:000003f4       ___native_startup_lock     6f8873f4     <common>
 0003:000003f8       ___onexitend               6f8873f8     <common>
 0003:000003fc       ___onexitbegin             6f8873fc     <common>
 0003:00000400       ___dyn_tls_init_callback   6f887400     <common>

 entry point at        0001:00003c79

 Static symbols

 0001:00000180       _dtvsearch                 6f881180 f   libcdt:dtview.o
 0001:00000480       _dttree                    6f881480 f   libcdt:dttree.o
 0001:00001470       _dttstat                   6f882470 f   libcdt:dtstat.o
 0001:000014f0       _dthstat                   6f8824f0 f   libcdt:dtstat.o
 0001:00001660       _treecount                 6f882660 f   libcdt:dtsize.o
 0001:00001ee0       _dtlist                    6f882ee0 f   libcdt:dtlist.o
 0001:00002600       _dthash                    6f883600 f   libcdt:dthash.o
 0001:00003170       _dthtab                    6f884170 f   libcdt:dthash.o
 0001:00003830       _dtmemory                  6f884830 f   libcdt:dtdisc.o
 0001:00003977       _pre_c_init                6f884977 f   msvcrt:crtdll.obj
 0001:00003b63       ___DllMainCRTStartup       6f884b63 f   msvcrt:crtdll.obj
