 cgraph

 Timestamp is 48752c62 (Wed Jul 09 17:23:46 2008)

 Preferred load address is 65500000

 Start         Length     Name                   Class
 0001:00000000 0000b516H .text                   CODE
 0002:00000000 00000130H .idata$5                DATA
 0002:00000130 00000004H .CRT$XCA                DATA
 0002:00000134 00000004H .CRT$XCZ                DATA
 0002:00000138 00000004H .CRT$XIA                DATA
 0002:0000013c 00000004H .CRT$XIAA               DATA
 0002:00000140 00000004H .CRT$XIZ                DATA
 0002:00000148 000003a8H .rdata                  DATA
 0002:000004f0 00000004H .rdata$sxdata           DATA
 0002:000004f4 00000004H .rtc$IAA                DATA
 0002:000004f8 00000004H .rtc$IZZ                DATA
 0002:000004fc 00000004H .rtc$TAA                DATA
 0002:00000500 00000004H .rtc$TZZ                DATA
 0002:00000508 00000064H .xdata$x                DATA
 0002:0000056c 0000003cH .idata$2                DATA
 0002:000005a8 00000014H .idata$3                DATA
 0002:000005bc 00000130H .idata$4                DATA
 0002:000006ec 00000414H .idata$6                DATA
 0002:00000b00 00001135H .edata                  DATA
 0003:00000000 000011d0H .data                   DATA
 0003:000011d0 000004d8H .bss                    DATA

  Address         Publics by Value              Rva+Base       Lib:Object

 0000:00000001       ___safe_se_handler_count   00000001     <absolute>
 0000:00000000       ___ImageBase               65500000     <linker-defined>
 0001:00000000       _agstrcanon                65501000 f   libcgraph:write.o
 0001:00000300       _agcanonStr                65501300 f   libcgraph:write.o
 0001:000003c0       _node_in_subg              655013c0 f   libcgraph:write.o
 0001:00000570       _agwrite                   65501570 f   libcgraph:write.o
 0001:00001610       _agdictobjmem              65502610 f   libcgraph:utils.o
 0001:00001680       _agdictobjfree             65502680 f   libcgraph:utils.o
 0001:000016c0       _agdtopen                  655026c0 f   libcgraph:utils.o
 0001:00001710       _agdtdelete                65502710 f   libcgraph:utils.o
 0001:00001740       _agobjfinalize             65502740 f   libcgraph:utils.o
 0001:00001760       _agdtclose                 65502760 f   libcgraph:utils.o
 0001:000017d0       _agdtdisc                  655027d0 f   libcgraph:utils.o
 0001:00001810       _agidsubg                  65502810 f   libcgraph:subg.o
 0001:00001950       _agsubg                    65502950 f   libcgraph:subg.o
 0001:000019d0       _agfstsubg                 655029d0 f   libcgraph:subg.o
 0001:000019f0       _agnxtsubg                 655029f0 f   libcgraph:subg.o
 0001:00001a30       _agparent                  65502a30 f   libcgraph:subg.o
 0001:00001a40       _agroot                    65502a40 f   libcgraph:subg.o
 0001:00001a50       _agdelsubg                 65502a50 f   libcgraph:subg.o
 0001:00001a70       _agreadline                65502a70 f   libcgraph:scan.o
 0001:00001a80       _agsetfile                 65502a80 f   libcgraph:scan.o
 0001:00001aa0       _aglexinit                 65502aa0 f   libcgraph:scan.o
 0001:00001ac0       _aaglex                    65502ac0 f   libcgraph:scan.o
 0001:00003150       _aagrestart                65504150 f   libcgraph:scan.o
 0001:000031f0       _aag_switch_to_buffer      655041f0 f   libcgraph:scan.o
 0001:00003330       _aag_create_buffer         65504330 f   libcgraph:scan.o
 0001:000033b0       _aag_delete_buffer         655043b0 f   libcgraph:scan.o
 0001:000034f0       _aag_flush_buffer          655044f0 f   libcgraph:scan.o
 0001:00003570       _aagpush_buffer_state      65504570 f   libcgraph:scan.o
 0001:00003650       _aagpop_buffer_state       65504650 f   libcgraph:scan.o
 0001:000037f0       _aag_scan_buffer           655047f0 f   libcgraph:scan.o
 0001:000038c0       _aag_scan_string           655048c0 f   libcgraph:scan.o
 0001:000038e0       _aag_scan_bytes            655048e0 f   libcgraph:scan.o
 0001:000039c0       _aagget_lineno             655049c0 f   libcgraph:scan.o
 0001:000039d0       _aagget_in                 655049d0 f   libcgraph:scan.o
 0001:000039e0       _aagget_out                655049e0 f   libcgraph:scan.o
 0001:000039f0       _aagget_leng               655049f0 f   libcgraph:scan.o
 0001:00003a00       _aagget_text               65504a00 f   libcgraph:scan.o
 0001:00003a10       _aagset_lineno             65504a10 f   libcgraph:scan.o
 0001:00003a20       _aagset_in                 65504a20 f   libcgraph:scan.o
 0001:00003a30       _aagset_out                65504a30 f   libcgraph:scan.o
 0001:00003a40       _aagget_debug              65504a40 f   libcgraph:scan.o
 0001:00003a50       _aagset_debug              65504a50 f   libcgraph:scan.o
 0001:00003a60       _aaglex_destroy            65504a60 f   libcgraph:scan.o
 0001:00003b60       _aagalloc                  65504b60 f   libcgraph:scan.o
 0001:00003b80       _aagrealloc                65504b80 f   libcgraph:scan.o
 0001:00003ba0       _aagfree                   65504ba0 f   libcgraph:scan.o
 0001:00003bc0       _aagerror                  65504bc0 f   libcgraph:scan.o
 0001:00003c60       _aglexeof                  65504c60 f   libcgraph:scan.o
 0001:00003de0       _aagwrap                   65504de0 f   libcgraph:scan.o
 0001:00003df0       _agstrclose                65504df0 f   libcgraph:refstr.o
 0001:00003e80       _agstrbind                 65504e80 f   libcgraph:refstr.o
 0001:00003f10       _agstrdup                  65504f10 f   libcgraph:refstr.o
 0001:00003fe0       _agstrdup_html             65504fe0 f   libcgraph:refstr.o
 0001:000040c0       _agstrfree                 655050c0 f   libcgraph:refstr.o
 0001:00004170       _aghtmlstr                 65505170 f   libcgraph:refstr.o
 0001:000041a0       _aggetrec                  655051a0 f   libcgraph:rec.o
 0001:00004310       _agbindrec                 65505310 f   libcgraph:rec.o
 0001:00004490       _agdelrec                  65505490 f   libcgraph:rec.o
 0001:000045f0       _aginit                    655055f0 f   libcgraph:rec.o
 0001:000046d0       _agclean                   655056d0 f   libcgraph:rec.o
 0001:000047c0       _agrecclose                655057c0 f   libcgraph:rec.o
 0001:000048a0       _agrecord_callback         655058a0 f   libcgraph:pend.o
 0001:00004d60       _agcallbacks               65505d60 f   libcgraph:pend.o
 0001:00004f90       _agdelete                  65505f90 f   libcgraph:obj.o
 0001:00005050       _agrename                  65506050 f   libcgraph:obj.o
 0001:000051a0       _agmethod_init             655061a0 f   libcgraph:obj.o
 0001:000051f0       _aginitcb                  655061f0 f   libcgraph:obj.o
 0001:00005280       _agmethod_upd              65506280 f   libcgraph:obj.o
 0001:000052d0       _agupdcb                   655062d0 f   libcgraph:obj.o
 0001:00005370       _agmethod_delete           65506370 f   libcgraph:obj.o
 0001:000053c0       _agdelcb                   655063c0 f   libcgraph:obj.o
 0001:00005450       _agraphof                  65506450 f   libcgraph:obj.o
 0001:000054b0       _agpushdisc                655064b0 f   libcgraph:obj.o
 0001:00005500       _agpopdisc                 65506500 f   libcgraph:obj.o
 0001:00005590       _aggetuserptr              65506590 f   libcgraph:obj.o
 0001:000055d0       _agobjkind                 655065d0 f   libcgraph:obj.o
 0001:000055e0       _agfindnode_by_id          655065e0 f   libcgraph:node.o
 0001:00005640       _agfindnode_by_name        65506640 f   libcgraph:node.o
 0001:00005680       _agfstnode                 65506680 f   libcgraph:node.o
 0001:000056d0       _agnxtnode                 655066d0 f   libcgraph:node.o
 0001:00005730       _aglstnode                 65506730 f   libcgraph:node.o
 0001:00005780       _agprvnode                 65506780 f   libcgraph:node.o
 0001:000057e0       _agidnode                  655067e0 f   libcgraph:node.o
 0001:00005a50       _agnode                    65506a50 f   libcgraph:node.o
 0001:00005b50       _agdelnodeimage            65506b50 f   libcgraph:node.o
 0001:00005bf0       _agdelnode                 65506bf0 f   libcgraph:node.o
 0001:00005d00       _agrelabel_node            65506d00 f   libcgraph:node.o
 0001:00005e30       _agsubnode                 65506e30 f   libcgraph:node.o
 0001:00005ec0       _agsubnodeidcmpf           65506ec0 f   libcgraph:node.o
 0001:00005ef0       _agsubnodeseqcmpf          65506ef0 f   libcgraph:node.o
 0001:00005fd0       _agalloc                   65506fd0 f   libcgraph:mem.o
 0001:00006020       _agrealloc                 65507020 f   libcgraph:mem.o
 0001:000060a0       _agfree                    655070a0 f   libcgraph:mem.o
 0001:000060d0       _agheap                    655070d0 f   libcgraph:mem.o
 0001:000061b0       _aginternalmaplookup       655071b0 f   libcgraph:imap.o
 0001:00006230       _aginternalmapinsert       65507230 f   libcgraph:imap.o
 0001:00006340       _aginternalmapprint        65507340 f   libcgraph:imap.o
 0001:000063d0       _aginternalmapdelete       655073d0 f   libcgraph:imap.o
 0001:00006480       _aginternalmapclearlocalnames 65507480 f   libcgraph:imap.o
 0001:00006550       _aginternalmapclose        65507550 f   libcgraph:imap.o
 0001:000066d0       _agmapnametoid             655076d0 f   libcgraph:id.o
 0001:000067c0       _agallocid                 655077c0 f   libcgraph:id.o
 0001:000067f0       _agfreeid                  655077f0 f   libcgraph:id.o
 0001:00006830       _agnameof                  65507830 f   libcgraph:id.o
 0001:00006900       _aagparse                  65507900 f   libcgraph:grammar.o
 0001:00008040       _agconcat                  65509040 f   libcgraph:grammar.o
 0001:000080a0       _agread                    655090a0 f   libcgraph:grammar.o
 0001:000080c0       _agopen                    655090c0 f   libcgraph:graph.o
 0001:00008240       _agopen1                   65509240 f   libcgraph:graph.o
 0001:000083b0       _agclose                   655093b0 f   libcgraph:graph.o
 0001:00008620       _agnextseq                 65509620 f   libcgraph:graph.o
 0001:00008650       _agnnodes                  65509650 f   libcgraph:graph.o
 0001:00008670       _agnedges                  65509670 f   libcgraph:graph.o
 0001:000086d0       _agisdirected              655096d0 f   libcgraph:graph.o
 0001:000086e0       _agisundirected            655096e0 f   libcgraph:graph.o
 0001:00008700       _agisstrict                65509700 f   libcgraph:graph.o
 0001:00008710       _agdegree                  65509710 f   libcgraph:graph.o
 0001:000087b0       _agraphidcmpf              655097b0 f   libcgraph:graph.o
 0001:000087e0       _agraphseqcmpf             655097e0 f   libcgraph:graph.o
 0001:00008820       _agflatten_edges           65509820 f   libcgraph:flatten.o
 0001:000088e0       _agflatten                 655098e0 f   libcgraph:flatten.o
 0001:000089e0       _agnotflat                 655099e0 f   libcgraph:flatten.o
 0001:00008a10       _agfstout                  65509a10 f   libcgraph:edge.o
 0001:00008a80       _agnxtout                  65509a80 f   libcgraph:edge.o
 0001:00008b10       _agfstin                   65509b10 f   libcgraph:edge.o
 0001:00008b80       _agnxtin                   65509b80 f   libcgraph:edge.o
 0001:00008c10       _agfstedge                 65509c10 f   libcgraph:edge.o
 0001:00008c50       _agnxtedge                 65509c50 f   libcgraph:edge.o
 0001:00008cd0       _agsubrep                  65509cd0 f   libcgraph:edge.o
 0001:00008d00       _agidedge                  65509d00 f   libcgraph:edge.o
 0001:000092a0       _agedge                    6550a2a0 f   libcgraph:edge.o
 0001:000093f0       _agdeledgeimage            6550a3f0 f   libcgraph:edge.o
 0001:00009510       _agdeledge                 6550a510 f   libcgraph:edge.o
 0001:00009640       _agsubedge                 6550a640 f   libcgraph:edge.o
 0001:00009760       _agedgeidcmpf              6550a760 f   libcgraph:edge.o
 0001:000097c0       _agedgeseqcmpf             6550a7c0 f   libcgraph:edge.o
 0001:00009830       _agtail                    6550a830 f   libcgraph:edge.o
 0001:00009860       _aghead                    6550a860 f   libcgraph:edge.o
 0001:00009890       _agopp                     6550a890 f   libcgraph:edge.o
 0001:000098c0       _agdatadict                6550a8c0 f   libcgraph:attr.o
 0001:00009900       _agdictof                  6550a900 f   libcgraph:attr.o
 0001:00009970       _agnewsym                  6550a970 f   libcgraph:attr.o
 0001:000099d0       _agdictsym                 6550a9d0 f   libcgraph:attr.o
 0001:00009a00       _aglocaldictsym            6550aa00 f   libcgraph:attr.o
 0001:00009a50       _agattrsym                 6550aa50 f   libcgraph:attr.o
 0001:00009af0       _agattrrec                 6550aaf0 f   libcgraph:attr.o
 0001:00009b10       _agattr                    6550ab10 f   libcgraph:attr.o
 0001:00009e40       _agnxtattr                 6550ae40 f   libcgraph:attr.o
 0001:00009ea0       _agraphattr_init           6550aea0 f   libcgraph:attr.o
 0001:0000a100       _agraphattr_delete         6550b100 f   libcgraph:attr.o
 0001:0000a220       _agnodeattr_init           6550b220 f   libcgraph:attr.o
 0001:0000a260       _agnodeattr_delete         6550b260 f   libcgraph:attr.o
 0001:0000a2a0       _agedgeattr_init           6550b2a0 f   libcgraph:attr.o
 0001:0000a2e0       _agedgeattr_delete         6550b2e0 f   libcgraph:attr.o
 0001:0000a320       _agget                     6550b320 f   libcgraph:attr.o
 0001:0000a370       _agxget                    6550b370 f   libcgraph:attr.o
 0001:0000a3a0       _agset                     6550b3a0 f   libcgraph:attr.o
 0001:0000a3f0       _agxset                    6550b3f0 f   libcgraph:attr.o
 0001:0000a520       _agsafeset                 6550b520 f   libcgraph:attr.o
 0001:0000a650       _agcopyattr                6550b650 f   libcgraph:attr.o
 0001:0000a700       _agapply                   6550b700 f   libcgraph:apply.o
 0001:0000a8b0       _agxbinit                  6550b8b0 f   libcgraph:agxbuf.o
 0001:0000a920       _agxbmore                  6550b920 f   libcgraph:agxbuf.o
 0001:0000a9e0       _agxbput_n                 6550b9e0 f   libcgraph:agxbuf.o
 0001:0000aa30       _agxbput                   6550ba30 f   libcgraph:agxbuf.o
 0001:0000aa60       _agxbfree                  6550ba60 f   libcgraph:agxbuf.o
 0001:0000aa80       _agxbpop                   6550ba80 f   libcgraph:agxbuf.o
 0001:0000aac0       _agseterr                  6550bac0 f   libcgraph:agerror.o
 0001:0000aad0       _aglasterr                 6550bad0 f   libcgraph:agerror.o
 0001:0000ab80       _agerr                     6550bb80 f   libcgraph:agerror.o
 0001:0000acd0       _agerrorf                  6550bcd0 f   libcgraph:agerror.o
 0001:0000acf0       _agwarningf                6550bcf0 f   libcgraph:agerror.o
 0001:0000ad10       _agerrors                  6550bd10 f   libcgraph:agerror.o
 0001:0000ad1a       _dtsize                    6550bd1a f   cdt:cdt.dll
 0001:0000ad20       _dtview                    6550bd20 f   cdt:cdt.dll
 0001:0000ad26       _dtopen                    6550bd26 f   cdt:cdt.dll
 0001:0000ad2c       _dtclose                   6550bd2c f   cdt:cdt.dll
 0001:0000ad32       _dtdisc                    6550bd32 f   cdt:cdt.dll
 0001:0000ad38       _dtextract                 6550bd38 f   cdt:cdt.dll
 0001:0000ad3e       _dtmethod                  6550bd3e f   cdt:cdt.dll
 0001:0000ad44       _dtrestore                 6550bd44 f   cdt:cdt.dll
 0001:0000ad97       __CRT_INIT@12              6550bd97 f   msvcrt:crtdll.obj
 0001:0000b04c       __DllMainCRTStartup@12     6550c04c f   msvcrt:crtdll.obj
 0001:0000b06e       _malloc                    6550c06e f   msvcrt:MSVCR80.dll
 0001:0000b074       _strlen                    6550c074 f   msvcrt:MSVCR80.dll
 0001:0000b07a       _strcmp                    6550c07a f   msvcrt:MSVCR80.dll
 0001:0000b080       @__security_check_cookie@4 6550c080 f   msvcrt:secchk.obj
 0001:0000b090       _free                      6550c090 f   msvcrt:MSVCR80.dll
 0001:0000b096       _strcpy                    6550c096 f   msvcrt:MSVCR80.dll
 0001:0000b09c       _strcat                    6550c09c f   msvcrt:MSVCR80.dll
 0001:0000b0a2       _memset                    6550c0a2 f   msvcrt:MSVCR80.dll
 0001:0000b0a8       _memcpy                    6550c0a8 f   msvcrt:MSVCR80.dll
 0001:0000b0ae       ___clean_type_info_names   6550c0ae f   msvcrt:tncleanup.obj
 0001:0000b0ba       __onexit                   6550c0ba f   msvcrt:atonexit.obj
 0001:0000b159       _atexit                    6550c159 f   msvcrt:atonexit.obj
 0001:0000b16b       __RTC_Initialize           6550c16b f   msvcrt:initsect.obj
 0001:0000b18f       __RTC_Terminate            6550c18f f   msvcrt:initsect.obj
 0001:0000b1c0       __ValidateImageBase        6550c1c0 f   msvcrt:pesect.obj
 0001:0000b1f0       __FindPESection            6550c1f0 f   msvcrt:pesect.obj
 0001:0000b232       __IsNonwritableInCurrentImage 6550c232 f   msvcrt:pesect.obj
 0001:0000b29e       __initterm                 6550c29e f   msvcrt:MSVCR80.dll
 0001:0000b2a4       __initterm_e               6550c2a4 f   msvcrt:MSVCR80.dll
 0001:0000b2aa       __amsg_exit                6550c2aa f   msvcrt:MSVCR80.dll
 0001:0000b2b0       ___CppXcptFilter           6550c2b0 f   msvcrt:MSVCR80.dll
 0001:0000b2b6       _DllMain@12                6550c2b6 f   msvcrt:dllmain.obj
 0001:0000b2d8       __SEH_prolog4              6550c2d8 f   msvcrt:sehprolg4.obj
 0001:0000b31d       __SEH_epilog4              6550c31d f   msvcrt:sehprolg4.obj
 0001:0000b331       __except_handler4          6550c331 f   msvcrt:chandler4gs.obj
 0001:0000b354       ___security_init_cookie    6550c354 f   msvcrt:gs_support.obj
 0001:0000b3e8       ___report_gsfailure        6550c3e8 f   msvcrt:gs_report.obj
 0001:0000b4ec       ___clean_type_info_names_internal 6550c4ec f   msvcrt:MSVCR80.dll
 0001:0000b4f2       __unlock                   6550c4f2 f   msvcrt:MSVCR80.dll
 0001:0000b4f8       ___dllonexit               6550c4f8 f   msvcrt:MSVCR80.dll
 0001:0000b4fe       __lock                     6550c4fe f   msvcrt:MSVCR80.dll
 0001:0000b504       __except_handler4_common   6550c504 f   msvcrt:MSVCR80.dll
 0001:0000b50a       __crt_debugger_hook        6550c50a f   msvcrt:MSVCR80.dll
 0001:0000b510       __isatty                   6550c510 f   msvcrt:MSVCR80.dll
 0001:0000b510       _isatty                    6550c510 f   msvcrt:MSVCR80.dll
 0002:00000000       __imp__GetTickCount@0      6550d000     KERNEL32:KERNEL32.dll
 0002:00000004       __imp__DisableThreadLibraryCalls@4 6550d004     KERNEL32:KERNEL32.dll
 0002:00000008       __imp__InterlockedCompareExchange@12 6550d008     KERNEL32:KERNEL32.dll
 0002:0000000c       __imp__IsDebuggerPresent@0 6550d00c     KERNEL32:KERNEL32.dll
 0002:00000010       __imp__SetUnhandledExceptionFilter@4 6550d010     KERNEL32:KERNEL32.dll
 0002:00000014       __imp__UnhandledExceptionFilter@4 6550d014     KERNEL32:KERNEL32.dll
 0002:00000018       __imp__GetCurrentProcess@0 6550d018     KERNEL32:KERNEL32.dll
 0002:0000001c       __imp__TerminateProcess@8  6550d01c     KERNEL32:KERNEL32.dll
 0002:00000020       __imp__GetSystemTimeAsFileTime@4 6550d020     KERNEL32:KERNEL32.dll
 0002:00000024       __imp__GetCurrentProcessId@0 6550d024     KERNEL32:KERNEL32.dll
 0002:00000028       __imp__GetCurrentThreadId@0 6550d028     KERNEL32:KERNEL32.dll
 0002:0000002c       __imp__Sleep@4             6550d02c     KERNEL32:KERNEL32.dll
 0002:00000030       __imp__InterlockedExchange@8 6550d030     KERNEL32:KERNEL32.dll
 0002:00000034       __imp__QueryPerformanceCounter@4 6550d034     KERNEL32:KERNEL32.dll
 0002:00000038       \177KERNEL32_NULL_THUNK_DATA 6550d038     KERNEL32:KERNEL32.dll
 0002:0000003c       __imp__malloc              6550d03c     msvcrt:MSVCR80.dll
 0002:00000040       __imp__realloc             6550d040     msvcrt:MSVCR80.dll
 0002:00000044       __imp__strlen              6550d044     msvcrt:MSVCR80.dll
 0002:00000048       __imp__strcmp              6550d048     msvcrt:MSVCR80.dll
 0002:0000004c       __imp__sprintf             6550d04c     msvcrt:MSVCR80.dll
 0002:00000050       __imp__strchr              6550d050     msvcrt:MSVCR80.dll
 0002:00000054       __imp__free                6550d054     msvcrt:MSVCR80.dll
 0002:00000058       __imp__abort               6550d058     msvcrt:MSVCR80.dll
 0002:0000005c       __imp__fwrite              6550d05c     msvcrt:MSVCR80.dll
 0002:00000060       __imp____iob_func          6550d060     msvcrt:MSVCR80.dll
 0002:00000064       __imp__sscanf              6550d064     msvcrt:MSVCR80.dll
 0002:00000068       __imp__strncmp             6550d068     msvcrt:MSVCR80.dll
 0002:0000006c       __imp__strcpy              6550d06c     msvcrt:MSVCR80.dll
 0002:00000070       __imp__strcat              6550d070     msvcrt:MSVCR80.dll
 0002:00000074       __imp___errno              6550d074     msvcrt:MSVCR80.dll
 0002:00000078       __imp__memset              6550d078     msvcrt:MSVCR80.dll
 0002:0000007c       __imp__tolower             6550d07c     msvcrt:MSVCR80.dll
 0002:00000080       __imp__fprintf             6550d080     msvcrt:MSVCR80.dll
 0002:00000084       __imp__fputs               6550d084     msvcrt:MSVCR80.dll
 0002:00000088       __imp__fflush              6550d088     msvcrt:MSVCR80.dll
 0002:0000008c       __imp__memcpy              6550d08c     msvcrt:MSVCR80.dll
 0002:00000090       __imp__fread               6550d090     msvcrt:MSVCR80.dll
 0002:00000094       __imp__fseek               6550d094     msvcrt:MSVCR80.dll
 0002:00000098       __imp__read                6550d098     msvcrt:MSVCR80.dll
 0002:00000098       __imp___read               6550d098     msvcrt:MSVCR80.dll
 0002:0000009c       __imp__tmpfile             6550d09c     msvcrt:MSVCR80.dll
 0002:000000a0       __imp__vfprintf            6550d0a0     msvcrt:MSVCR80.dll
 0002:000000a4       __imp___encode_pointer     6550d0a4     msvcrt:MSVCR80.dll
 0002:000000a8       __imp___malloc_crt         6550d0a8     msvcrt:MSVCR80.dll
 0002:000000ac       __imp___encoded_null       6550d0ac     msvcrt:MSVCR80.dll
 0002:000000b0       __imp___decode_pointer     6550d0b0     msvcrt:MSVCR80.dll
 0002:000000b4       __imp___initterm           6550d0b4     msvcrt:MSVCR80.dll
 0002:000000b8       __imp___initterm_e         6550d0b8     msvcrt:MSVCR80.dll
 0002:000000bc       __imp___amsg_exit          6550d0bc     msvcrt:MSVCR80.dll
 0002:000000c0       __imp___adjust_fdiv        6550d0c0     msvcrt:MSVCR80.dll
 0002:000000c4       __imp____CppXcptFilter     6550d0c4     msvcrt:MSVCR80.dll
 0002:000000c8       __imp____clean_type_info_names_internal 6550d0c8     msvcrt:MSVCR80.dll
 0002:000000cc       __imp___unlock             6550d0cc     msvcrt:MSVCR80.dll
 0002:000000d0       __imp____dllonexit         6550d0d0     msvcrt:MSVCR80.dll
 0002:000000d4       __imp___lock               6550d0d4     msvcrt:MSVCR80.dll
 0002:000000d8       __imp___onexit             6550d0d8     msvcrt:MSVCR80.dll
 0002:000000dc       __imp___except_handler4_common 6550d0dc     msvcrt:MSVCR80.dll
 0002:000000e0       __imp___crt_debugger_hook  6550d0e0     msvcrt:MSVCR80.dll
 0002:000000e4       __imp__isdigit             6550d0e4     msvcrt:MSVCR80.dll
 0002:000000e8       __imp__isalnum             6550d0e8     msvcrt:MSVCR80.dll
 0002:000000ec       __imp___isatty             6550d0ec     msvcrt:MSVCR80.dll
 0002:000000f0       __imp__fileno              6550d0f0     msvcrt:MSVCR80.dll
 0002:000000f0       __imp___fileno             6550d0f0     msvcrt:MSVCR80.dll
 0002:000000f4       __imp__exit                6550d0f4     msvcrt:MSVCR80.dll
 0002:000000f8       __imp__ftell               6550d0f8     msvcrt:MSVCR80.dll
 0002:000000fc       \177MSVCR80_NULL_THUNK_DATA 6550d0fc     msvcrt:MSVCR80.dll
 0002:00000100       __imp__dtrestore           6550d100     cdt:cdt.dll
 0002:00000104       __imp__Dtlist              6550d104     cdt:cdt.dll
 0002:00000108       __imp__Dtoset              6550d108     cdt:cdt.dll
 0002:0000010c       __imp__dtmethod            6550d10c     cdt:cdt.dll
 0002:00000110       __imp__dtextract           6550d110     cdt:cdt.dll
 0002:00000114       __imp__Dttree              6550d114     cdt:cdt.dll
 0002:00000118       __imp__dtdisc              6550d118     cdt:cdt.dll
 0002:0000011c       __imp__dtclose             6550d11c     cdt:cdt.dll
 0002:00000120       __imp__dtopen              6550d120     cdt:cdt.dll
 0002:00000124       __imp__dtview              6550d124     cdt:cdt.dll
 0002:00000128       __imp__dtsize              6550d128     cdt:cdt.dll
 0002:0000012c       \177cdt_NULL_THUNK_DATA    6550d12c     cdt:cdt.dll
 0002:00000130       ___xc_a                    6550d130     msvcrt:cinitexe.obj
 0002:00000134       ___xc_z                    6550d134     msvcrt:cinitexe.obj
 0002:00000138       ___xi_a                    6550d138     msvcrt:cinitexe.obj
 0002:00000140       ___xi_z                    6550d140     msvcrt:cinitexe.obj
 0002:00000490       _AgraphVersion             6550d490     libcgraph:graph.o
 0002:00000498       __pRawDllMain              6550d498     msvcrt:crtdll.obj
 0002:00000498       __pDefaultRawDllMain       6550d498     msvcrt:crtdll.obj
 0002:000004a8       __load_config_used         6550d4a8     msvcrt:loadcfg.obj
 0002:000004f0       ___safe_se_handler_table   6550d4f0     <linker-defined>
 0002:000004f4       ___rtc_iaa                 6550d4f4     msvcrt:initsect.obj
 0002:000004f8       ___rtc_izz                 6550d4f8     msvcrt:initsect.obj
 0002:000004fc       ___rtc_taa                 6550d4fc     msvcrt:initsect.obj
 0002:00000500       ___rtc_tzz                 6550d500     msvcrt:initsect.obj
 0002:0000056c       __IMPORT_DESCRIPTOR_cdt    6550d56c     cdt:cdt.dll
 0002:00000580       __IMPORT_DESCRIPTOR_MSVCR80 6550d580     msvcrt:MSVCR80.dll
 0002:00000594       __IMPORT_DESCRIPTOR_KERNEL32 6550d594     KERNEL32:KERNEL32.dll
 0002:000005a8       __NULL_IMPORT_DESCRIPTOR   6550d5a8     cdt:cdt.dll
 0003:00000110       _aaglineno                 6550f110     libcgraph:scan.o
 0003:00000e78       _Ag_subnode_id_disc        6550fe78     libcgraph:node.o
 0003:00000e9c       _Ag_subnode_seq_disc       6550fe9c     libcgraph:node.o
 0003:00000ec0       _AgMemDisc                 6550fec0     libcgraph:mem.o
 0003:00000f10       _AgIoDisc                  6550ff10     libcgraph:io.o
 0003:00000f68       _AgIdDisc                  6550ff68     libcgraph:id.o
 0003:0000107c       _Ag_subgraph_id_disc       6551007c     libcgraph:graph.o
 0003:000010a0       _Agdirected                655100a0     libcgraph:graph.o
 0003:000010a4       _Agstrictdirected          655100a4     libcgraph:graph.o
 0003:000010a8       _Agundirected              655100a8     libcgraph:graph.o
 0003:000010ac       _Agstrictundirected        655100ac     libcgraph:graph.o
 0003:000010b0       _AgDefaultDisc             655100b0     libcgraph:graph.o
 0003:000010d0       _Ag_mainedge_seq_disc      655100d0     libcgraph:edge.o
 0003:000010f4       _Ag_subedge_seq_disc       655100f4     libcgraph:edge.o
 0003:00001118       _Ag_mainedge_id_disc       65510118     libcgraph:edge.o
 0003:0000113c       _Ag_subedge_id_disc        6551013c     libcgraph:edge.o
 0003:00001160       _AgDataDictDisc            65510160     libcgraph:attr.o
 0003:000011a4       _AgDataRecName             655101a4     libcgraph:attr.o
 0003:000011c0       ___security_cookie         655101c0     msvcrt:gs_cookie.obj
 0003:000011c4       ___security_cookie_complement 655101c4     msvcrt:gs_cookie.obj
 0003:000011c8       ___native_dllmain_reason   655101c8     msvcrt:natstart.obj
 0003:000011cc       ___native_vcclrit_reason   655101cc     msvcrt:natstart.obj
 0003:00001240       _aagin                     65510240     libcgraph:scan.o
 0003:00001244       _aagout                    65510244     libcgraph:scan.o
 0003:00001248       _aag_flex_debug            65510248     libcgraph:scan.o
 0003:00001344       ?__type_info_root_node@@3U__type_info_node@@A 65510344     msvcrt:tncleanup.obj
 0003:00001674       _agerrno                   65510674     <common>
 0003:00001678       _Ag_G_global               65510678     <common>
 0003:0000167c       _aagchar                   6551067c     <common>
 0003:00001680       _aagnerrs                  65510680     <common>
 0003:00001684       _aaglval                   65510684     <common>
 0003:00001688       _aagtext                   65510688     <common>
 0003:0000168c       _aagleng                   6551068c     <common>
 0003:00001690       __adjust_fdiv              65510690     <common>
 0003:00001694       ___native_startup_state    65510694     <common>
 0003:00001698       ___native_startup_lock     65510698     <common>
 0003:0000169c       ___onexitend               6551069c     <common>
 0003:000016a0       ___onexitbegin             655106a0     <common>
 0003:000016a4       ___dyn_tls_init_callback   655106a4     <common>

 entry point at        0001:0000b04c

 Static symbols

 0001:00000040       __agstrcanon               65501040 f   libcgraph:write.o
 0001:00000210       _strcasecmp                65501210 f   libcgraph:write.o
 0001:00000290       _agcanonhtmlstr            65501290 f   libcgraph:write.o
 0001:00000320       _getoutputbuffer           65501320 f   libcgraph:write.o
 0001:00000430       _irrelevant_subgraph       65501430 f   libcgraph:write.o
 0001:000005e0       _write_hdr                 655015e0 f   libcgraph:write.o
 0001:000007a0       _ioput                     655017a0 f   libcgraph:write.o
 0001:000007c0       _indent                    655017c0 f   libcgraph:write.o
 0001:00000800       _write_canonstr            65501800 f   libcgraph:write.o
 0001:00000820       __write_canonstr           65501820 f   libcgraph:write.o
 0001:00000870       _write_dicts               65501870 f   libcgraph:write.o
 0001:000008f0       _write_dict                655018f0 f   libcgraph:write.o
 0001:00000ad0       _write_trl                 65501ad0 f   libcgraph:write.o
 0001:00000b10       _write_body                65501b10 f   libcgraph:write.o
 0001:00000c50       _write_subgs               65501c50 f   libcgraph:write.o
 0001:00000cd0       _write_node                65501cd0 f   libcgraph:write.o
 0001:00000d40       _write_nondefault_attrs    65501d40 f   libcgraph:write.o
 0001:00000f50       _write_edge_name           65501f50 f   libcgraph:write.o
 0001:00000fe0       _write_nodename            65501fe0 f   libcgraph:write.o
 0001:00001070       _attrs_written             65502070 f   libcgraph:write.o
 0001:00001080       _write_node_test           65502080 f   libcgraph:write.o
 0001:000010f0       _has_no_edges              655020f0 f   libcgraph:write.o
 0001:00001140       _has_no_predecessor_below  65502140 f   libcgraph:write.o
 0001:000011b0       _not_default_attrs         655021b0 f   libcgraph:write.o
 0001:00001240       _write_edge_test           65502240 f   libcgraph:write.o
 0001:000012b0       _write_edge                655022b0 f   libcgraph:write.o
 0001:00001400       _write_port                65502400 f   libcgraph:write.o
 0001:00001510       _set_attrwf                65502510 f   libcgraph:write.o
 0001:00001870       _agfindsubg_by_id          65502870 f   libcgraph:subg.o
 0001:000018c0       _localsubg                 655028c0 f   libcgraph:subg.o
 0001:00002910       _beginstr                  65503910 f   libcgraph:scan.o
 0001:00002960       _addstr                    65503960 f   libcgraph:scan.o
 0001:00002a40       _endstr                    65503a40 f   libcgraph:scan.o
 0001:00002a60       _endstr_html               65503a60 f   libcgraph:scan.o
 0001:00002a80       _ppDirective               65503a80 f   libcgraph:scan.o
 0001:00002b40       _storeFileName             65503b40 f   libcgraph:scan.o
 0001:00002bc0       _chkNum                    65503bc0 f   libcgraph:scan.o
 0001:00002c60       _aag_get_next_buffer       65503c60 f   libcgraph:scan.o
 0001:00002fa0       _aag_get_previous_state    65503fa0 f   libcgraph:scan.o
 0001:000030a0       _aag_try_NUL_trans         655040a0 f   libcgraph:scan.o
 0001:000032c0       _aag_load_buffer_state     655042c0 f   libcgraph:scan.o
 0001:00003430       _aag_init_buffer           65504430 f   libcgraph:scan.o
 0001:00003720       _aagensure_buffer_stack    65504720 f   libcgraph:scan.o
 0001:00003990       _aag_fatal_error           65504990 f   libcgraph:scan.o
 0001:00003b00       _aag_init_globals          65504b00 f   libcgraph:scan.o
 0001:00003c80       _aagunput                  65504c80 f   libcgraph:scan.o
 0001:00003e10       _refdict                   65504e10 f   libcgraph:refstr.o
 0001:00003ea0       _refstrbind                65504ea0 f   libcgraph:refstr.o
 0001:00003ed0       _refsymbind                65504ed0 f   libcgraph:refstr.o
 0001:00004280       _set_data                  65505280 f   libcgraph:rec.o
 0001:00004410       _objputrec                 65505410 f   libcgraph:rec.o
 0001:00004560       _objdelrec                 65505560 f   libcgraph:rec.o
 0001:000045b0       _listdelrec                655055b0 f   libcgraph:rec.o
 0001:000047a0       _simple_delrec             655057a0 f   libcgraph:rec.o
 0001:00004830       _freef                     65505830 f   libcgraph:pend.o
 0001:00004860       _free_symlist              65505860 f   libcgraph:pend.o
 0001:00004a80       _dictof                    65505a80 f   libcgraph:pend.o
 0001:00004bb0       _lookup                    65505bb0 f   libcgraph:pend.o
 0001:00004bf0       _genkey                    65505bf0 f   libcgraph:pend.o
 0001:00004c00       _record_sym                65505c00 f   libcgraph:pend.o
 0001:00004c90       _insert                    65505c90 f   libcgraph:pend.o
 0001:00004d20       _purge                     65505d20 f   libcgraph:pend.o
 0001:00004dc0       _agrelease_callbacks       65505dc0 f   libcgraph:pend.o
 0001:00004ea0       _cb                        65505ea0 f   libcgraph:pend.o
 0001:000058c0       _newnode                   655068c0 f   libcgraph:node.o
 0001:00005950       _installnodetoroot         65506950 f   libcgraph:node.o
 0001:00005990       _installnode               65506990 f   libcgraph:node.o
 0001:00005a10       _initnode                  65506a10 f   libcgraph:node.o
 0001:00005dd0       _dict_relabel              65506dd0 f   libcgraph:node.o
 0001:00005f30       _memopen                   65506f30 f   libcgraph:mem.o
 0001:00005f40       _memalloc                  65506f40 f   libcgraph:mem.o
 0001:00005f70       _memresize                 65506f70 f   libcgraph:mem.o
 0001:00005fb0       _memfree                   65506fb0 f   libcgraph:mem.o
 0001:000060e0       _iofread                   655070e0 f   libcgraph:io.o
 0001:00006110       _ioputstr                  65507110 f   libcgraph:io.o
 0001:00006130       _ioflush                   65507130 f   libcgraph:io.o
 0001:00006150       _idcmpf                    65507150 f   libcgraph:imap.o
 0001:00006180       _namecmpf                  65507180 f   libcgraph:imap.o
 0001:00006370       _find_isym                 65507370 f   libcgraph:imap.o
 0001:00006590       _closeit                   65507590 f   libcgraph:imap.o
 0001:000065e0       _idopen                    655075e0 f   libcgraph:id.o
 0001:000065f0       _idmap                     655075f0 f   libcgraph:id.o
 0001:00006660       _idalloc                   65507660 f   libcgraph:id.o
 0001:00006670       _idfree                    65507670 f   libcgraph:id.o
 0001:000066a0       _idprint                   655076a0 f   libcgraph:id.o
 0001:000066c0       _idclose                   655076c0 f   libcgraph:id.o
 0001:000073f0       _aagdestruct               655083f0 f   libcgraph:grammar.o
 0001:00007410       _appendattr                65508410 f   libcgraph:grammar.o
 0001:00007440       _cons_attr                 65508440 f   libcgraph:grammar.o
 0001:00007460       _newitem                   65508460 f   libcgraph:grammar.o
 0001:000074a0       _listapp                   655084a0 f   libcgraph:grammar.o
 0001:000074e0       _attrstmt                  655084e0 f   libcgraph:grammar.o
 0001:000075c0       _deletelist                655085c0 f   libcgraph:grammar.o
 0001:000075f0       _delete_items              655085f0 f   libcgraph:grammar.o
 0001:00007680       _bindattrs                 65508680 f   libcgraph:grammar.o
 0001:00007750       _nomacros                  65508750 f   libcgraph:grammar.o
 0001:00007770       _appendnode                65508770 f   libcgraph:grammar.o
 0001:000077e0       _cons_node                 655087e0 f   libcgraph:grammar.o
 0001:00007800       _endnode                   65508800 f   libcgraph:grammar.o
 0001:00007860       _applyattrs                65508860 f   libcgraph:grammar.o
 0001:000078c0       _bufferedges               655088c0 f   libcgraph:grammar.o
 0001:00007930       _cons_list                 65508930 f   libcgraph:grammar.o
 0001:00007950       _cons_subg                 65508950 f   libcgraph:grammar.o
 0001:00007970       _endedge                   65508970 f   libcgraph:grammar.o
 0001:00007ae0       _concat                    65508ae0 f   libcgraph:grammar.o
 0001:00007be0       _concatPort                65508be0 f   libcgraph:grammar.o
 0001:00007cd0       _edgerhs                   65508cd0 f   libcgraph:grammar.o
 0001:00007da0       _newedge                   65508da0 f   libcgraph:grammar.o
 0001:00007ea0       _mkport                    65508ea0 f   libcgraph:grammar.o
 0001:00007f10       _startgraph                65508f10 f   libcgraph:grammar.o
 0001:00007fa0       _endgraph                  65508fa0 f   libcgraph:grammar.o
 0001:00007fc0       _opensubg                  65508fc0 f   libcgraph:grammar.o
 0001:00008000       _closesubg                 65509000 f   libcgraph:grammar.o
 0001:00008180       _agclos                    65509180 f   libcgraph:graph.o
 0001:00008880       _agflatten_elist           65509880 f   libcgraph:flatten.o
 0001:00008e00       _agfindedge_by_id          65509e00 f   libcgraph:edge.o
 0001:00008e50       _agfindedge_by_key         65509e50 f   libcgraph:edge.o
 0001:00008f30       _subedge                   65509f30 f   libcgraph:edge.o
 0001:00008f50       _installedge               65509f50 f   libcgraph:edge.o
 0001:000090d0       _ins                       6550a0d0 f   libcgraph:edge.o
 0001:00009110       _newedge                   6550a110 f   libcgraph:edge.o
 0001:00009230       _ok_to_make_edge           6550a230 f   libcgraph:edge.o
 0001:000094d0       _del                       6550a4d0 f   libcgraph:edge.o
 0001:00009aa0       _freesym                   6550aaa0 f   libcgraph:attr.o
 0001:00009db0       _addattr                   6550adb0 f   libcgraph:attr.o
 0001:00009ed0       _agmakedatadict            6550aed0 f   libcgraph:attr.o
 0001:00009fc0       _agmakeattrs               6550afc0 f   libcgraph:attr.o
 0001:0000a0c0       _topdictsize               6550b0c0 f   libcgraph:attr.o
 0001:0000a1b0       _freeattr                  6550b1b0 f   libcgraph:attr.o
 0001:0000a5a0       _init_all_attrs            6550b5a0 f   libcgraph:attr.o
 0001:0000a7a0       _subnode_search            6550b7a0 f   libcgraph:apply.o
 0001:0000a7d0       _subedge_search            6550b7d0 f   libcgraph:apply.o
 0001:0000a800       _subgraph_search           6550b800 f   libcgraph:apply.o
 0001:0000a810       _rec_apply                 6550b810 f   libcgraph:apply.o
 0001:0000abb0       _agerr_va                  6550bbb0 f   libcgraph:agerror.o
 0001:0000ad4a       _pre_c_init                6550bd4a f   msvcrt:crtdll.obj
 0001:0000af36       ___DllMainCRTStartup       6550bf36 f   msvcrt:crtdll.obj
