 gvplugin_gd

 Timestamp is 48752c7b (Wed Jul 09 17:24:11 2008)

 Preferred load address is 64380000

 Start         Length     Name                   Class
 0001:00000000 0001bbfeH .text                   CODE
 0002:00000000 000002b4H .idata$5                DATA
 0002:000002b4 00000004H .CRT$XCA                DATA
 0002:000002b8 00000004H .CRT$XCZ                DATA
 0002:000002bc 00000004H .CRT$XIA                DATA
 0002:000002c0 00000004H .CRT$XIAA               DATA
 0002:000002c4 00000004H .CRT$XIC                DATA
 0002:000002c8 00000004H .CRT$XIZ                DATA
 0002:000002d0 000001e0H .rdata                  DATA
 0002:000004b0 00000004H .rdata$sxdata           DATA
 0002:000004b4 00000004H .rtc$IAA                DATA
 0002:000004b8 00000004H .rtc$IZZ                DATA
 0002:000004bc 00000004H .rtc$TAA                DATA
 0002:000004c0 00000004H .rtc$TZZ                DATA
 0002:000004c8 00000084H .xdata$x                DATA
 0002:0000054c 000000c8H .idata$2                DATA
 0002:00000614 00000014H .idata$3                DATA
 0002:00000628 000002b4H .idata$4                DATA
 0002:000008dc 000007c2H .idata$6                DATA
 0002:000010a0 000015beH .edata                  DATA
 0003:00000000 00021b28H .data                   DATA
 0003:00021b28 00000c18H .bss                    DATA

  Address         Publics by Value              Rva+Base       Lib:Object

 0000:00000000       __except_list              00000000     <absolute>
 0000:00000001       ___safe_se_handler_count   00000001     <absolute>
 0000:00009876       __fltused                  00009876     <absolute>
 0000:00009876       __ldused                   00009876     <absolute>
 0000:00000000       ___ImageBase               64380000     <linker-defined>
 0001:00000000       _getmbi                    64381000 f   libgvplugin_gd:wbmp.o
 0001:00000050       _putmbi                    64381050 f   libgvplugin_gd:wbmp.o
 0001:000000f0       _skipheader                643810f0 f   libgvplugin_gd:wbmp.o
 0001:00000120       _createwbmp                64381120 f   libgvplugin_gd:wbmp.o
 0001:00000210       _readwbmp                  64381210 f   libgvplugin_gd:wbmp.o
 0001:00000430       _writewbmp                 64381430 f   libgvplugin_gd:wbmp.o
 0001:00000540       _freewbmp                  64381540 f   libgvplugin_gd:wbmp.o
 0001:00000560       _printwbmp                 64381560 f   libgvplugin_gd:wbmp.o
 0001:000005f0       _gd_putout                 643815f0 f   libgvplugin_gd:gd_wbmp.o
 0001:00000610       _gd_getin                  64381610 f   libgvplugin_gd:gd_wbmp.o
 0001:00000630       _gdImageWBMPCtx            64381630 f   libgvplugin_gd:gd_wbmp.o
 0001:00000730       _gdImageCreateFromWBMPCtx  64381730 f   libgvplugin_gd:gd_wbmp.o
 0001:00000870       _gdImageCreateFromWBMP     64381870 f   libgvplugin_gd:gd_wbmp.o
 0001:000008b0       _gdImageCreateFromWBMPPtr  643818b0 f   libgvplugin_gd:gd_wbmp.o
 0001:000008f0       _gdImageWBMP               643818f0 f   libgvplugin_gd:gd_wbmp.o
 0001:00000930       _gdImageWBMPPtr            64381930 f   libgvplugin_gd:gd_wbmp.o
 0001:00000990       _gdImageCreatePaletteFromTrueColor 64381990 f   libgvplugin_gd:gd_topal.o
 0001:000009c0       _gdImageTrueColorToPalette 643819c0 f   libgvplugin_gd:gd_topal.o
 0001:00002aa0       _gdImagePngToSink          64383aa0 f   libgvplugin_gd:gd_ss.o
 0001:00002ae0       _gdImageCreateFromPngSource 64383ae0 f   libgvplugin_gd:gd_ss.o
 0001:00002b20       _overflow2                 64383b20 f   libgvplugin_gd:gd_security.o
 0001:00002b90       _gdImageCreateFromPng      64383b90 f   libgvplugin_gd:gd_png.o
 0001:00002bd0       _gdImageCreateFromPngPtr   64383bd0 f   libgvplugin_gd:gd_png.o
 0001:00002c10       _gdImageCreateFromPngCtx   64383c10 f   libgvplugin_gd:gd_png.o
 0001:000037d0       _gdImagePngEx              643847d0 f   libgvplugin_gd:gd_png.o
 0001:00003810       _gdImagePng                64384810 f   libgvplugin_gd:gd_png.o
 0001:00003850       _gdImagePngPtr             64384850 f   libgvplugin_gd:gd_png.o
 0001:000038b0       _gdImagePngPtrEx           643848b0 f   libgvplugin_gd:gd_png.o
 0001:00003910       _gdImagePngCtx             64384910 f   libgvplugin_gd:gd_png.o
 0001:00003930       _gdImagePngCtxEx           64384930 f   libgvplugin_gd:gd_png.o
 0001:000045d0       _gdImageJpeg               643855d0 f   libgvplugin_gd:gd_jpeg.o
 0001:00004610       _gdImageJpegPtr            64385610 f   libgvplugin_gd:gd_jpeg.o
 0001:00004670       _gdImageJpegCtx            64385670 f   libgvplugin_gd:gd_jpeg.o
 0001:00004c50       _gdImageCreateFromJpeg     64385c50 f   libgvplugin_gd:gd_jpeg.o
 0001:00004c90       _gdImageCreateFromJpegPtr  64385c90 f   libgvplugin_gd:gd_jpeg.o
 0001:00004cd0       _gdImageCreateFromJpegCtx  64385cd0 f   libgvplugin_gd:gd_jpeg.o
 0001:000053f0       _init_source               643863f0 f   libgvplugin_gd:gd_jpeg.o
 0001:00005410       _fill_input_buffer         64386410 f   libgvplugin_gd:gd_jpeg.o
 0001:00005520       _skip_input_data           64386520 f   libgvplugin_gd:gd_jpeg.o
 0001:00005580       _term_source               64386580 f   libgvplugin_gd:gd_jpeg.o
 0001:00005590       _jpeg_gdIOCtx_src          64386590 f   libgvplugin_gd:gd_jpeg.o
 0001:00005640       _init_destination          64386640 f   libgvplugin_gd:gd_jpeg.o
 0001:00005690       _empty_output_buffer       64386690 f   libgvplugin_gd:gd_jpeg.o
 0001:00005700       _term_destination          64386700 f   libgvplugin_gd:gd_jpeg.o
 0001:00005760       _jpeg_gdIOCtx_dest         64386760 f   libgvplugin_gd:gd_jpeg.o
 0001:000057c0       _gdNewSSCtx                643867c0 f   libgvplugin_gd:gd_io_ss.o
 0001:00005950       _gdNewFileCtx              64386950 f   libgvplugin_gd:gd_io_file.o
 0001:00005ae0       _gdNewDynamicCtx           64386ae0 f   libgvplugin_gd:gd_io_dp.o
 0001:00005b00       _gdNewDynamicCtxEx         64386b00 f   libgvplugin_gd:gd_io_dp.o
 0001:00005ba0       _gdDPExtractData           64386ba0 f   libgvplugin_gd:gd_io_dp.o
 0001:00006130       _Putword                   64387130 f   libgvplugin_gd:gd_io.o
 0001:00006170       _Putchar                   64387170 f   libgvplugin_gd:gd_io.o
 0001:00006190       _gdPutC                    64387190 f   libgvplugin_gd:gd_io.o
 0001:000061b0       _gdPutWord                 643871b0 f   libgvplugin_gd:gd_io.o
 0001:000061f0       _gdPutInt                  643871f0 f   libgvplugin_gd:gd_io.o
 0001:00006270       _gdGetC                    64387270 f   libgvplugin_gd:gd_io.o
 0001:00006290       _gdGetByte                 64387290 f   libgvplugin_gd:gd_io.o
 0001:000062c0       _gdGetWord                 643872c0 f   libgvplugin_gd:gd_io.o
 0001:00006320       _gdGetInt                  64387320 f   libgvplugin_gd:gd_io.o
 0001:000063e0       _gdPutBuf                  643873e0 f   libgvplugin_gd:gd_io.o
 0001:00006400       _gdGetBuf                  64387400 f   libgvplugin_gd:gd_io.o
 0001:00006420       _gdSeek                    64387420 f   libgvplugin_gd:gd_io.o
 0001:00006440       _gdTell                    64387440 f   libgvplugin_gd:gd_io.o
 0001:00006460       _gdImageGifPtr             64387460 f   libgvplugin_gd:gd_gif_out.o
 0001:000064c0       _gdImageGif                643874c0 f   libgvplugin_gd:gd_gif_out.o
 0001:00006500       _gdImageGifCtx             64387500 f   libgvplugin_gd:gd_gif_out.o
 0001:000065d0       _gdImageGifAnimBeginPtr    643875d0 f   libgvplugin_gd:gd_gif_out.o
 0001:00006630       _gdImageGifAnimBegin       64387630 f   libgvplugin_gd:gd_gif_out.o
 0001:00006670       _gdImageGifAnimBeginCtx    64387670 f   libgvplugin_gd:gd_gif_out.o
 0001:00006800       _gdImageGifAnimAddPtr      64387800 f   libgvplugin_gd:gd_gif_out.o
 0001:00006870       _gdImageGifAnimAdd         64387870 f   libgvplugin_gd:gd_gif_out.o
 0001:000068c0       _gdImageGifAnimAddCtx      643878c0 f   libgvplugin_gd:gd_gif_out.o
 0001:00006f60       _gdImageGifAnimEnd         64387f60 f   libgvplugin_gd:gd_gif_out.o
 0001:00006f80       _gdImageGifAnimEndPtr      64387f80 f   libgvplugin_gd:gd_gif_out.o
 0001:00006fc0       _gdImageGifAnimEndCtx      64387fc0 f   libgvplugin_gd:gd_gif_out.o
 0001:00007f90       _gdImageCreateFromGif      64388f90 f   libgvplugin_gd:gd_gif_in.o
 0001:00007fe0       _gdImageCreateFromGifPtr   64388fe0 f   libgvplugin_gd:gd_gif_in.o
 0001:00008020       _gdImageCreateFromGifCtx   64389020 f   libgvplugin_gd:gd_gif_in.o
 0001:00009130       _gdImageCreateFromGd2      6438a130 f   libgvplugin_gd:gd_gd2.o
 0001:00009170       _gdImageCreateFromGd2Ptr   6438a170 f   libgvplugin_gd:gd_gd2.o
 0001:000091b0       _gdImageCreateFromGd2Ctx   6438a1b0 f   libgvplugin_gd:gd_gd2.o
 0001:00009950       _gdImageCreateFromGd2Part  6438a950 f   libgvplugin_gd:gd_gd2.o
 0001:000099a0       _gdImageCreateFromGd2PartPtr 6438a9a0 f   libgvplugin_gd:gd_gd2.o
 0001:000099f0       _gdImageCreateFromGd2PartCtx 6438a9f0 f   libgvplugin_gd:gd_gd2.o
 0001:00009fb0       _gdImageGd2                6438afb0 f   libgvplugin_gd:gd_gd2.o
 0001:0000a5e0       _gdImageGd2Ptr             6438b5e0 f   libgvplugin_gd:gd_gd2.o
 0001:0000a640       __gdGetColors              6438b640 f   libgvplugin_gd:gd_gd.o
 0001:0000a820       _gdImageCreateFromGd       6438b820 f   libgvplugin_gd:gd_gd.o
 0001:0000a860       _gdImageCreateFromGdPtr    6438b860 f   libgvplugin_gd:gd_gd.o
 0001:0000a8a0       _gdImageCreateFromGdCtx    6438b8a0 f   libgvplugin_gd:gd_gd.o
 0001:0000aab0       __gdPutColors              6438bab0 f   libgvplugin_gd:gd_gd.o
 0001:0000aba0       _gdImageGd                 6438bba0 f   libgvplugin_gd:gd_gd.o
 0001:0000ad00       _gdImageGdPtr              6438bd00 f   libgvplugin_gd:gd_gd.o
 0001:0000ad60       _gdImageCreateFromXpm      6438bd60 f   libgvplugin_gd:gdxpm.o
 0001:0000ad80       _any2eucjp                 6438bd80 f   libgvplugin_gd:gdkanji.o
 0001:0000be70       _gd_strtok_r               6438ce70 f   libgvplugin_gd:gdhelpers.o
 0001:0000bfb0       _gdCalloc                  6438cfb0 f   libgvplugin_gd:gdhelpers.o
 0001:0000bfd0       _gdMalloc                  6438cfd0 f   libgvplugin_gd:gdhelpers.o
 0001:0000bff0       _gdRealloc                 6438cff0 f   libgvplugin_gd:gdhelpers.o
 0001:0000c010       _gdFree                    6438d010 f   libgvplugin_gd:gdhelpers.o
 0001:0000c030       _gdImageStringFTCircle     6438d030 f   libgvplugin_gd:gdfx.o
 0001:0000cc30       _gdImageSquareToCircle     6438dc30 f   libgvplugin_gd:gdfx.o
 0001:0000d010       _gdImageSubSharpen         6438e010 f   libgvplugin_gd:gdfx.o
 0001:0000d1a0       _gdImageSharpen            6438e1a0 f   libgvplugin_gd:gdfx.o
 0001:0000d430       _gdImageStringTTF          6438e430 f   libgvplugin_gd:gdft.o
 0001:0000d470       _gdFreeFontCache           6438e470 f   libgvplugin_gd:gdft.o
 0001:0000d480       _gdFontCacheShutdown       6438e480 f   libgvplugin_gd:gdft.o
 0001:0000d4c0       _gdImageStringFT           6438e4c0 f   libgvplugin_gd:gdft.o
 0001:0000d500       _gdFontCacheSetup          6438e500 f   libgvplugin_gd:gdft.o
 0001:0000d810       _gdImageStringFTEx         6438e810 f   libgvplugin_gd:gdft.o
 0001:0000f3d0       _gdFTUseFontConfig         643903d0 f   libgvplugin_gd:gdft.o
 0001:0000f3e0       _gdFontGetTiny             643903e0 f   libgvplugin_gd:gdfontt.o
 0001:0000f3f0       _gdFontGetSmall            643903f0 f   libgvplugin_gd:gdfonts.o
 0001:0000f400       _gdFontGetMediumBold       64390400 f   libgvplugin_gd:gdfontmb.o
 0001:0000f410       _gdFontGetLarge            64390410 f   libgvplugin_gd:gdfontl.o
 0001:0000f420       _gdFontGetGiant            64390420 f   libgvplugin_gd:gdfontg.o
 0001:0000f430       _gdCacheCreate             64390430 f   libgvplugin_gd:gdcache.o
 0001:0000f480       _gdCacheDelete             64390480 f   libgvplugin_gd:gdcache.o
 0001:0000f4e0       _gdCacheGet                643904e0 f   libgvplugin_gd:gdcache.o
 0001:0000f610       _gdImageCreate             64390610 f   libgvplugin_gd:gd.o
 0001:0000f890       _gdImageCreateTrueColor    64390890 f   libgvplugin_gd:gd.o
 0001:0000faf0       _gdImageDestroy            64390af0 f   libgvplugin_gd:gd.o
 0001:0000fbe0       _gdImageColorClosest       64390be0 f   libgvplugin_gd:gd.o
 0001:0000fc00       _gdImageColorClosestAlpha  64390c00 f   libgvplugin_gd:gd.o
 0001:0000fd20       _gdImageColorClosestHWB    64390d20 f   libgvplugin_gd:gd.o
 0001:000100f0       _gdImageColorExact         643910f0 f   libgvplugin_gd:gd.o
 0001:00010110       _gdImageColorExactAlpha    64391110 f   libgvplugin_gd:gd.o
 0001:000101c0       _gdImageColorAllocate      643911c0 f   libgvplugin_gd:gd.o
 0001:000101e0       _gdImageColorAllocateAlpha 643911e0 f   libgvplugin_gd:gd.o
 0001:000102d0       _gdImageColorResolve       643912d0 f   libgvplugin_gd:gd.o
 0001:000102f0       _gdImageColorResolveAlpha  643912f0 f   libgvplugin_gd:gd.o
 0001:000104a0       _gdImageColorDeallocate    643914a0 f   libgvplugin_gd:gd.o
 0001:000104d0       _gdImageColorTransparent   643914d0 f   libgvplugin_gd:gd.o
 0001:00010530       _gdImagePaletteCopy        64391530 f   libgvplugin_gd:gd.o
 0001:00010740       _gdImageSetPixel           64391740 f   libgvplugin_gd:gd.o
 0001:00010e30       _gdImageGetPixel           64391e30 f   libgvplugin_gd:gd.o
 0001:00010eb0       _gdImageGetTrueColorPixel  64391eb0 f   libgvplugin_gd:gd.o
 0001:00010f40       _gdImageAABlend            64391f40 f   libgvplugin_gd:gd.o
 0001:00010f50       _gdImageLine               64391f50 f   libgvplugin_gd:gd.o
 0001:00011800       _gdImageDashedLine         64392800 f   libgvplugin_gd:gd.o
 0001:00011c90       _gdImageBoundsSafe         64392c90 f   libgvplugin_gd:gd.o
 0001:00011cf0       _gdImageChar               64392cf0 f   libgvplugin_gd:gd.o
 0001:00011de0       _gdImageCharUp             64392de0 f   libgvplugin_gd:gd.o
 0001:00011ed0       _gdImageString             64392ed0 f   libgvplugin_gd:gd.o
 0001:00011f40       _gdImageStringUp           64392f40 f   libgvplugin_gd:gd.o
 0001:00011fb0       _gdImageString16           64392fb0 f   libgvplugin_gd:gd.o
 0001:00012020       _gdImageStringUp16         64393020 f   libgvplugin_gd:gd.o
 0001:000120c0       _lsqrt                     643930c0 f   libgvplugin_gd:gd.o
 0001:000120f0       _gdImageArc                643930f0 f   libgvplugin_gd:gd.o
 0001:00012120       _gdImageFilledArc          64393120 f   libgvplugin_gd:gd.o
 0001:000123f0       _gdImageFilledEllipse      643933f0 f   libgvplugin_gd:gd.o
 0001:000125b0       _gdImageFillToBorder       643935b0 f   libgvplugin_gd:gd.o
 0001:00012800       _gdImageFill               64393800 f   libgvplugin_gd:gd.o
 0001:00012ce0       __gdImageFillTiled         64393ce0 f   libgvplugin_gd:gd.o
 0001:00013520       _gdImageRectangle          64394520 f   libgvplugin_gd:gd.o
 0001:00013810       _gdImageFilledRectangle    64394810 f   libgvplugin_gd:gd.o
 0001:000138e0       _gdImageCopy               643948e0 f   libgvplugin_gd:gd.o
 0001:00013c40       _gdImageCopyMerge          64394c40 f   libgvplugin_gd:gd.o
 0001:00013ee0       _gdImageCopyMergeGray      64394ee0 f   libgvplugin_gd:gd.o
 0001:000141e0       _gdImageCopyResized        643951e0 f   libgvplugin_gd:gd.o
 0001:000146a0       _gdImageCopyRotated        643956a0 f   libgvplugin_gd:gd.o
 0001:00014bb0       _gdImageCopyResampled      64395bb0 f   libgvplugin_gd:gd.o
 0001:00014ff0       _gdImageCreateFromXbm      64395ff0 f   libgvplugin_gd:gd.o
 0001:00015370       _gdImagePolygon            64396370 f   libgvplugin_gd:gd.o
 0001:000153d0       _gdImageOpenPolygon        643963d0 f   libgvplugin_gd:gd.o
 0001:00015450       _gdImageFilledPolygon      64396450 f   libgvplugin_gd:gd.o
 0001:000158b0       _gdImageSetStyle           643968b0 f   libgvplugin_gd:gd.o
 0001:00015950       _gdImageSetThickness       64396950 f   libgvplugin_gd:gd.o
 0001:00015970       _gdImageSetBrush           64396970 f   libgvplugin_gd:gd.o
 0001:00015ab0       _gdImageSetTile            64396ab0 f   libgvplugin_gd:gd.o
 0001:00015bf0       _gdImageSetAntiAliased     64396bf0 f   libgvplugin_gd:gd.o
 0001:00015c20       _gdImageSetAntiAliasedDontBlend 64396c20 f   libgvplugin_gd:gd.o
 0001:00015c50       _gdImageInterlace          64396c50 f   libgvplugin_gd:gd.o
 0001:00015c70       _gdImageCompare            64396c70 f   libgvplugin_gd:gd.o
 0001:00015f80       _gdAlphaBlend              64396f80 f   libgvplugin_gd:gd.o
 0001:000160a0       _gdImageAlphaBlending      643970a0 f   libgvplugin_gd:gd.o
 0001:000160c0       _gdImageSaveAlpha          643970c0 f   libgvplugin_gd:gd.o
 0001:000160e0       _gdImageSetClip            643970e0 f   libgvplugin_gd:gd.o
 0001:000161b0       _gdImageGetClip            643971b0 f   libgvplugin_gd:gd.o
 0001:00016670       _gvdevice_gd_putBuf        64397670 f   libgvplugin_gd:gvdevice_gd.o
 0001:00016690       _gvdevice_gd_putC          64397690 f   libgvplugin_gd:gvdevice_gd.o
 0001:00019e60       _gdgen_text                6439ae60 f   libgvplugin_gd:gvrender_gd.o
 0001:0001b092       _gvdevice_write            6439c092 f   gvc:gvc.dll
 0001:0001b098       _gvusershape_file_release  6439c098 f   gvc:gvc.dll
 0001:0001b09e       _gvusershape_file_access   6439c09e f   gvc:gvc.dll
 0001:0001b0a4       _psfontResolve             6439c0a4 f   gvc:gvc.dll
 0001:0001b0aa       _shapeOf                   6439c0aa f   gvc:gvc.dll
 0001:0001b0b0       _Bezier                    6439c0b0 f   gvc:gvc.dll
 0001:0001b0b6       _gmalloc                   6439c0b6 f   gvc:gvc.dll
 0001:0001b0bc       _mapbool                   6439c0bc f   gvc:gvc.dll
 0001:0001b0c2       _wind                      6439c0c2 f   pathplan:pathplan.dll
 0001:0001b0c8       _agerr                     6439c0c8 f   graph:graph.dll
 0001:0001b0ce       _agget                     6439c0ce f   graph:graph.dll
 0001:0001b0d4       _png_read_end              6439c0d4 f   png:libpng12.dll
 0001:0001b0da       _png_read_image            6439c0da f   png:libpng12.dll
 0001:0001b0e0       _png_get_rowbytes          6439c0e0 f   png:libpng12.dll
 0001:0001b0e6       _png_read_update_info      6439c0e6 f   png:libpng12.dll
 0001:0001b0ec       _png_get_tRNS              6439c0ec f   png:libpng12.dll
 0001:0001b0f2       _png_get_valid             6439c0f2 f   png:libpng12.dll
 0001:0001b0f8       _png_get_PLTE              6439c0f8 f   png:libpng12.dll
 0001:0001b0fe       _png_set_packing           6439c0fe f   png:libpng12.dll
 0001:0001b104       _png_set_strip_16          6439c104 f   png:libpng12.dll
 0001:0001b10a       _png_get_IHDR              6439c10a f   png:libpng12.dll
 0001:0001b110       _png_read_info             6439c110 f   png:libpng12.dll
 0001:0001b116       _png_set_read_fn           6439c116 f   png:libpng12.dll
 0001:0001b11c       _png_set_sig_bytes         6439c11c f   png:libpng12.dll
 0001:0001b122       _png_destroy_read_struct   6439c122 f   png:libpng12.dll
 0001:0001b128       _png_create_info_struct    6439c128 f   png:libpng12.dll
 0001:0001b12e       _png_create_read_struct    6439c12e f   png:libpng12.dll
 0001:0001b134       _png_check_sig             6439c134 f   png:libpng12.dll
 0001:0001b13a       _png_get_error_ptr         6439c13a f   png:libpng12.dll
 0001:0001b140       _png_error                 6439c140 f   png:libpng12.dll
 0001:0001b146       _png_get_io_ptr            6439c146 f   png:libpng12.dll
 0001:0001b14c       _png_write_end             6439c14c f   png:libpng12.dll
 0001:0001b152       _png_write_image           6439c152 f   png:libpng12.dll
 0001:0001b158       _png_write_info            6439c158 f   png:libpng12.dll
 0001:0001b15e       _png_set_PLTE              6439c15e f   png:libpng12.dll
 0001:0001b164       _png_set_tRNS              6439c164 f   png:libpng12.dll
 0001:0001b16a       _png_set_IHDR              6439c16a f   png:libpng12.dll
 0001:0001b170       _png_set_compression_level 6439c170 f   png:libpng12.dll
 0001:0001b176       _png_set_write_fn          6439c176 f   png:libpng12.dll
 0001:0001b17c       _png_destroy_write_struct  6439c17c f   png:libpng12.dll
 0001:0001b182       _png_create_write_struct   6439c182 f   png:libpng12.dll
 0001:0001b188       _jpeg_finish_compress      6439c188 f   jpeg:jpeg62.dll
 0001:0001b18e       _jpeg_write_scanlines      6439c18e f   jpeg:jpeg62.dll
 0001:0001b194       _jpeg_write_marker         6439c194 f   jpeg:jpeg62.dll
 0001:0001b19a       _jpeg_start_compress       6439c19a f   jpeg:jpeg62.dll
 0001:0001b1a0       _jpeg_destroy_compress     6439c1a0 f   jpeg:jpeg62.dll
 0001:0001b1a6       _jpeg_simple_progression   6439c1a6 f   jpeg:jpeg62.dll
 0001:0001b1ac       _jpeg_set_quality          6439c1ac f   jpeg:jpeg62.dll
 0001:0001b1b2       _jpeg_set_defaults         6439c1b2 f   jpeg:jpeg62.dll
 0001:0001b1b8       _jpeg_CreateCompress       6439c1b8 f   jpeg:jpeg62.dll
 0001:0001b1be       _jpeg_std_error            6439c1be f   jpeg:jpeg62.dll
 0001:0001b1c4       _jpeg_destroy              6439c1c4 f   jpeg:jpeg62.dll
 0001:0001b1ca       _jpeg_destroy_decompress   6439c1ca f   jpeg:jpeg62.dll
 0001:0001b1d0       _jpeg_finish_decompress    6439c1d0 f   jpeg:jpeg62.dll
 0001:0001b1d6       _jpeg_read_scanlines       6439c1d6 f   jpeg:jpeg62.dll
 0001:0001b1dc       _jpeg_start_decompress     6439c1dc f   jpeg:jpeg62.dll
 0001:0001b1e2       _jpeg_read_header          6439c1e2 f   jpeg:jpeg62.dll
 0001:0001b1e8       _jpeg_save_markers         6439c1e8 f   jpeg:jpeg62.dll
 0001:0001b1ee       _jpeg_CreateDecompress     6439c1ee f   jpeg:jpeg62.dll
 0001:0001b1f4       _jpeg_resync_to_restart    6439c1f4 f   jpeg:jpeg62.dll
 0001:0001b1fa       _FT_Done_FreeType          6439c1fa f   freetype:libfreetype-6.dll
 0001:0001b200       _FT_Init_FreeType          6439c200 f   freetype:libfreetype-6.dll
 0001:0001b206       _FT_Attach_File            6439c206 f   freetype:libfreetype-6.dll
 0001:0001b20c       _FT_New_Face               6439c20c f   freetype:libfreetype-6.dll
 0001:0001b212       _FT_Done_Face              6439c212 f   freetype:libfreetype-6.dll
 0001:0001b218       _FT_Done_Size              6439c218 f   freetype:libfreetype-6.dll
 0001:0001b21e       _FT_Done_Glyph             6439c21e f   freetype:libfreetype-6.dll
 0001:0001b224       _FT_Glyph_To_Bitmap        6439c224 f   freetype:libfreetype-6.dll
 0001:0001b22a       _FT_Get_Glyph              6439c22a f   freetype:libfreetype-6.dll
 0001:0001b230       _FT_Load_Glyph             6439c230 f   freetype:libfreetype-6.dll
 0001:0001b236       _FT_Get_Kerning            6439c236 f   freetype:libfreetype-6.dll
 0001:0001b23c       _FT_Get_Char_Index         6439c23c f   freetype:libfreetype-6.dll
 0001:0001b242       _FT_Set_Charmap            6439c242 f   freetype:libfreetype-6.dll
 0001:0001b248       _FT_Set_Char_Size          6439c248 f   freetype:libfreetype-6.dll
 0001:0001b24e       _FT_Activate_Size          6439c24e f   freetype:libfreetype-6.dll
 0001:0001b254       _FT_New_Size               6439c254 f   freetype:libfreetype-6.dll
 0001:0001b25a       _FT_Set_Transform          6439c25a f   freetype:libfreetype-6.dll
 0001:0001b260       _uncompress                6439c260 f   z:zlib1.dll
 0001:0001b266       _compress                  6439c266 f   z:zlib1.dll
 0001:0001b2b9       __CRT_INIT@12              6439c2b9 f   msvcrt:crtdll.obj
 0001:0001b56e       __DllMainCRTStartup@12     6439c56e f   msvcrt:crtdll.obj
 0001:0001b590       _memset                    6439c590 f   msvcrt:MSVCR80.dll
 0001:0001b596       @__security_check_cookie@4 6439c596 f   msvcrt:secchk.obj
 0001:0001b5a6       __setjmp3                  6439c5a6 f   msvcrt:MSVCR80.dll
 0001:0001b5ac       _strcat                    6439c5ac f   msvcrt:MSVCR80.dll
 0001:0001b5b2       _strlen                    6439c5b2 f   msvcrt:MSVCR80.dll
 0001:0001b5b8       _memcpy                    6439c5b8 f   msvcrt:MSVCR80.dll
 0001:0001b5c0       __chkstk                   6439c5c0 f   msvcrt:chkstk.obj
 0001:0001b5c0       __alloca_probe             6439c5c0     msvcrt:chkstk.obj
 0001:0001b5ec       _memcmp                    6439c5ec f   msvcrt:MSVCR80.dll
 0001:0001b5f2       _strcmp                    6439c5f2 f   msvcrt:MSVCR80.dll
 0001:0001b600       __ftol2_sse                6439c600 f   msvcrt:ftol2.obj
 0001:0001b609       __ftol2_pentium4           6439c609 f   msvcrt:ftol2.obj
 0001:0001b61c       __ftol2_sse_excpt          6439c61c f   msvcrt:ftol2.obj
 0001:0001b636       __ftol2                    6439c636 f   msvcrt:ftol2.obj
 0001:0001b6ac       _strcpy                    6439c6ac f   msvcrt:MSVCR80.dll
 0001:0001b6b2       _atan2                     6439c6b2 f   msvcrt:MSVCR80.dll
 0001:0001b6b8       _sqrt                      6439c6b8 f   msvcrt:MSVCR80.dll
 0001:0001b6be       _cos                       6439c6be f   msvcrt:MSVCR80.dll
 0001:0001b6c4       _sin                       6439c6c4 f   msvcrt:MSVCR80.dll
 0001:0001b6ca       _fabs                      6439c6ca f   msvcrt:MSVCR80.dll
 0001:0001b6d0       _abs                       6439c6d0 f   msvcrt:MSVCR80.dll
 0001:0001b6d6       _tan                       6439c6d6 f   msvcrt:MSVCR80.dll
 0001:0001b6dc       _acos                      6439c6dc f   msvcrt:MSVCR80.dll
 0001:0001b6e2       ___clean_type_info_names   6439c6e2 f   msvcrt:tncleanup.obj
 0001:0001b6ee       __onexit                   6439c6ee f   msvcrt:atonexit.obj
 0001:0001b78d       _atexit                    6439c78d f   msvcrt:atonexit.obj
 0001:0001b79f       __RTC_Initialize           6439c79f f   msvcrt:initsect.obj
 0001:0001b7c3       __RTC_Terminate            6439c7c3 f   msvcrt:initsect.obj
 0001:0001b7f0       __ValidateImageBase        6439c7f0 f   msvcrt:pesect.obj
 0001:0001b820       __FindPESection            6439c820 f   msvcrt:pesect.obj
 0001:0001b862       __IsNonwritableInCurrentImage 6439c862 f   msvcrt:pesect.obj
 0001:0001b8ce       __initterm                 6439c8ce f   msvcrt:MSVCR80.dll
 0001:0001b8d4       __initterm_e               6439c8d4 f   msvcrt:MSVCR80.dll
 0001:0001b8da       __amsg_exit                6439c8da f   msvcrt:MSVCR80.dll
 0001:0001b8e0       ___CppXcptFilter           6439c8e0 f   msvcrt:MSVCR80.dll
 0001:0001b8e6       _DllMain@12                6439c8e6 f   msvcrt:dllmain.obj
 0001:0001b908       __SEH_prolog4              6439c908 f   msvcrt:sehprolg4.obj
 0001:0001b94d       __SEH_epilog4              6439c94d f   msvcrt:sehprolg4.obj
 0001:0001b961       __except_handler4          6439c961 f   msvcrt:chandler4gs.obj
 0001:0001b984       ___security_init_cookie    6439c984 f   msvcrt:gs_support.obj
 0001:0001ba18       ___report_gsfailure        6439ca18 f   msvcrt:gs_report.obj
 0001:0001bb6c       __get_sse2_info            6439cb6c f   msvcrt:cpu_disp.obj
 0001:0001bbcc       ___sse2_available_init     6439cbcc f   msvcrt:cpu_disp.obj
 0001:0001bbda       ___clean_type_info_names_internal 6439cbda f   msvcrt:MSVCR80.dll
 0001:0001bbe0       __unlock                   6439cbe0 f   msvcrt:MSVCR80.dll
 0001:0001bbe6       ___dllonexit               6439cbe6 f   msvcrt:MSVCR80.dll
 0001:0001bbec       __lock                     6439cbec f   msvcrt:MSVCR80.dll
 0001:0001bbf2       __except_handler4_common   6439cbf2 f   msvcrt:MSVCR80.dll
 0001:0001bbf8       __crt_debugger_hook        6439cbf8 f   msvcrt:MSVCR80.dll
 0002:00000000       __imp__Sleep@4             6439d000     KERNEL32:KERNEL32.dll
 0002:00000004       __imp__InterlockedCompareExchange@12 6439d004     KERNEL32:KERNEL32.dll
 0002:00000008       __imp__DisableThreadLibraryCalls@4 6439d008     KERNEL32:KERNEL32.dll
 0002:0000000c       __imp__QueryPerformanceCounter@4 6439d00c     KERNEL32:KERNEL32.dll
 0002:00000010       __imp__GetTickCount@0      6439d010     KERNEL32:KERNEL32.dll
 0002:00000014       __imp__GetCurrentThreadId@0 6439d014     KERNEL32:KERNEL32.dll
 0002:00000018       __imp__GetCurrentProcessId@0 6439d018     KERNEL32:KERNEL32.dll
 0002:0000001c       __imp__GetSystemTimeAsFileTime@4 6439d01c     KERNEL32:KERNEL32.dll
 0002:00000020       __imp__TerminateProcess@8  6439d020     KERNEL32:KERNEL32.dll
 0002:00000024       __imp__GetCurrentProcess@0 6439d024     KERNEL32:KERNEL32.dll
 0002:00000028       __imp__UnhandledExceptionFilter@4 6439d028     KERNEL32:KERNEL32.dll
 0002:0000002c       __imp__SetUnhandledExceptionFilter@4 6439d02c     KERNEL32:KERNEL32.dll
 0002:00000030       __imp__IsDebuggerPresent@0 6439d030     KERNEL32:KERNEL32.dll
 0002:00000034       __imp__InterlockedExchange@8 6439d034     KERNEL32:KERNEL32.dll
 0002:00000038       \177KERNEL32_NULL_THUNK_DATA 6439d038     KERNEL32:KERNEL32.dll
 0002:0000003c       __imp__strncmp             6439d03c     msvcrt:MSVCR80.dll
 0002:00000040       __imp__sprintf             6439d040     msvcrt:MSVCR80.dll
 0002:00000044       __imp__strlen              6439d044     msvcrt:MSVCR80.dll
 0002:00000048       __imp__access              6439d048     msvcrt:MSVCR80.dll
 0002:00000048       __imp___access             6439d048     msvcrt:MSVCR80.dll
 0002:0000004c       __imp___strdup             6439d04c     msvcrt:MSVCR80.dll
 0002:0000004c       __imp__strdup              6439d04c     msvcrt:MSVCR80.dll
 0002:00000050       __imp__strcat              6439d050     msvcrt:MSVCR80.dll
 0002:00000054       __imp__fflush              6439d054     msvcrt:MSVCR80.dll
 0002:00000058       __imp__exit                6439d058     msvcrt:MSVCR80.dll
 0002:0000005c       __imp__longjmp             6439d05c     msvcrt:MSVCR80.dll
 0002:00000060       __imp__putchar             6439d060     msvcrt:MSVCR80.dll
 0002:00000064       __imp__fprintf             6439d064     msvcrt:MSVCR80.dll
 0002:00000068       __imp____iob_func          6439d068     msvcrt:MSVCR80.dll
 0002:0000006c       __imp__memset              6439d06c     msvcrt:MSVCR80.dll
 0002:00000070       __imp__putenv              6439d070     msvcrt:MSVCR80.dll
 0002:00000070       __imp___putenv             6439d070     msvcrt:MSVCR80.dll
 0002:00000074       __imp___crt_debugger_hook  6439d074     msvcrt:MSVCR80.dll
 0002:00000078       __imp___except_handler4_common 6439d078     msvcrt:MSVCR80.dll
 0002:0000007c       __imp___onexit             6439d07c     msvcrt:MSVCR80.dll
 0002:00000080       __imp___lock               6439d080     msvcrt:MSVCR80.dll
 0002:00000084       __imp____dllonexit         6439d084     msvcrt:MSVCR80.dll
 0002:00000088       __imp___unlock             6439d088     msvcrt:MSVCR80.dll
 0002:0000008c       __imp____clean_type_info_names_internal 6439d08c     msvcrt:MSVCR80.dll
 0002:00000090       __imp____CppXcptFilter     6439d090     msvcrt:MSVCR80.dll
 0002:00000094       __imp___adjust_fdiv        6439d094     msvcrt:MSVCR80.dll
 0002:00000098       __imp___amsg_exit          6439d098     msvcrt:MSVCR80.dll
 0002:0000009c       __imp___initterm_e         6439d09c     msvcrt:MSVCR80.dll
 0002:000000a0       __imp___initterm           6439d0a0     msvcrt:MSVCR80.dll
 0002:000000a4       __imp___decode_pointer     6439d0a4     msvcrt:MSVCR80.dll
 0002:000000a8       __imp___encoded_null       6439d0a8     msvcrt:MSVCR80.dll
 0002:000000ac       __imp___malloc_crt         6439d0ac     msvcrt:MSVCR80.dll
 0002:000000b0       __imp___encode_pointer     6439d0b0     msvcrt:MSVCR80.dll
 0002:000000b4       __imp__acos                6439d0b4     msvcrt:MSVCR80.dll
 0002:000000b8       __imp__fclose              6439d0b8     msvcrt:MSVCR80.dll
 0002:000000bc       __imp__fopen               6439d0bc     msvcrt:MSVCR80.dll
 0002:000000c0       __imp__tan                 6439d0c0     msvcrt:MSVCR80.dll
 0002:000000c4       __imp___wassert            6439d0c4     msvcrt:MSVCR80.dll
 0002:000000c8       __imp__fgets               6439d0c8     msvcrt:MSVCR80.dll
 0002:000000cc       __imp__atoi                6439d0cc     msvcrt:MSVCR80.dll
 0002:000000d0       __imp__sscanf              6439d0d0     msvcrt:MSVCR80.dll
 0002:000000d4       __imp__abs                 6439d0d4     msvcrt:MSVCR80.dll
 0002:000000d8       __imp__fabs                6439d0d8     msvcrt:MSVCR80.dll
 0002:000000dc       __imp__strchr              6439d0dc     msvcrt:MSVCR80.dll
 0002:000000e0       __imp__strtok              6439d0e0     msvcrt:MSVCR80.dll
 0002:000000e4       __imp__bsearch             6439d0e4     msvcrt:MSVCR80.dll
 0002:000000e8       __imp__sin                 6439d0e8     msvcrt:MSVCR80.dll
 0002:000000ec       __imp__cos                 6439d0ec     msvcrt:MSVCR80.dll
 0002:000000f0       __imp__strstr              6439d0f0     msvcrt:MSVCR80.dll
 0002:000000f4       __imp__sqrt                6439d0f4     msvcrt:MSVCR80.dll
 0002:000000f8       __imp__atan2               6439d0f8     msvcrt:MSVCR80.dll
 0002:000000fc       __imp__free                6439d0fc     msvcrt:MSVCR80.dll
 0002:00000100       __imp__realloc             6439d100     msvcrt:MSVCR80.dll
 0002:00000104       __imp__malloc              6439d104     msvcrt:MSVCR80.dll
 0002:00000108       __imp__calloc              6439d108     msvcrt:MSVCR80.dll
 0002:0000010c       __imp___errno              6439d10c     msvcrt:MSVCR80.dll
 0002:00000110       __imp__getenv              6439d110     msvcrt:MSVCR80.dll
 0002:00000114       __imp__vfprintf            6439d114     msvcrt:MSVCR80.dll
 0002:00000118       __imp__strcpy              6439d118     msvcrt:MSVCR80.dll
 0002:0000011c       __imp__strcmp              6439d11c     msvcrt:MSVCR80.dll
 0002:00000120       __imp__memcmp              6439d120     msvcrt:MSVCR80.dll
 0002:00000124       __imp__printf              6439d124     msvcrt:MSVCR80.dll
 0002:00000128       __imp__memcpy              6439d128     msvcrt:MSVCR80.dll
 0002:0000012c       __imp__ftell               6439d12c     msvcrt:MSVCR80.dll
 0002:00000130       __imp__fseek               6439d130     msvcrt:MSVCR80.dll
 0002:00000134       __imp__getc                6439d134     msvcrt:MSVCR80.dll
 0002:00000138       __imp__putc                6439d138     msvcrt:MSVCR80.dll
 0002:0000013c       __imp__fread               6439d13c     msvcrt:MSVCR80.dll
 0002:00000140       __imp__fwrite              6439d140     msvcrt:MSVCR80.dll
 0002:00000144       __imp___setjmp3            6439d144     msvcrt:MSVCR80.dll
 0002:00000148       \177MSVCR80_NULL_THUNK_DATA 6439d148     msvcrt:MSVCR80.dll
 0002:0000014c       __imp__agget               6439d14c     graph:graph.dll
 0002:00000150       __imp__agerr               6439d150     graph:graph.dll
 0002:00000154       \177graph_NULL_THUNK_DATA  6439d154     graph:graph.dll
 0002:00000158       __imp__gvdevice_write      6439d158     gvc:gvc.dll
 0002:0000015c       __imp__mapbool             6439d15c     gvc:gvc.dll
 0002:00000160       __imp__Bezier              6439d160     gvc:gvc.dll
 0002:00000164       __imp__shapeOf             6439d164     gvc:gvc.dll
 0002:00000168       __imp__psfontResolve       6439d168     gvc:gvc.dll
 0002:0000016c       __imp__gvusershape_file_access 6439d16c     gvc:gvc.dll
 0002:00000170       __imp__gvusershape_file_release 6439d170     gvc:gvc.dll
 0002:00000174       __imp__gmalloc             6439d174     gvc:gvc.dll
 0002:00000178       \177gvc_NULL_THUNK_DATA    6439d178     gvc:gvc.dll
 0002:0000017c       __imp__libiconv_close      6439d17c     iconv:iconv.dll
 0002:00000180       __imp__libiconv            6439d180     iconv:iconv.dll
 0002:00000184       __imp__libiconv_open       6439d184     iconv:iconv.dll
 0002:00000188       \177iconv_NULL_THUNK_DATA  6439d188     iconv:iconv.dll
 0002:0000018c       __imp__jpeg_write_scanlines 6439d18c     jpeg:jpeg62.dll
 0002:00000190       __imp__jpeg_finish_compress 6439d190     jpeg:jpeg62.dll
 0002:00000194       __imp__jpeg_write_marker   6439d194     jpeg:jpeg62.dll
 0002:00000198       __imp__jpeg_start_compress 6439d198     jpeg:jpeg62.dll
 0002:0000019c       __imp__jpeg_destroy_compress 6439d19c     jpeg:jpeg62.dll
 0002:000001a0       __imp__jpeg_simple_progression 6439d1a0     jpeg:jpeg62.dll
 0002:000001a4       __imp__jpeg_set_quality    6439d1a4     jpeg:jpeg62.dll
 0002:000001a8       __imp__jpeg_set_defaults   6439d1a8     jpeg:jpeg62.dll
 0002:000001ac       __imp__jpeg_CreateCompress 6439d1ac     jpeg:jpeg62.dll
 0002:000001b0       __imp__jpeg_std_error      6439d1b0     jpeg:jpeg62.dll
 0002:000001b4       __imp__jpeg_destroy        6439d1b4     jpeg:jpeg62.dll
 0002:000001b8       __imp__jpeg_destroy_decompress 6439d1b8     jpeg:jpeg62.dll
 0002:000001bc       __imp__jpeg_finish_decompress 6439d1bc     jpeg:jpeg62.dll
 0002:000001c0       __imp__jpeg_read_scanlines 6439d1c0     jpeg:jpeg62.dll
 0002:000001c4       __imp__jpeg_start_decompress 6439d1c4     jpeg:jpeg62.dll
 0002:000001c8       __imp__jpeg_read_header    6439d1c8     jpeg:jpeg62.dll
 0002:000001cc       __imp__jpeg_save_markers   6439d1cc     jpeg:jpeg62.dll
 0002:000001d0       __imp__jpeg_CreateDecompress 6439d1d0     jpeg:jpeg62.dll
 0002:000001d4       __imp__jpeg_resync_to_restart 6439d1d4     jpeg:jpeg62.dll
 0002:000001d8       \177jpeg62_NULL_THUNK_DATA 6439d1d8     jpeg:jpeg62.dll
 0002:000001dc       __imp__FT_Done_FreeType    6439d1dc     freetype:libfreetype-6.dll
 0002:000001e0       __imp__FT_Init_FreeType    6439d1e0     freetype:libfreetype-6.dll
 0002:000001e4       __imp__FT_Attach_File      6439d1e4     freetype:libfreetype-6.dll
 0002:000001e8       __imp__FT_New_Face         6439d1e8     freetype:libfreetype-6.dll
 0002:000001ec       __imp__FT_Done_Face        6439d1ec     freetype:libfreetype-6.dll
 0002:000001f0       __imp__FT_Done_Size        6439d1f0     freetype:libfreetype-6.dll
 0002:000001f4       __imp__FT_Done_Glyph       6439d1f4     freetype:libfreetype-6.dll
 0002:000001f8       __imp__FT_Glyph_To_Bitmap  6439d1f8     freetype:libfreetype-6.dll
 0002:000001fc       __imp__FT_Get_Glyph        6439d1fc     freetype:libfreetype-6.dll
 0002:00000200       __imp__FT_Load_Glyph       6439d200     freetype:libfreetype-6.dll
 0002:00000204       __imp__FT_Get_Kerning      6439d204     freetype:libfreetype-6.dll
 0002:00000208       __imp__FT_Get_Char_Index   6439d208     freetype:libfreetype-6.dll
 0002:0000020c       __imp__FT_Set_Charmap      6439d20c     freetype:libfreetype-6.dll
 0002:00000210       __imp__FT_Set_Char_Size    6439d210     freetype:libfreetype-6.dll
 0002:00000214       __imp__FT_Activate_Size    6439d214     freetype:libfreetype-6.dll
 0002:00000218       __imp__FT_New_Size         6439d218     freetype:libfreetype-6.dll
 0002:0000021c       __imp__FT_Set_Transform    6439d21c     freetype:libfreetype-6.dll
 0002:00000220       \177libfreetype-6_NULL_THUNK_DATA 6439d220     freetype:libfreetype-6.dll
 0002:00000224       __imp__png_read_end        6439d224     png:libpng12.dll
 0002:00000228       __imp__png_read_image      6439d228     png:libpng12.dll
 0002:0000022c       __imp__png_create_write_struct 6439d22c     png:libpng12.dll
 0002:00000230       __imp__png_destroy_write_struct 6439d230     png:libpng12.dll
 0002:00000234       __imp__png_set_write_fn    6439d234     png:libpng12.dll
 0002:00000238       __imp__png_set_compression_level 6439d238     png:libpng12.dll
 0002:0000023c       __imp__png_set_IHDR        6439d23c     png:libpng12.dll
 0002:00000240       __imp__png_set_tRNS        6439d240     png:libpng12.dll
 0002:00000244       __imp__png_set_PLTE        6439d244     png:libpng12.dll
 0002:00000248       __imp__png_write_info      6439d248     png:libpng12.dll
 0002:0000024c       __imp__png_write_image     6439d24c     png:libpng12.dll
 0002:00000250       __imp__png_write_end       6439d250     png:libpng12.dll
 0002:00000254       __imp__png_get_io_ptr      6439d254     png:libpng12.dll
 0002:00000258       __imp__png_error           6439d258     png:libpng12.dll
 0002:0000025c       __imp__png_get_error_ptr   6439d25c     png:libpng12.dll
 0002:00000260       __imp__png_check_sig       6439d260     png:libpng12.dll
 0002:00000264       __imp__png_create_read_struct 6439d264     png:libpng12.dll
 0002:00000268       __imp__png_create_info_struct 6439d268     png:libpng12.dll
 0002:0000026c       __imp__png_destroy_read_struct 6439d26c     png:libpng12.dll
 0002:00000270       __imp__png_set_sig_bytes   6439d270     png:libpng12.dll
 0002:00000274       __imp__png_set_read_fn     6439d274     png:libpng12.dll
 0002:00000278       __imp__png_read_info       6439d278     png:libpng12.dll
 0002:0000027c       __imp__png_get_IHDR        6439d27c     png:libpng12.dll
 0002:00000280       __imp__png_set_strip_16    6439d280     png:libpng12.dll
 0002:00000284       __imp__png_set_packing     6439d284     png:libpng12.dll
 0002:00000288       __imp__png_get_PLTE        6439d288     png:libpng12.dll
 0002:0000028c       __imp__png_get_valid       6439d28c     png:libpng12.dll
 0002:00000290       __imp__png_get_tRNS        6439d290     png:libpng12.dll
 0002:00000294       __imp__png_read_update_info 6439d294     png:libpng12.dll
 0002:00000298       __imp__png_get_rowbytes    6439d298     png:libpng12.dll
 0002:0000029c       \177libpng12_NULL_THUNK_DATA 6439d29c     png:libpng12.dll
 0002:000002a0       __imp__wind                6439d2a0     pathplan:pathplan.dll
 0002:000002a4       \177pathplan_NULL_THUNK_DATA 6439d2a4     pathplan:pathplan.dll
 0002:000002a8       __imp__uncompress          6439d2a8     z:zlib1.dll
 0002:000002ac       __imp__compress            6439d2ac     z:zlib1.dll
 0002:000002b0       \177zlib1_NULL_THUNK_DATA  6439d2b0     z:zlib1.dll
 0002:000002b4       ___xc_a                    6439d2b4     msvcrt:cinitexe.obj
 0002:000002b8       ___xc_z                    6439d2b8     msvcrt:cinitexe.obj
 0002:000002bc       ___xi_a                    6439d2bc     msvcrt:cinitexe.obj
 0002:000002c8       ___xi_z                    6439d2c8     msvcrt:cinitexe.obj
 0002:000002d8       __real@4028000000000000    6439d2d8     libgvplugin_gd:gd_gd2.o
 0002:000002e0       __real@3ff051eb851eb852    6439d2e0     libgvplugin_gd:gd_gd2.o
 0002:000002e8       __real@3ff0000000000000    6439d2e8     libgvplugin_gd:gdfx.o
 0002:000002f0       __real@4000000000000000    6439d2f0     libgvplugin_gd:gdfx.o
 0002:000002f8       __real@4010000000000000    6439d2f8     libgvplugin_gd:gdfx.o
 0002:00000300       __real@0000000000000000    6439d300     libgvplugin_gd:gdfx.o
 0002:00000308       __real@401921fb542fe938    6439d308     libgvplugin_gd:gdfx.o
 0002:00000310       __real@401921fafc8b007a    6439d310     libgvplugin_gd:gdfx.o
 0002:00000318       __real@3ff921fafc8b007a    6439d318     libgvplugin_gd:gdfx.o
 0002:00000320       __real@00000000            6439d320     libgvplugin_gd:gdfx.o
 0002:00000324       __real@437f0000            6439d324     libgvplugin_gd:gdfx.o
 0002:00000328       __real@406fe00000000000    6439d328     libgvplugin_gd:gdfx.o
 0002:00000330       __real@4079000000000000    6439d330     libgvplugin_gd:gdfx.o
 0002:00000338       __real@40d2c00000000000    6439d338     libgvplugin_gd:gdft.o
 0002:00000340       __real@4052000000000000    6439d340     libgvplugin_gd:gdft.o
 0002:00000348       __real@4072c00000000000    6439d348     libgvplugin_gd:gdft.o
 0002:00000350       __real@4050000000000000    6439d350     libgvplugin_gd:gdft.o
 0002:00000358       __real@40f0000000000000    6439d358     libgvplugin_gd:gdft.o
 0002:00000360       __real@3ff0cccccccccccd    6439d360     libgvplugin_gd:gdft.o
 0002:00000368       __real@4018000000000000    6439d368     libgvplugin_gd:gd.o
 0002:00000370       __real@4008000000000000    6439d370     libgvplugin_gd:gd.o
 0002:00000378       __real@bff0000000000000    6439d378     libgvplugin_gd:gd.o
 0002:00000380       __real@bf800000            6439d380     libgvplugin_gd:gd.o
 0002:00000388       __real@4059000000000000    6439d388     libgvplugin_gd:gd.o
 0002:00000390       __real@3fbd2f1a9fbe76c9    6439d390     libgvplugin_gd:gd.o
 0002:00000398       __real@3fe2c8b439581062    6439d398     libgvplugin_gd:gd.o
 0002:000003a0       __real@3fd322d0e5604189    6439d3a0     libgvplugin_gd:gd.o
 0002:000003a8       __real@3f91df46a1fae711    6439d3a8     libgvplugin_gd:gd.o
 0002:000003b0       __real@405fc00000000000    6439d3b0     libgvplugin_gd:gd.o
 0002:000003b8       __real@3fe0000000000000    6439d3b8     libgvplugin_gd:gd.o
 0002:000003c0       __real@3ff3333333333333    6439d3c0     libgvplugin_gd:gvtextlayout_gd.o
 0002:000003c8       __real@3ff8000000000000    6439d3c8     libgvplugin_gd:gvtextlayout_gd.o
 0002:000003d0       __real@3fc3333333333333    6439d3d0     libgvplugin_gd:gvtextlayout_gd.o
 0002:000003d8       __real@3fb999999999999a    6439d3d8     libgvplugin_gd:gvtextlayout_gd.o
 0002:000003e0       __real@3f9c779a6b50b0f2    6439d3e0     libgvplugin_gd:gvrender_gd_vrml.o
 0002:000003e8       __real@7fefffffffffffff    6439d3e8     libgvplugin_gd:gvrender_gd_vrml.o
 0002:000003f0       __real@3ff5555555555555    6439d3f0     libgvplugin_gd:gvrender_gd_vrml.o
 0002:000003f8       __real@3fd921fb54442d18    6439d3f8     libgvplugin_gd:gvrender_gd_vrml.o
 0002:00000400       __real@3fe5559b3d07c84b    6439d400     libgvplugin_gd:gvrender_gd_vrml.o
 0002:00000408       __real@400921fb54442d18    6439d408     libgvplugin_gd:gvrender_gd_vrml.o
 0002:00000410       __real@3ff921fb54442d18    6439d410     libgvplugin_gd:gvrender_gd_vrml.o
 0002:00000418       __real@4024000000000000    6439d418     libgvplugin_gd:gvrender_gd_vrml.o
 0002:00000420       __real@4004000000000000    6439d420     libgvplugin_gd:gvrender_gd_vrml.o
 0002:00000428       __real@3f847ae147ae147b    6439d428     libgvplugin_gd:gvrender_gd_vrml.o
 0002:00000430       __real@4090000000000000    6439d430     libgvplugin_gd:gvrender_gd.o
 0002:00000438       __real@4027000000000000    6439d438     libgvplugin_gd:gvrender_gd.o
 0002:00000440       __real@4025000000000000    6439d440     libgvplugin_gd:gvrender_gd.o
 0002:00000448       __real@4023000000000000    6439d448     libgvplugin_gd:gvrender_gd.o
 0002:00000450       __real@4021000000000000    6439d450     libgvplugin_gd:gvrender_gd.o
 0002:00000458       __pDefaultRawDllMain       6439d458     msvcrt:crtdll.obj
 0002:00000458       __pRawDllMain              6439d458     msvcrt:crtdll.obj
 0002:00000468       __load_config_used         6439d468     msvcrt:loadcfg.obj
 0002:000004b0       ___safe_se_handler_table   6439d4b0     <linker-defined>
 0002:000004b4       ___rtc_iaa                 6439d4b4     msvcrt:initsect.obj
 0002:000004b8       ___rtc_izz                 6439d4b8     msvcrt:initsect.obj
 0002:000004bc       ___rtc_taa                 6439d4bc     msvcrt:initsect.obj
 0002:000004c0       ___rtc_tzz                 6439d4c0     msvcrt:initsect.obj
 0002:0000054c       __IMPORT_DESCRIPTOR_gvc    6439d54c     gvc:gvc.dll
 0002:00000560       __IMPORT_DESCRIPTOR_pathplan 6439d560     pathplan:pathplan.dll
 0002:00000574       __IMPORT_DESCRIPTOR_graph  6439d574     graph:graph.dll
 0002:00000588       __IMPORT_DESCRIPTOR_libpng12 6439d588     png:libpng12.dll
 0002:0000059c       __IMPORT_DESCRIPTOR_jpeg62 6439d59c     jpeg:jpeg62.dll
 0002:000005b0       __IMPORT_DESCRIPTOR_libfreetype-6 6439d5b0     freetype:libfreetype-6.dll
 0002:000005c4       __IMPORT_DESCRIPTOR_iconv  6439d5c4     iconv:iconv.dll
 0002:000005d8       __IMPORT_DESCRIPTOR_zlib1  6439d5d8     z:zlib1.dll
 0002:000005ec       __IMPORT_DESCRIPTOR_MSVCR80 6439d5ec     msvcrt:MSVCR80.dll
 0002:00000600       __IMPORT_DESCRIPTOR_KERNEL32 6439d600     KERNEL32:KERNEL32.dll
 0002:00000614       __NULL_IMPORT_DESCRIPTOR   6439d614     gvc:gvc.dll
 0003:00000bc8       _gdCosT                    643a0bc8     libgvplugin_gd:gdtables.o
 0003:00001168       _gdSinT                    643a1168     libgvplugin_gd:gdtables.o
 0003:00002c10       _gdFontTinyData            643a2c10     libgvplugin_gd:gdfontt.o
 0003:00005410       _gdFontTinyRep             643a5410     libgvplugin_gd:gdfontt.o
 0003:00005424       _gdFontTiny                643a5424     libgvplugin_gd:gdfontt.o
 0003:00005428       _gdFontSmallData           643a5428     libgvplugin_gd:gdfonts.o
 0003:0000a228       _gdFontSmallRep            643aa228     libgvplugin_gd:gdfonts.o
 0003:0000a23c       _gdFontSmall               643aa23c     libgvplugin_gd:gdfonts.o
 0003:0000a240       _gdFontMediumBoldData      643aa240     libgvplugin_gd:gdfontmb.o
 0003:0000fd40       _gdFontMediumBoldRep       643afd40     libgvplugin_gd:gdfontmb.o
 0003:0000fd54       _gdFontMediumBold          643afd54     libgvplugin_gd:gdfontmb.o
 0003:0000fd58       _gdFontLargeData           643afd58     libgvplugin_gd:gdfontl.o
 0003:00017d58       _gdFontLargeRep            643b7d58     libgvplugin_gd:gdfontl.o
 0003:00017d6c       _gdFontLarge               643b7d6c     libgvplugin_gd:gdfontl.o
 0003:00017d70       _gdFontGiantData           643b7d70     libgvplugin_gd:gdfontg.o
 0003:00020470       _gdFontGiantRep            643c0470     libgvplugin_gd:gdfontg.o
 0003:00020484       _gdFontGiant               643c0484     libgvplugin_gd:gdfontg.o
 0003:00020598       _gvdevice_gd_types         643c0598     libgvplugin_gd:gvdevice_gd.o
 0003:00020878       _gvloadimage_gd_types      643c0878     libgvplugin_gd:gvloadimage_gd.o
 0003:000209bc       _gvtextlayout_gd_types     643c09bc     libgvplugin_gd:gvtextlayout_gd.o
 0003:00021730       _gvrender_vrml_types       643c1730     libgvplugin_gd:gvrender_gd_vrml.o
 0003:00021764       _gvdevice_vrml_types       643c1764     libgvplugin_gd:gvrender_gd_vrml.o
 0003:0002199c       _gvrender_gd_types         643c199c     libgvplugin_gd:gvrender_gd.o
 0003:00021a08       _gvdevice_gd_types2        643c1a08     libgvplugin_gd:gvrender_gd.o
 0003:00021b04       _gvplugin_gd_LTX_library   643c1b04     libgvplugin_gd:gvplugin_gd.o
 0003:00021b0c       ___security_cookie         643c1b0c     msvcrt:gs_cookie.obj
 0003:00021b10       ___security_cookie_complement 643c1b10     msvcrt:gs_cookie.obj
 0003:00021b20       ___native_dllmain_reason   643c1b20     msvcrt:natstart.obj
 0003:00021b24       ___native_vcclrit_reason   643c1b24     msvcrt:natstart.obj
 0003:000223f4       ?__type_info_root_node@@3U__type_info_node@@A 643c23f4     msvcrt:tncleanup.obj
 0003:00022724       ___sse2_available          643c2724     <common>
 0003:00022728       __adjust_fdiv              643c2728     <common>
 0003:0002272c       ___native_startup_state    643c272c     <common>
 0003:00022730       ___native_startup_lock     643c2730     <common>
 0003:00022734       ___onexitend               643c2734     <common>
 0003:00022738       ___onexitbegin             643c2738     <common>
 0003:0002273c       ___dyn_tls_init_callback   643c273c     <common>

 entry point at        0001:0001b56e

 Static symbols

 0001:000009e0       _gdImageTrueColorToPaletteBody 643819e0 f   libgvplugin_gd:gd_topal.o
 0001:00000e40       _prescan_quantize          64381e40 f   libgvplugin_gd:gd_topal.o
 0001:00000f70       _select_colors             64381f70 f   libgvplugin_gd:gd_topal.o
 0001:00001120       _update_box                64382120 f   libgvplugin_gd:gd_topal.o
 0001:00001600       _median_cut                64382600 f   libgvplugin_gd:gd_topal.o
 0001:000017f0       _find_biggest_color_pop    643827f0 f   libgvplugin_gd:gd_topal.o
 0001:00001860       _find_biggest_volume       64382860 f   libgvplugin_gd:gd_topal.o
 0001:000018c0       _compute_color             643828c0 f   libgvplugin_gd:gd_topal.o
 0001:00001aa0       _pass2_no_dither           64382aa0 f   libgvplugin_gd:gd_topal.o
 0001:00001c10       _fill_inverse_cmap         64382c10 f   libgvplugin_gd:gd_topal.o
 0001:00001e00       _find_nearby_colors        64382e00 f   libgvplugin_gd:gd_topal.o
 0001:00002220       _find_best_colors          64383220 f   libgvplugin_gd:gd_topal.o
 0001:000024f0       _pass2_fs_dither           643834f0 f   libgvplugin_gd:gd_topal.o
 0001:00002950       _init_error_limit          64383950 f   libgvplugin_gd:gd_topal.o
 0001:00002a60       _zeroHistogram             64383a60 f   libgvplugin_gd:gd_topal.o
 0001:000036f0       _gdPngErrorHandler         643846f0 f   libgvplugin_gd:gd_png.o
 0001:00003780       _gdPngReadData             64384780 f   libgvplugin_gd:gd_png.o
 0001:00004590       _gdPngWriteData            64385590 f   libgvplugin_gd:gd_png.o
 0001:000045c0       _gdPngFlushData            643855c0 f   libgvplugin_gd:gd_png.o
 0001:00004b90       _fatal_jpeg_error          64385b90 f   libgvplugin_gd:gd_jpeg.o
 0001:00005350       _CMYKToRGB                 64386350 f   libgvplugin_gd:gd_jpeg.o
 0001:00005840       _gdFreeSsCtx               64386840 f   libgvplugin_gd:gd_io_ss.o
 0001:00005860       _sourceGetbuf              64386860 f   libgvplugin_gd:gd_io_ss.o
 0001:000058b0       _sourceGetchar             643868b0 f   libgvplugin_gd:gd_io_ss.o
 0001:000058e0       _sinkPutbuf                643868e0 f   libgvplugin_gd:gd_io_ss.o
 0001:00005930       _sinkPutchar               64386930 f   libgvplugin_gd:gd_io_ss.o
 0001:000059c0       _gdFreeFileCtx             643869c0 f   libgvplugin_gd:gd_io_file.o
 0001:000059e0       _filePutbuf                643869e0 f   libgvplugin_gd:gd_io_file.o
 0001:00005a10       _fileGetbuf                64386a10 f   libgvplugin_gd:gd_io_file.o
 0001:00005a40       _filePutchar               64386a40 f   libgvplugin_gd:gd_io_file.o
 0001:00005a70       _fileGetchar               64386a70 f   libgvplugin_gd:gd_io_file.o
 0001:00005a90       _fileSeek                  64386a90 f   libgvplugin_gd:gd_io_file.o
 0001:00005ac0       _fileTell                  64386ac0 f   libgvplugin_gd:gd_io_file.o
 0001:00005c40       _gdFreeDynamicCtx          64386c40 f   libgvplugin_gd:gd_io_dp.o
 0001:00005cb0       _dynamicTell               64386cb0 f   libgvplugin_gd:gd_io_dp.o
 0001:00005cd0       _dynamicSeek               64386cd0 f   libgvplugin_gd:gd_io_dp.o
 0001:00005d80       _newDynamic                64386d80 f   libgvplugin_gd:gd_io_dp.o
 0001:00005de0       _dynamicPutbuf             64386de0 f   libgvplugin_gd:gd_io_dp.o
 0001:00005e20       _dynamicPutchar            64386e20 f   libgvplugin_gd:gd_io_dp.o
 0001:00005e50       _dynamicGetbuf             64386e50 f   libgvplugin_gd:gd_io_dp.o
 0001:00005ed0       _dynamicGetchar            64386ed0 f   libgvplugin_gd:gd_io_dp.o
 0001:00005f00       _allocDynamic              64386f00 f   libgvplugin_gd:gd_io_dp.o
 0001:00005f90       _appendDynamic             64386f90 f   libgvplugin_gd:gd_io_dp.o
 0001:00006060       _gdReallocDynamic          64387060 f   libgvplugin_gd:gd_io_dp.o
 0001:00006100       _trimDynamic               64387100 f   libgvplugin_gd:gd_io_dp.o
 0001:00006ec0       _comparewithmap            64387ec0 f   libgvplugin_gd:gd_gif_out.o
 0001:00006fe0       _colorstobpp               64387fe0 f   libgvplugin_gd:gd_gif_out.o
 0001:00007070       _GIFEncode                 64388070 f   libgvplugin_gd:gd_gif_out.o
 0001:000073b0       _GIFAnimEncode             643883b0 f   libgvplugin_gd:gd_gif_out.o
 0001:000076d0       _compress                  643886d0 f   libgvplugin_gd:gd_gif_out.o
 0001:000079b0       _GIFNextPixel              643889b0 f   libgvplugin_gd:gd_gif_out.o
 0001:00007a10       _BumpPixel                 64388a10 f   libgvplugin_gd:gd_gif_out.o
 0001:00007b50       _output                    64388b50 f   libgvplugin_gd:gd_gif_out.o
 0001:00007d30       _cl_block                  64388d30 f   libgvplugin_gd:gd_gif_out.o
 0001:00007d80       _cl_hash                   64388d80 f   libgvplugin_gd:gd_gif_out.o
 0001:00007e80       _char_init                 64388e80 f   libgvplugin_gd:gd_gif_out.o
 0001:00007ea0       _char_out                  64388ea0 f   libgvplugin_gd:gd_gif_out.o
 0001:00007ef0       _flush_char                64388ef0 f   libgvplugin_gd:gd_gif_out.o
 0001:00007f50       _gifPutWord                64388f50 f   libgvplugin_gd:gd_gif_out.o
 0001:000084b0       _ReadColorMap              643894b0 f   libgvplugin_gd:gd_gif_in.o
 0001:00008520       _DoExtension               64389520 f   libgvplugin_gd:gd_gif_in.o
 0001:000085e0       _GetDataBlock              643895e0 f   libgvplugin_gd:gd_gif_in.o
 0001:00008670       _GetDataBlock_             64389670 f   libgvplugin_gd:gd_gif_in.o
 0001:000086d0       _ReadImage                 643896d0 f   libgvplugin_gd:gd_gif_in.o
 0001:000089d0       _LWZReadByte               643899d0 f   libgvplugin_gd:gd_gif_in.o
 0001:00008a20       _LWZReadByte_              64389a20 f   libgvplugin_gd:gd_gif_in.o
 0001:00008f30       _GetCode                   64389f30 f   libgvplugin_gd:gd_gif_in.o
 0001:00008f80       _GetCode_                  64389f80 f   libgvplugin_gd:gd_gif_in.o
 0001:000095f0       __gd2CreateFromFile        6438a5f0 f   libgvplugin_gd:gd_gd2.o
 0001:000096b0       __gd2GetHeader             6438a6b0 f   libgvplugin_gd:gd_gd2.o
 0001:000098e0       __gd2ReadChunk             6438a8e0 f   libgvplugin_gd:gd_gd2.o
 0001:00009ff0       __gdImageGd2               6438aff0 f   libgvplugin_gd:gd_gd2.o
 0001:0000a530       __gd2PutHeader             6438b530 f   libgvplugin_gd:gd_gd2.o
 0001:0000a9c0       __gdCreateFromFile         6438b9c0 f   libgvplugin_gd:gd_gd.o
 0001:0000abe0       __gdImageGd                6438bbe0 f   libgvplugin_gd:gd_gd.o
 0001:0000ac90       __gdPutHeader              6438bc90 f   libgvplugin_gd:gd_gd.o
 0001:0000ae30       _error                     6438be30 f   libgvplugin_gd:gdkanji.o
 0001:0000aea0       _do_check_and_conv         6438bea0 f   libgvplugin_gd:gdkanji.o
 0001:0000b1e0       _debug                     6438c1e0 f   libgvplugin_gd:gdkanji.o
 0001:0000b1f0       _DetectKanjiCode           6438c1f0 f   libgvplugin_gd:gdkanji.o
 0001:0000b6d0       _SJIStoJIS                 6438c6d0 f   libgvplugin_gd:gdkanji.o
 0001:0000b760       _han2zen                   6438c760 f   libgvplugin_gd:gdkanji.o
 0001:0000bd30       _do_convert                6438cd30 f   libgvplugin_gd:gdkanji.o
 0001:0000d560       _fontTest                  6438e560 f   libgvplugin_gd:gdft.o
 0001:0000d5b0       _fontFetch                 6438e5b0 f   libgvplugin_gd:gdft.o
 0001:0000d7c0       _fontRelease               6438e7c0 f   libgvplugin_gd:gdft.o
 0001:0000e600       _gdTcl_UtfToUniChar        6438f600 f   libgvplugin_gd:gdft.o
 0001:0000e8f0       _comp_entities             6438f8f0 f   libgvplugin_gd:gdft.o
 0001:0000e920       _tweenColorTest            6438f920 f   libgvplugin_gd:gdft.o
 0001:0000e980       _tweenColorFetch           6438f980 f   libgvplugin_gd:gdft.o
 0001:0000eb40       _tweenColorRelease         6438fb40 f   libgvplugin_gd:gdft.o
 0001:0000eb60       _gdft_draw_bitmap          6438fb60 f   libgvplugin_gd:gdft.o
 0001:0000ef70       _font_path                 6438ff70 f   libgvplugin_gd:gdft.o
 0001:0000f290       _getWinFontPath            64390290 f   libgvplugin_gd:gdft.o
 0001:0000f330       _chkWinFontPath            64390330 f   libgvplugin_gd:gdft.o
 0001:0000fe00       _HWB_Diff                  64390e00 f   libgvplugin_gd:gd.o
 0001:0000ff20       _RGB_to_HWB                64390f20 f   libgvplugin_gd:gd.o
 0001:000109a0       _gdImageBrushApply         643919a0 f   libgvplugin_gd:gd.o
 0001:00010cd0       _gdImageTileApply          64391cd0 f   libgvplugin_gd:gd.o
 0001:000114a0       _clip_1d                   643924a0 f   libgvplugin_gd:gd.o
 0001:000116c0       _gdImageHLine              643926c0 f   libgvplugin_gd:gd.o
 0001:00011760       _gdImageVLine              64392760 f   libgvplugin_gd:gd.o
 0001:00011ba0       _dashedSet                 64392ba0 f   libgvplugin_gd:gd.o
 0001:00012090       _strlen16                  64393090 f   libgvplugin_gd:gd.o
 0001:00013210       _gdImageTileGet            64394210 f   libgvplugin_gd:gd.o
 0001:000161f0       _gdImageAALine             643971f0 f   libgvplugin_gd:gd.o
 0001:00016500       _gdImageSetAAPixelColor    64397500 f   libgvplugin_gd:gd.o
 0001:000166c0       _gd_format                 643976c0 f   libgvplugin_gd:gvdevice_gd.o
 0001:000168a0       _gd_loadimage_gd           643978a0 f   libgvplugin_gd:gvloadimage_gd.o
 0001:00016b80       _gd_loadimage              64397b80 f   libgvplugin_gd:gvloadimage_gd.o
 0001:00016cc0       _gd_freeimage              64397cc0 f   libgvplugin_gd:gvloadimage_gd.o
 0001:00016ce0       _gd_loadimage_ps           64397ce0 f   libgvplugin_gd:gvloadimage_gd.o
 0001:00016f90       _gd_textlayout             64397f90 f   libgvplugin_gd:gvtextlayout_gd.o
 0001:00017140       _vrml_begin_page           64398140 f   libgvplugin_gd:gvrender_gd_vrml.o
 0001:000171f0       _vrml_end_page             643981f0 f   libgvplugin_gd:gvrender_gd_vrml.o
 0001:00017320       _vrml_begin_node           64398320 f   libgvplugin_gd:gvrender_gd_vrml.o
 0001:00017440       _nodefile                  64398440 f   libgvplugin_gd:gvrender_gd_vrml.o
 0001:000174a0       _nodefilename              643984a0 f   libgvplugin_gd:gvrender_gd_vrml.o
 0001:00017510       _gdirname                  64398510 f   libgvplugin_gd:gvrender_gd_vrml.o
 0001:00017600       _vrml_end_node             64398600 f   libgvplugin_gd:gvrender_gd_vrml.o
 0001:00017650       _vrml_begin_edge           64398650 f   libgvplugin_gd:gvrender_gd_vrml.o
 0001:000176c0       _vrml_end_edge             643986c0 f   libgvplugin_gd:gvrender_gd_vrml.o
 0001:00017700       _finishSegment             64398700 f   libgvplugin_gd:gvrender_gd_vrml.o
 0001:000178e0       _vrml_textpara             643988e0 f   libgvplugin_gd:gvrender_gd_vrml.o
 0001:00017a80       _vrml_node_point           64398a80 f   libgvplugin_gd:gvrender_gd_vrml.o
 0001:00017b60       _color_index               64398b60 f   libgvplugin_gd:gvrender_gd_vrml.o
 0001:00017bc0       _vrml_bezier               64398bc0 f   libgvplugin_gd:gvrender_gd_vrml.o
 0001:00017fb0       _interpolate_zcoord        64398fb0 f   libgvplugin_gd:gvrender_gd_vrml.o
 0001:000180b0       _straight                  643990b0 f   libgvplugin_gd:gvrender_gd_vrml.o
 0001:00018100       _collinear                 64399100 f   libgvplugin_gd:gvrender_gd_vrml.o
 0001:000181b0       _doSegment                 643991b0 f   libgvplugin_gd:gvrender_gd_vrml.o
 0001:00018410       _vrml_polygon              64399410 f   libgvplugin_gd:gvrender_gd_vrml.o
 0001:00018b10       _set_penstyle              64399b10 f   libgvplugin_gd:gvrender_gd_vrml.o
 0001:00018d10       _doArrowhead               64399d10 f   libgvplugin_gd:gvrender_gd_vrml.o
 0001:00019020       _vrml_ellipse              6439a020 f   libgvplugin_gd:gvrender_gd_vrml.o
 0001:00019680       _doSphere                  6439a680 f   libgvplugin_gd:gvrender_gd_vrml.o
 0001:00019870       _vrml_polyline             6439a870 f   libgvplugin_gd:gvrender_gd_vrml.o
 0001:00019880       _gdgen_resolve_color       6439a880 f   libgvplugin_gd:gvrender_gd.o
 0001:00019910       _gdgen_begin_page          6439a910 f   libgvplugin_gd:gvrender_gd.o
 0001:00019d00       _gdgen_end_page            6439ad00 f   libgvplugin_gd:gvrender_gd.o
 0001:0001a140       _gdgen_missingfont         6439b140 f   libgvplugin_gd:gvrender_gd.o
 0001:0001a1b0       _gdgen_textpara            6439b1b0 f   libgvplugin_gd:gvrender_gd.o
 0001:0001a370       _gdgen_bezier              6439b370 f   libgvplugin_gd:gvrender_gd.o
 0001:0001a830       _gdgen_set_penstyle        6439b830 f   libgvplugin_gd:gvrender_gd.o
 0001:0001aa10       _gdgen_polygon             6439ba10 f   libgvplugin_gd:gvrender_gd.o
 0001:0001ac20       _gdgen_ellipse             6439bc20 f   libgvplugin_gd:gvrender_gd.o
 0001:0001aef0       _gdgen_polyline            6439bef0 f   libgvplugin_gd:gvrender_gd.o
 0001:0001b26c       _pre_c_init                6439c26c f   msvcrt:crtdll.obj
 0001:0001b458       ___DllMainCRTStartup       6439c458 f   msvcrt:crtdll.obj
 0001:0001bb1c       _has_osfxsr_set            6439cb1c f   msvcrt:cpu_disp.obj
