 gvplugin_pango

 Timestamp is 48752c7f (Wed Jul 09 17:24:15 2008)

 Preferred load address is 66fc0000

 Start         Length     Name                   Class
 0001:00000000 0000200eH .text                   CODE
 0002:00000000 000001d8H .idata$5                DATA
 0002:000001d8 00000004H .CRT$XCA                DATA
 0002:000001dc 00000004H .CRT$XCZ                DATA
 0002:000001e0 00000004H .CRT$XIA                DATA
 0002:000001e4 00000004H .CRT$XIAA               DATA
 0002:000001e8 00000004H .CRT$XIC                DATA
 0002:000001ec 00000004H .CRT$XIZ                DATA
 0002:000001f0 000000b0H .rdata                  DATA
 0002:000002a0 00000004H .rdata$sxdata           DATA
 0002:000002a4 00000004H .rtc$IAA                DATA
 0002:000002a8 00000004H .rtc$IZZ                DATA
 0002:000002ac 00000004H .rtc$TAA                DATA
 0002:000002b0 00000004H .rtc$TZZ                DATA
 0002:000002b8 00000084H .xdata$x                DATA
 0002:0000033c 000000a0H .idata$2                DATA
 0002:000003dc 00000014H .idata$3                DATA
 0002:000003f0 000001d8H .idata$4                DATA
 0002:000005c8 00000a5cH .idata$6                DATA
 0002:00001030 000000e3H .edata                  DATA
 0003:00000000 000005a0H .data                   DATA
 0003:000005a0 00000768H .bss                    DATA

  Address         Publics by Value              Rva+Base       Lib:Object

 0000:00000000       __except_list              00000000     <absolute>
 0000:00000001       ___safe_se_handler_count   00000001     <absolute>
 0000:00009876       __ldused                   00009876     <absolute>
 0000:00009876       __fltused                  00009876     <absolute>
 0000:00000000       ___ImageBase               66fc0000     <linker-defined>
 0001:00001554       _gvusershape_file_release  66fc2554 f   gvc:gvc.dll
 0001:0000155a       _gvusershape_file_access   66fc255a f   gvc:gvc.dll
 0001:00001560       _psfontResolve             66fc2560 f   gvc:gvc.dll
 0001:00001566       _gvdevice_write            66fc2566 f   gvc:gvc.dll
 0001:0000156c       _cairo_restore             66fc256c f   cairo:libcairo-2.dll
 0001:00001572       _cairo_paint               66fc2572 f   cairo:libcairo-2.dll
 0001:00001578       _cairo_set_source_surface  66fc2578 f   cairo:libcairo-2.dll
 0001:0000157e       _cairo_scale               66fc257e f   cairo:libcairo-2.dll
 0001:00001584       _cairo_translate           66fc2584 f   cairo:libcairo-2.dll
 0001:0000158a       _cairo_save                66fc258a f   cairo:libcairo-2.dll
 0001:00001590       _cairo_surface_reference   66fc2590 f   cairo:libcairo-2.dll
 0001:00001596       _cairo_image_surface_create_from_png_stream 66fc2596 f   cairo:libcairo-2.dll
 0001:0000159c       _cairo_destroy             66fc259c f   cairo:libcairo-2.dll
 0001:000015a2       _cairo_image_surface_get_data 66fc25a2 f   cairo:libcairo-2.dll
 0001:000015a8       _cairo_image_surface_get_stride 66fc25a8 f   cairo:libcairo-2.dll
 0001:000015ae       _cairo_image_surface_get_height 66fc25ae f   cairo:libcairo-2.dll
 0001:000015b4       _cairo_image_surface_get_width 66fc25b4 f   cairo:libcairo-2.dll
 0001:000015ba       _cairo_image_surface_get_format 66fc25ba f   cairo:libcairo-2.dll
 0001:000015c0       _cairo_font_options_set_subpixel_order 66fc25c0 f   cairo:libcairo-2.dll
 0001:000015c6       _cairo_font_options_set_hint_metrics 66fc25c6 f   cairo:libcairo-2.dll
 0001:000015cc       _cairo_font_options_set_hint_style 66fc25cc f   cairo:libcairo-2.dll
 0001:000015d2       _cairo_font_options_set_antialias 66fc25d2 f   cairo:libcairo-2.dll
 0001:000015d8       _cairo_font_options_create 66fc25d8 f   cairo:libcairo-2.dll
 0001:000015de       _cairo_clip                66fc25de f   cairo:libcairo-2.dll
 0001:000015e4       _cairo_rectangle           66fc25e4 f   cairo:libcairo-2.dll
 0001:000015ea       _cairo_rotate              66fc25ea f   cairo:libcairo-2.dll
 0001:000015f0       _cairo_create              66fc25f0 f   cairo:libcairo-2.dll
 0001:000015f6       _cairo_surface_destroy     66fc25f6 f   cairo:libcairo-2.dll
 0001:000015fc       _cairo_status_to_string    66fc25fc f   cairo:libcairo-2.dll
 0001:00001602       _cairo_surface_status      66fc2602 f   cairo:libcairo-2.dll
 0001:00001608       _cairo_image_surface_create 66fc2608 f   cairo:libcairo-2.dll
 0001:0000160e       _cairo_svg_surface_create_for_stream 66fc260e f   cairo:libcairo-2.dll
 0001:00001614       _cairo_pdf_surface_create_for_stream 66fc2614 f   cairo:libcairo-2.dll
 0001:0000161a       _cairo_ps_surface_create_for_stream 66fc261a f   cairo:libcairo-2.dll
 0001:00001620       _cairo_surface_finish      66fc2620 f   cairo:libcairo-2.dll
 0001:00001626       _cairo_show_page           66fc2626 f   cairo:libcairo-2.dll
 0001:0000162c       _cairo_surface_write_to_png_stream 66fc262c f   cairo:libcairo-2.dll
 0001:00001632       _cairo_get_target          66fc2632 f   cairo:libcairo-2.dll
 0001:00001638       _cairo_move_to             66fc2638 f   cairo:libcairo-2.dll
 0001:0000163e       _cairo_set_dash            66fc263e f   cairo:libcairo-2.dll
 0001:00001644       _cairo_set_source_rgba     66fc2644 f   cairo:libcairo-2.dll
 0001:0000164a       _cairo_stroke              66fc264a f   cairo:libcairo-2.dll
 0001:00001650       _cairo_fill_preserve       66fc2650 f   cairo:libcairo-2.dll
 0001:00001656       _cairo_set_matrix          66fc2656 f   cairo:libcairo-2.dll
 0001:0000165c       _cairo_close_path          66fc265c f   cairo:libcairo-2.dll
 0001:00001662       _cairo_arc                 66fc2662 f   cairo:libcairo-2.dll
 0001:00001668       _cairo_get_matrix          66fc2668 f   cairo:libcairo-2.dll
 0001:0000166e       _cairo_set_line_width      66fc266e f   cairo:libcairo-2.dll
 0001:00001674       _cairo_line_to             66fc2674 f   cairo:libcairo-2.dll
 0001:0000167a       _cairo_curve_to            66fc267a f   cairo:libcairo-2.dll
 0001:00001680       _pango_layout_iter_free    66fc2680 f   pango-1.0:libpango-1.0-0.dll
 0001:00001686       _pango_layout_iter_get_baseline 66fc2686 f   pango-1.0:libpango-1.0-0.dll
 0001:0000168c       _pango_layout_get_iter     66fc268c f   pango-1.0:libpango-1.0-0.dll
 0001:00001692       _pango_layout_get_extents  66fc2692 f   pango-1.0:libpango-1.0-0.dll
 0001:00001698       _pango_layout_set_font_description 66fc2698 f   pango-1.0:libpango-1.0-0.dll
 0001:0000169e       _pango_layout_set_text     66fc269e f   pango-1.0:libpango-1.0-0.dll
 0001:000016a4       _pango_layout_new          66fc26a4 f   pango-1.0:libpango-1.0-0.dll
 0001:000016aa       _pango_font_description_to_string 66fc26aa f   pango-1.0:libpango-1.0-0.dll
 0001:000016b0       _pango_font_describe       66fc26b0 f   pango-1.0:libpango-1.0-0.dll
 0001:000016b6       _pango_font_map_load_font  66fc26b6 f   pango-1.0:libpango-1.0-0.dll
 0001:000016bc       _pango_font_description_set_size 66fc26bc f   pango-1.0:libpango-1.0-0.dll
 0001:000016c2       _pango_font_description_from_string 66fc26c2 f   pango-1.0:libpango-1.0-0.dll
 0001:000016c8       _pango_font_description_free 66fc26c8 f   pango-1.0:libpango-1.0-0.dll
 0001:000016ce       _pango_cairo_context_set_font_options 66fc26ce f   pangocairo-1.0:libpangocairo-1.0-0.dll
 0001:000016d4       _pango_cairo_font_map_create_context 66fc26d4 f   pangocairo-1.0:libpangocairo-1.0-0.dll
 0001:000016da       _pango_cairo_font_map_get_type 66fc26da f   pangocairo-1.0:libpangocairo-1.0-0.dll
 0001:000016e0       _pango_cairo_font_map_get_default 66fc26e0 f   pangocairo-1.0:libpangocairo-1.0-0.dll
 0001:000016e6       _pango_cairo_show_layout   66fc26e6 f   pangocairo-1.0:libpangocairo-1.0-0.dll
 0001:000016ec       _g_type_name               66fc26ec f   gobject-2.0:libgobject-2.0-0.dll
 0001:000016f2       _g_object_unref            66fc26f2 f   gobject-2.0:libgobject-2.0-0.dll
 0001:000016f8       _g_type_check_instance_cast 66fc26f8 f   gobject-2.0:libgobject-2.0-0.dll
 0001:000016fe       _g_free                    66fc26fe f   glib-2.0:libglib-2.0-0.dll
 0001:00001751       __CRT_INIT@12              66fc2751 f   msvcrt:crtdll.obj
 0001:00001a06       __DllMainCRTStartup@12     66fc2a06 f   msvcrt:crtdll.obj
 0001:00001a30       __ftol2_sse                66fc2a30 f   msvcrt:ftol2.obj
 0001:00001a39       __ftol2_pentium4           66fc2a39 f   msvcrt:ftol2.obj
 0001:00001a4c       __ftol2_sse_excpt          66fc2a4c f   msvcrt:ftol2.obj
 0001:00001a66       __ftol2                    66fc2a66 f   msvcrt:ftol2.obj
 0001:00001adc       _strcat                    66fc2adc f   msvcrt:MSVCR80.dll
 0001:00001ae2       _strcmp                    66fc2ae2 f   msvcrt:MSVCR80.dll
 0001:00001ae8       ___clean_type_info_names   66fc2ae8 f   msvcrt:tncleanup.obj
 0001:00001af4       __onexit                   66fc2af4 f   msvcrt:atonexit.obj
 0001:00001b93       _atexit                    66fc2b93 f   msvcrt:atonexit.obj
 0001:00001ba5       __RTC_Initialize           66fc2ba5 f   msvcrt:initsect.obj
 0001:00001bc9       __RTC_Terminate            66fc2bc9 f   msvcrt:initsect.obj
 0001:00001bf0       __ValidateImageBase        66fc2bf0 f   msvcrt:pesect.obj
 0001:00001c20       __FindPESection            66fc2c20 f   msvcrt:pesect.obj
 0001:00001c62       __IsNonwritableInCurrentImage 66fc2c62 f   msvcrt:pesect.obj
 0001:00001cce       __initterm                 66fc2cce f   msvcrt:MSVCR80.dll
 0001:00001cd4       __initterm_e               66fc2cd4 f   msvcrt:MSVCR80.dll
 0001:00001cda       __amsg_exit                66fc2cda f   msvcrt:MSVCR80.dll
 0001:00001ce0       ___CppXcptFilter           66fc2ce0 f   msvcrt:MSVCR80.dll
 0001:00001ce6       _DllMain@12                66fc2ce6 f   msvcrt:dllmain.obj
 0001:00001d08       __SEH_prolog4              66fc2d08 f   msvcrt:sehprolg4.obj
 0001:00001d4d       __SEH_epilog4              66fc2d4d f   msvcrt:sehprolg4.obj
 0001:00001d61       __except_handler4          66fc2d61 f   msvcrt:chandler4gs.obj
 0001:00001d84       ___security_init_cookie    66fc2d84 f   msvcrt:gs_support.obj
 0001:00001e68       __get_sse2_info            66fc2e68 f   msvcrt:cpu_disp.obj
 0001:00001ec8       ___sse2_available_init     66fc2ec8 f   msvcrt:cpu_disp.obj
 0001:00001ed6       ___clean_type_info_names_internal 66fc2ed6 f   msvcrt:MSVCR80.dll
 0001:00001edc       __unlock                   66fc2edc f   msvcrt:MSVCR80.dll
 0001:00001ee2       ___dllonexit               66fc2ee2 f   msvcrt:MSVCR80.dll
 0001:00001ee8       __lock                     66fc2ee8 f   msvcrt:MSVCR80.dll
 0001:00001eee       @__security_check_cookie@4 66fc2eee f   msvcrt:secchk.obj
 0001:00001efe       __except_handler4_common   66fc2efe f   msvcrt:MSVCR80.dll
 0001:00001f04       ___report_gsfailure        66fc2f04 f   msvcrt:gs_report.obj
 0001:00002008       __crt_debugger_hook        66fc3008 f   msvcrt:MSVCR80.dll
 0002:00000000       __imp__Sleep@4             66fc4000     KERNEL32:KERNEL32.dll
 0002:00000004       __imp__InterlockedCompareExchange@12 66fc4004     KERNEL32:KERNEL32.dll
 0002:00000008       __imp__DisableThreadLibraryCalls@4 66fc4008     KERNEL32:KERNEL32.dll
 0002:0000000c       __imp__QueryPerformanceCounter@4 66fc400c     KERNEL32:KERNEL32.dll
 0002:00000010       __imp__IsDebuggerPresent@0 66fc4010     KERNEL32:KERNEL32.dll
 0002:00000014       __imp__SetUnhandledExceptionFilter@4 66fc4014     KERNEL32:KERNEL32.dll
 0002:00000018       __imp__UnhandledExceptionFilter@4 66fc4018     KERNEL32:KERNEL32.dll
 0002:0000001c       __imp__GetCurrentProcess@0 66fc401c     KERNEL32:KERNEL32.dll
 0002:00000020       __imp__TerminateProcess@8  66fc4020     KERNEL32:KERNEL32.dll
 0002:00000024       __imp__GetSystemTimeAsFileTime@4 66fc4024     KERNEL32:KERNEL32.dll
 0002:00000028       __imp__GetCurrentProcessId@0 66fc4028     KERNEL32:KERNEL32.dll
 0002:0000002c       __imp__GetCurrentThreadId@0 66fc402c     KERNEL32:KERNEL32.dll
 0002:00000030       __imp__GetTickCount@0      66fc4030     KERNEL32:KERNEL32.dll
 0002:00000034       __imp__InterlockedExchange@8 66fc4034     KERNEL32:KERNEL32.dll
 0002:00000038       \177KERNEL32_NULL_THUNK_DATA 66fc4038     KERNEL32:KERNEL32.dll
 0002:0000003c       __imp__fread               66fc403c     msvcrt:MSVCR80.dll
 0002:00000040       __imp__feof                66fc4040     msvcrt:MSVCR80.dll
 0002:00000044       __imp__fprintf             66fc4044     msvcrt:MSVCR80.dll
 0002:00000048       __imp__strcat              66fc4048     msvcrt:MSVCR80.dll
 0002:0000004c       __imp___crt_debugger_hook  66fc404c     msvcrt:MSVCR80.dll
 0002:00000050       __imp___except_handler4_common 66fc4050     msvcrt:MSVCR80.dll
 0002:00000054       __imp___onexit             66fc4054     msvcrt:MSVCR80.dll
 0002:00000058       __imp___lock               66fc4058     msvcrt:MSVCR80.dll
 0002:0000005c       __imp____dllonexit         66fc405c     msvcrt:MSVCR80.dll
 0002:00000060       __imp___unlock             66fc4060     msvcrt:MSVCR80.dll
 0002:00000064       __imp____clean_type_info_names_internal 66fc4064     msvcrt:MSVCR80.dll
 0002:00000068       __imp____CppXcptFilter     66fc4068     msvcrt:MSVCR80.dll
 0002:0000006c       __imp___adjust_fdiv        66fc406c     msvcrt:MSVCR80.dll
 0002:00000070       __imp___amsg_exit          66fc4070     msvcrt:MSVCR80.dll
 0002:00000074       __imp___initterm_e         66fc4074     msvcrt:MSVCR80.dll
 0002:00000078       __imp___initterm           66fc4078     msvcrt:MSVCR80.dll
 0002:0000007c       __imp___decode_pointer     66fc407c     msvcrt:MSVCR80.dll
 0002:00000080       __imp__free                66fc4080     msvcrt:MSVCR80.dll
 0002:00000084       __imp___encoded_null       66fc4084     msvcrt:MSVCR80.dll
 0002:00000088       __imp___malloc_crt         66fc4088     msvcrt:MSVCR80.dll
 0002:0000008c       __imp___encode_pointer     66fc408c     msvcrt:MSVCR80.dll
 0002:00000090       __imp____iob_func          66fc4090     msvcrt:MSVCR80.dll
 0002:00000094       __imp__strcmp              66fc4094     msvcrt:MSVCR80.dll
 0002:00000098       __imp___wassert            66fc4098     msvcrt:MSVCR80.dll
 0002:0000009c       \177MSVCR80_NULL_THUNK_DATA 66fc409c     msvcrt:MSVCR80.dll
 0002:000000a0       __imp__psfontResolve       66fc40a0     gvc:gvc.dll
 0002:000000a4       __imp__gvusershape_file_access 66fc40a4     gvc:gvc.dll
 0002:000000a8       __imp__gvdevice_write      66fc40a8     gvc:gvc.dll
 0002:000000ac       __imp__gvusershape_file_release 66fc40ac     gvc:gvc.dll
 0002:000000b0       \177gvc_NULL_THUNK_DATA    66fc40b0     gvc:gvc.dll
 0002:000000b4       __imp__cairo_close_path    66fc40b4     cairo:libcairo-2.dll
 0002:000000b8       __imp__cairo_arc           66fc40b8     cairo:libcairo-2.dll
 0002:000000bc       __imp__cairo_get_matrix    66fc40bc     cairo:libcairo-2.dll
 0002:000000c0       __imp__cairo_set_line_width 66fc40c0     cairo:libcairo-2.dll
 0002:000000c4       __imp__cairo_line_to       66fc40c4     cairo:libcairo-2.dll
 0002:000000c8       __imp__cairo_curve_to      66fc40c8     cairo:libcairo-2.dll
 0002:000000cc       __imp__cairo_restore       66fc40cc     cairo:libcairo-2.dll
 0002:000000d0       __imp__cairo_paint         66fc40d0     cairo:libcairo-2.dll
 0002:000000d4       __imp__cairo_set_source_surface 66fc40d4     cairo:libcairo-2.dll
 0002:000000d8       __imp__cairo_scale         66fc40d8     cairo:libcairo-2.dll
 0002:000000dc       __imp__cairo_translate     66fc40dc     cairo:libcairo-2.dll
 0002:000000e0       __imp__cairo_save          66fc40e0     cairo:libcairo-2.dll
 0002:000000e4       __imp__cairo_surface_reference 66fc40e4     cairo:libcairo-2.dll
 0002:000000e8       __imp__cairo_set_matrix    66fc40e8     cairo:libcairo-2.dll
 0002:000000ec       __imp__cairo_image_surface_create_from_png_stream 66fc40ec     cairo:libcairo-2.dll
 0002:000000f0       __imp__cairo_destroy       66fc40f0     cairo:libcairo-2.dll
 0002:000000f4       __imp__cairo_image_surface_get_data 66fc40f4     cairo:libcairo-2.dll
 0002:000000f8       __imp__cairo_image_surface_get_stride 66fc40f8     cairo:libcairo-2.dll
 0002:000000fc       __imp__cairo_image_surface_get_height 66fc40fc     cairo:libcairo-2.dll
 0002:00000100       __imp__cairo_image_surface_get_width 66fc4100     cairo:libcairo-2.dll
 0002:00000104       __imp__cairo_image_surface_get_format 66fc4104     cairo:libcairo-2.dll
 0002:00000108       __imp__cairo_font_options_set_subpixel_order 66fc4108     cairo:libcairo-2.dll
 0002:0000010c       __imp__cairo_font_options_set_hint_metrics 66fc410c     cairo:libcairo-2.dll
 0002:00000110       __imp__cairo_font_options_set_hint_style 66fc4110     cairo:libcairo-2.dll
 0002:00000114       __imp__cairo_font_options_set_antialias 66fc4114     cairo:libcairo-2.dll
 0002:00000118       __imp__cairo_font_options_create 66fc4118     cairo:libcairo-2.dll
 0002:0000011c       __imp__cairo_clip          66fc411c     cairo:libcairo-2.dll
 0002:00000120       __imp__cairo_rectangle     66fc4120     cairo:libcairo-2.dll
 0002:00000124       __imp__cairo_rotate        66fc4124     cairo:libcairo-2.dll
 0002:00000128       __imp__cairo_create        66fc4128     cairo:libcairo-2.dll
 0002:0000012c       __imp__cairo_surface_destroy 66fc412c     cairo:libcairo-2.dll
 0002:00000130       __imp__cairo_status_to_string 66fc4130     cairo:libcairo-2.dll
 0002:00000134       __imp__cairo_fill_preserve 66fc4134     cairo:libcairo-2.dll
 0002:00000138       __imp__cairo_stroke        66fc4138     cairo:libcairo-2.dll
 0002:0000013c       __imp__cairo_set_source_rgba 66fc413c     cairo:libcairo-2.dll
 0002:00000140       __imp__cairo_set_dash      66fc4140     cairo:libcairo-2.dll
 0002:00000144       __imp__cairo_move_to       66fc4144     cairo:libcairo-2.dll
 0002:00000148       __imp__cairo_get_target    66fc4148     cairo:libcairo-2.dll
 0002:0000014c       __imp__cairo_surface_write_to_png_stream 66fc414c     cairo:libcairo-2.dll
 0002:00000150       __imp__cairo_show_page     66fc4150     cairo:libcairo-2.dll
 0002:00000154       __imp__cairo_surface_finish 66fc4154     cairo:libcairo-2.dll
 0002:00000158       __imp__cairo_ps_surface_create_for_stream 66fc4158     cairo:libcairo-2.dll
 0002:0000015c       __imp__cairo_pdf_surface_create_for_stream 66fc415c     cairo:libcairo-2.dll
 0002:00000160       __imp__cairo_svg_surface_create_for_stream 66fc4160     cairo:libcairo-2.dll
 0002:00000164       __imp__cairo_image_surface_create 66fc4164     cairo:libcairo-2.dll
 0002:00000168       __imp__cairo_surface_status 66fc4168     cairo:libcairo-2.dll
 0002:0000016c       \177libcairo-2_NULL_THUNK_DATA 66fc416c     cairo:libcairo-2.dll
 0002:00000170       __imp__g_free              66fc4170     glib-2.0:libglib-2.0-0.dll
 0002:00000174       \177libglib-2.0-0_NULL_THUNK_DATA 66fc4174     glib-2.0:libglib-2.0-0.dll
 0002:00000178       __imp__g_type_check_instance_cast 66fc4178     gobject-2.0:libgobject-2.0-0.dll
 0002:0000017c       __imp__g_object_unref      66fc417c     gobject-2.0:libgobject-2.0-0.dll
 0002:00000180       __imp__g_type_name         66fc4180     gobject-2.0:libgobject-2.0-0.dll
 0002:00000184       \177libgobject-2.0-0_NULL_THUNK_DATA 66fc4184     gobject-2.0:libgobject-2.0-0.dll
 0002:00000188       __imp__pango_layout_iter_free 66fc4188     pango-1.0:libpango-1.0-0.dll
 0002:0000018c       __imp__pango_layout_iter_get_baseline 66fc418c     pango-1.0:libpango-1.0-0.dll
 0002:00000190       __imp__pango_layout_get_iter 66fc4190     pango-1.0:libpango-1.0-0.dll
 0002:00000194       __imp__pango_layout_get_extents 66fc4194     pango-1.0:libpango-1.0-0.dll
 0002:00000198       __imp__pango_layout_set_font_description 66fc4198     pango-1.0:libpango-1.0-0.dll
 0002:0000019c       __imp__pango_layout_set_text 66fc419c     pango-1.0:libpango-1.0-0.dll
 0002:000001a0       __imp__pango_font_description_free 66fc41a0     pango-1.0:libpango-1.0-0.dll
 0002:000001a4       __imp__pango_font_description_from_string 66fc41a4     pango-1.0:libpango-1.0-0.dll
 0002:000001a8       __imp__pango_font_description_set_size 66fc41a8     pango-1.0:libpango-1.0-0.dll
 0002:000001ac       __imp__pango_font_map_load_font 66fc41ac     pango-1.0:libpango-1.0-0.dll
 0002:000001b0       __imp__pango_font_describe 66fc41b0     pango-1.0:libpango-1.0-0.dll
 0002:000001b4       __imp__pango_layout_new    66fc41b4     pango-1.0:libpango-1.0-0.dll
 0002:000001b8       __imp__pango_font_description_to_string 66fc41b8     pango-1.0:libpango-1.0-0.dll
 0002:000001bc       \177libpango-1.0-0_NULL_THUNK_DATA 66fc41bc     pango-1.0:libpango-1.0-0.dll
 0002:000001c0       __imp__pango_cairo_font_map_get_type 66fc41c0     pangocairo-1.0:libpangocairo-1.0-0.dll
 0002:000001c4       __imp__pango_cairo_font_map_get_default 66fc41c4     pangocairo-1.0:libpangocairo-1.0-0.dll
 0002:000001c8       __imp__pango_cairo_show_layout 66fc41c8     pangocairo-1.0:libpangocairo-1.0-0.dll
 0002:000001cc       __imp__pango_cairo_font_map_create_context 66fc41cc     pangocairo-1.0:libpangocairo-1.0-0.dll
 0002:000001d0       __imp__pango_cairo_context_set_font_options 66fc41d0     pangocairo-1.0:libpangocairo-1.0-0.dll
 0002:000001d4       \177libpangocairo-1.0-0_NULL_THUNK_DATA 66fc41d4     pangocairo-1.0:libpangocairo-1.0-0.dll
 0002:000001d8       ___xc_a                    66fc41d8     msvcrt:cinitexe.obj
 0002:000001dc       ___xc_z                    66fc41dc     msvcrt:cinitexe.obj
 0002:000001e0       ___xi_a                    66fc41e0     msvcrt:cinitexe.obj
 0002:000001ec       ___xi_z                    66fc41ec     msvcrt:cinitexe.obj
 0002:000001f0       __real@3fe0000000000000    66fc41f0     libgvplugin_pango:gvloadimage_pango.o
 0002:000001f8       __real@0000000000000000    66fc41f8     libgvplugin_pango:gvloadimage_pango.o
 0002:00000200       __real@3fb999999999999a    66fc4200     libgvplugin_pango:gvtextlayout_pango.o
 0002:00000208       __real@3f48000000000000    66fc4208     libgvplugin_pango:gvtextlayout_pango.o
 0002:00000210       __real@4090000000000000    66fc4210     libgvplugin_pango:gvtextlayout_pango.o
 0002:00000218       __real@4066800000000000    66fc4218     libgvplugin_pango:gvrender_pango.o
 0002:00000220       __real@400921fb54442d18    66fc4220     libgvplugin_pango:gvrender_pango.o
 0002:00000228       __real@3fe8000000000000    66fc4228     libgvplugin_pango:gvrender_pango.o
 0002:00000230       __real@4000000000000000    66fc4230     libgvplugin_pango:gvrender_pango.o
 0002:00000238       __real@401921fb54442d18    66fc4238     libgvplugin_pango:gvrender_pango.o
 0002:00000240       __real@3ff0000000000000    66fc4240     libgvplugin_pango:gvrender_pango.o
 0002:00000248       __pDefaultRawDllMain       66fc4248     msvcrt:crtdll.obj
 0002:00000248       __pRawDllMain              66fc4248     msvcrt:crtdll.obj
 0002:00000258       __load_config_used         66fc4258     msvcrt:loadcfg.obj
 0002:000002a0       ___safe_se_handler_table   66fc42a0     <linker-defined>
 0002:000002a4       ___rtc_iaa                 66fc42a4     msvcrt:initsect.obj
 0002:000002a8       ___rtc_izz                 66fc42a8     msvcrt:initsect.obj
 0002:000002ac       ___rtc_taa                 66fc42ac     msvcrt:initsect.obj
 0002:000002b0       ___rtc_tzz                 66fc42b0     msvcrt:initsect.obj
 0002:0000033c       __IMPORT_DESCRIPTOR_gvc    66fc433c     gvc:gvc.dll
 0002:00000350       __IMPORT_DESCRIPTOR_libcairo-2 66fc4350     cairo:libcairo-2.dll
 0002:00000364       __IMPORT_DESCRIPTOR_libpango-1.0-0 66fc4364     pango-1.0:libpango-1.0-0.dll
 0002:00000378       __IMPORT_DESCRIPTOR_libpangocairo-1.0-0 66fc4378     pangocairo-1.0:libpangocairo-1.0-0.dll
 0002:0000038c       __IMPORT_DESCRIPTOR_libgobject-2.0-0 66fc438c     gobject-2.0:libgobject-2.0-0.dll
 0002:000003a0       __IMPORT_DESCRIPTOR_libglib-2.0-0 66fc43a0     glib-2.0:libglib-2.0-0.dll
 0002:000003b4       __IMPORT_DESCRIPTOR_MSVCR80 66fc43b4     msvcrt:MSVCR80.dll
 0002:000003c8       __IMPORT_DESCRIPTOR_KERNEL32 66fc43c8     KERNEL32:KERNEL32.dll
 0002:000003dc       __NULL_IMPORT_DESCRIPTOR   66fc43dc     gvc:gvc.dll
 0003:000001bc       _gvloadimage_pango_types   66fc61bc     libgvplugin_pango:gvloadimage_pango.o
 0003:00000218       _gvtextlayout_pango_types  66fc6218     libgvplugin_pango:gvtextlayout_pango.o
 0003:00000490       _gvrender_pango_types      66fc6490     libgvplugin_pango:gvrender_pango.o
 0003:000004e8       _gvdevice_pango_types      66fc64e8     libgvplugin_pango:gvrender_pango.o
 0003:0000057c       _gvplugin_pango_LTX_library 66fc657c     libgvplugin_pango:gvplugin_pango.o
 0003:00000590       ___native_dllmain_reason   66fc6590     msvcrt:natstart.obj
 0003:00000594       ___native_vcclrit_reason   66fc6594     msvcrt:natstart.obj
 0003:00000598       ___security_cookie         66fc6598     msvcrt:gs_cookie.obj
 0003:0000059c       ___security_cookie_complement 66fc659c     msvcrt:gs_cookie.obj
 0003:000009bc       ?__type_info_root_node@@3U__type_info_node@@A 66fc69bc     msvcrt:tncleanup.obj
 0003:00000cec       ___sse2_available          66fc6cec     <common>
 0003:00000cf0       __adjust_fdiv              66fc6cf0     <common>
 0003:00000cf4       ___native_startup_state    66fc6cf4     <common>
 0003:00000cf8       ___native_startup_lock     66fc6cf8     <common>
 0003:00000cfc       ___onexitend               66fc6cfc     <common>
 0003:00000d00       ___onexitbegin             66fc6d00     <common>
 0003:00000d04       ___dyn_tls_init_callback   66fc6d04     <common>

 entry point at        0001:00001a06

 Static symbols

 0001:00000000       _pango_loadimage_cairo     66fc1000 f   libgvplugin_pango:gvloadimage_pango.o
 0001:00000130       _cairo_loadimage           66fc1130 f   libgvplugin_pango:gvloadimage_pango.o
 0001:00000250       _reader                    66fc1250 f   libgvplugin_pango:gvloadimage_pango.o
 0001:00000290       _cairo_freeimage           66fc1290 f   libgvplugin_pango:gvloadimage_pango.o
 0001:000002b0       _pango_loadimage_ps        66fc12b0 f   libgvplugin_pango:gvloadimage_pango.o
 0001:00000500       _pango_textlayout          66fc1500 f   libgvplugin_pango:gvtextlayout_pango.o
 0001:00000890       _pango_free_layout         66fc1890 f   libgvplugin_pango:gvtextlayout_pango.o
 0001:000008b0       _cairogen_begin_page       66fc18b0 f   libgvplugin_pango:gvrender_pango.o
 0001:00000d60       _writer                    66fc1d60 f   libgvplugin_pango:gvrender_pango.o
 0001:00000d90       _cairogen_end_page         66fc1d90 f   libgvplugin_pango:gvrender_pango.o
 0001:00000ed0       _cairogen_textpara         66fc1ed0 f   libgvplugin_pango:gvrender_pango.o
 0001:00000fe0       _cairogen_set_color        66fc1fe0 f   libgvplugin_pango:gvrender_pango.o
 0001:00001020       _cairogen_ellipse          66fc2020 f   libgvplugin_pango:gvrender_pango.o
 0001:00001180       _cairogen_set_penstyle     66fc2180 f   libgvplugin_pango:gvrender_pango.o
 0001:00001220       _cairogen_polygon          66fc2220 f   libgvplugin_pango:gvrender_pango.o
 0001:00001320       _cairogen_bezier           66fc2320 f   libgvplugin_pango:gvrender_pango.o
 0001:00001470       _cairogen_polyline         66fc2470 f   libgvplugin_pango:gvrender_pango.o
 0001:00001704       _pre_c_init                66fc2704 f   msvcrt:crtdll.obj
 0001:000018f0       ___DllMainCRTStartup       66fc28f0 f   msvcrt:crtdll.obj
 0001:00001e18       _has_osfxsr_set            66fc2e18 f   msvcrt:cpu_disp.obj
